D/EnterpriseController( 1822): netId is 0
D/Netd    ( 1822): getNetworkForDns: using netid 505 for uid 1000
I/PackagesMonitor( 8329): PackagesMonitor onReceive :com.mythHunter.app
D/UserAnalysis.App( 8802): onCreate()
D/UserAnalysis.UserAnalysisBroadcastReceiver( 8802): Intent(action: android.intent.action.PACKAGE_REMOVED) is received.
D/UserAnalysis.App( 8802): no applications having user consent for prediction
E/Zygote  ( 8838): MountEmulatedStorage()
E/Zygote  ( 8838): v2
I/SELinux ( 8838): Function: selinux_compare_spd_ram , priority [2] , priority version is VE=SEPF_SM-G800F_5.1.1_0045
E/SELinux ( 8838): [DEBUG] get_category: variable seinfo: platform sensitivity: NULL, cateogry: NULL
I/DBG_FMMDM(29999): [50.20.150813][Line:529][xdbLawmoGetExtLastLoactionSet] LastLoactionSet : 0
I/DBG_FMMDM(29999): [50.20.150813][Line:360][xlawmoAdpGetLastLocationState] Device LastLocationMode state : 0
I/DBG_FMMDM(29999): [50.20.150813][Line:839][xdmBroadcastBatteryInfo] Battery Flag : 0
I/DBG_FMMDM(29999): [50.20.150813][Line:840][xdmBroadcastBatteryInfo] Battery szBatteryStatus : CHARGING
V/PlaceDetection v1.0.22 ( 8802): [PlaceDetection::stopService] Service stopped.
E/com.facebook.katana:MqttOperationManager(26078): operation/add/duplicate; id=-1, name=PINGRESP
D/TimaKeyStoreProvider( 8838): TimaSignature is unavailable
D/ActivityThread( 8838): Added TimaKeyStore provider
V/PlaceDetection v1.0.22 ( 8802): [PlaceDetectionManager::removeDetectionListener] PlaceDetectionListener removed.
D/USER_AGENT( 8817): UMC/1.4.36 (SM-G800F) SAFE-5.4.1 KNOX-2.4.1 de_AT
D/[0]UMC:AdminManager( 8817): init - start
D/KnoxMUMContainerPolicy( 2365): packageInstalledForExternalStorage com.mythHunter.app
I/Choreographer( 2365): Skipped 32 frames!  The application may be doing too much work on its main thread.
D/lights  ( 2365): led_pattern : 0 +
D/lights  ( 2365): led_pattern : 0 -
E/Zygote  ( 8854): MountEmulatedStorage()
E/Zygote  ( 8854): v2
I/SELinux ( 8854): Function: selinux_compare_spd_ram , priority [2] , priority version is VE=SEPF_SM-G800F_5.1.1_0045
E/SELinux ( 8854): [DEBUG] get_category: variable seinfo: platform sensitivity: NULL, cateogry: NULL
D/AndroidRuntime( 8833): >>>>>> START com.android.internal.os.RuntimeInit uid 2000 <<<<<<
D/TimaKeyStoreProvider( 8854): TimaSignature is unavailable
D/AndroidRuntime( 8833): CheckJNI is OFF
D/AndroidRuntime( 8833): readGMSProperty: start
D/AndroidRuntime( 8833): readGMSProperty: already setted!!
D/AndroidRuntime( 8833): propertySet: couldn't set property (it is from app)
D/AndroidRuntime( 8833): readGMSProperty: could not set the property(default)!!
D/AndroidRuntime( 8833): readGMSProperty: end
D/AndroidRuntime( 8833): addProductProperty: start
D/ActivityThread( 8854): Added TimaKeyStore provider
E/Zygote  ( 8869): MountEmulatedStorage()
E/Zygote  ( 8869): v2
I/SELinux ( 8869): Function: selinux_compare_spd_ram , priority [2] , priority version is VE=SEPF_SM-G800F_5.1.1_0045
E/SELinux ( 8869): [DEBUG] get_category: variable seinfo: platform sensitivity: NULL, cateogry: NULL
I/WifiTrafficPoller( 2365): evaluateTrafficStatsPolling
D/TimaKeyStoreProvider( 8869): TimaSignature is unavailable
D/WifiNative-wlan0( 2365): callSECApiBoolean - ID [11]
I/wpa_supplicant(20491): STOP_PERIODIC_SCAN command
D/ActivityThread( 8869): Added TimaKeyStore provider
E/WifiNative-wlan0( 2365): do suspend false
I/AudioHardwareTinyALSA( 1829): setParameters(screen_state=on)
D/AlarmManagerService( 2365): Kernel timezone updated to -120 minutes west of GMT
D/[0]UMC:AdminManager( 8817): loadAdmins
D/AirplaneModeTile( 2610): onServiceStateChanged(0) : 0
D/AirplaneModeTile( 2610): mPhoneStateListener - inAirplaneMode : false
D/AirplaneModeTile( 2610): Alert Dialog is not showing
D/AirplaneModeTile( 2610):  value : false, DB : 0
D/StatusBar.NetworkController( 2610): onServiceStateChanged voiceState=0 dataState=0
D/StatusBar.NetworkController( 2610): onServiceStateChanged mDataNetType=15
D/StatusBar.NetworkController( 2610): updateTelephonySignalStrength: hasService=true ss=SignalStrength: 16 0 -16 -200 -16 -200 -1 0 2147483647 2147483647 -200 0 2147483647 0x4 gsm|lte
D/StatusBar.NetworkController( 2610): updateTelephonySignalStrength: iconLevel=4
D/StatusBar.NetworkController( 2610): updateTelephonySignalStrength, No signal level. mPhoneSignalIconId = com.android.systemui:drawable/stat_sys_signal_4_auto_rotate mDataSignalIconId = com.android.systemui:drawable/stat_sys_signal_4_auto_rotate mQSPhoneSignalIconId = com.android.systemui:drawable/ic_qs_signal_4 mContentDescriptionPhoneSignal = Volle Signalstärke
D/StatusBar.NetworkController( 2610): getUpdateDataNetType(): 15
D/StatusBar.NetworkController( 2610): updateDataNetType()
D/Mms:transaction( 8349): Service state changed: Bundle[mParcelledData.dataSize=1288]
D/Mms:transaction( 8349): roaming ------> false, mSimSlot = 0
D/Mms:transaction( 8349): roaming -> false (slotId = 0)
D/Mms:transaction( 8349): [NotificationTransaction] getAutoDownloadState simSlot : 0
D/StatusBar.NetworkController( 2610): Nothing, mRoamingIconId = 0
D/ConnectivityManager.CallbackHandler( 2610): CM callback handler got msg 524290
D/Mms:transaction( 8349): auto download without roaming -> true
D/ConnectivityManager.CallbackHandler(20824): CM callback handler got msg 524290
D/Mms:transaction( 8349): [NotificationTransaction] getAutoDownloadState alwaysAuto : false, roaming : false
D/Mms:transaction( 8349): mAutoDownload ------> true
D/ConnectivityManager.CallbackHandler( 8443): CM callback handler got msg 524290
D/ConnectivityManager.CallbackHandler(27714): CM callback handler got msg 524290
D/ConnectivityManager.CallbackHandler( 2610): CM callback handler got msg 524294
E/ConnectivityService( 2365): updateNetworkInfo()
D/ConnectivityService( 2365): updateLinkProperties: newLp = {InterfaceName: rmnet0 LinkAddresses: [10.169.74.109/32,]  Routes: [0.0.0.0/0 -> 10.169.74.1 rmnet0,] DnsAddresses: [213.162.69.1,213.162.69.169,] Domains: null MTU: 0 TcpBufferSizes: 122334,734003,2202010,32040,192239,576717}, oldLp = {InterfaceName: rmnet0 LinkAddresses: [10.169.74.109/32,]  Routes: [0.0.0.0/0 -> 10.169.74.1 rmnet0,] DnsAddresses: [213.162.69.1,213.162.69.169,] Domains: null MTU: 0 TcpBufferSizes: 58254,349525,1048576,58254,349525,1048576}
D/ConnectivityManager.CallbackHandler(20824): CM callback handler got msg 524294
D/ConnectivityManager.CallbackHandler( 8443): CM callback handler got msg 524294
D/StatusBar.NetworkController( 2610): updateDataIcon, mDataDirectionIconId = com.android.systemui:drawable/stat_sys_data_connected_h_plus mDataConnected = true
D/ConnectivityManager.CallbackHandler(27714): CM callback handler got msg 524294
D/StatusBar.NetworkController( 2610): onDataConnectionStateChanged: state=2 type=15
D/StatusBar.NetworkController( 2610): getUpdateDataNetType(): 15
D/StatusBar.NetworkController( 2610): updateDataNetType()
I/SNL     (26096): Proxy service version is 2.7.9.2
I/SNL     (26096): SNL :: p_nc - Call(1)
I/SNL     (26096): SNL :: p_nc - version 0.2.7.9.2
I/SNL     (26096): SNL :: APM::onNotifyNetChange - Guard Locked
I/SNL     (26096): SNL :: APM::onNotifyNetChange - Guard Locked
I/SNL     (26096): SNL :: APM::onNotifyNetChange - end
I/SNL     (26096): SNL :: p_nc - Res()
D/NtpTrustedTime( 2365): currentTimeMillis() cache hit
D/StatusBar.NetworkController( 2610): Nothing, mRoamingIconId = 0
D/StatusBar.NetworkController( 2610): updateDataIcon, mDataDirectionIconId = com.android.systemui:drawable/stat_sys_data_connected_h_plus mDataConnected = true
D/PhoneApp( 2845): PhoneAppBroadcastReceiver onReceive android.intent.action.SERVICE_STATE
D/PhoneMultiSimUtils( 2845): getPhoneBySubId: subId =1
D/NotificationMgr( 2845): updateNetworkSelection()...serviceState = 0 networkSelection:  subId: 1 SimState:5
D/PhoneApp( 2845): PhoneAppBroadcastReceiver onReceive android.intent.action.ANY_DATA_STATE
D/FileWriteThread_Telephony( 2845): FileWriteThread : threadType = 2
D/KidsModeInstallReceiver( 8869): onReceive intent data =  package:com.mythHunter.app
D/[0]UMC:AdminManager( 8817): init - end
D/GSLBManager( 8817): migrateStoredUrlFromOldPref
D/KidsModeInstallReceiver( 8869): Package not found : com.sec.android.app.kidshome
D/KidsModeInstallReceiver( 8869): checkPackage() : kidsHomeVersion :  -1
D/GSLBManager( 8817): migrateStoredUrlFromOldPref : Migration Not Needed
I/FeatureConfig( 8854): init() refresh[false], Select[false], DisplayOrder[false], HelpMenu[false]
D/[0]UMC:CoreReceiver( 8817): Intent : android.intent.action.PACKAGE_REMOVED
D/[0]UMC:CoreReceiver( 8817): PackageName : com.mythHunter.app
D/[0]UMC:CoreReceiver( 8817): Intent Replacing : true
D/StatusBar.NetworkController( 2610): refreshViews connected={ data } level=4 combinedSignalIconId=0x7f02055a/com.android.systemui:drawable/stat_sys_signal_4_auto_rotate mobileLabel=HoT wifiLabel= emergencyOnly=false combinedLabel=HoT mAirplaneMode=false mDataActivity=0 mPhoneSignalIconId=0x7f02055a/com.android.systemui:drawable/stat_sys_signal_4_auto_rotate mQSPhoneSignalIconId=0x7f020156/com.android.systemui:drawable/ic_qs_signal_4 mDataDirectionIconId=0x7f0203b6/com.android.systemui:drawable/stat_sys_data_connected_h_plus mDataSignalIconId=0x7f02055a/com.android.systemui:drawable/stat_sys_signal_4_auto_rotate mDataTypeIconId=0x7f0203b6/com.android.systemui:drawable/stat_sys_data_connected_h_plus mQSDataTypeIconId=0x0/(null) mNoSimIconId=0x0/(null) mWifiIconId=0x0/(null) mQSWifiIconId=0x0/(null) mWifiActivityIconId=0x0/(null) mBluetoothTetherIconId=0x7f0205b6/com.android.systemui:drawable/stat_sys_tether_bluetooth
D/[0]UMC:CoreReceiver( 8817): bulk enrolled package: null
D/[0]UMC:CoreReceiver( 8817): do nothing for UMC Agent : com.mythHunter.app
D/[0]UMC:CoreReceiver( 8817): handleAutoEnrollmentAndUMCAdminDeactivation
D/NtpTrustedTime( 2365): currentTimeMillis() cache hit
E/Zygote  ( 8899): MountEmulatedStorage()
E/Zygote  ( 8899): v2
I/SELinux ( 8899): Function: selinux_compare_spd_ram , priority [2] , priority version is VE=SEPF_SM-G800F_5.1.1_0045
E/SELinux ( 8899): [DEBUG] get_category: variable seinfo: untrusted sensitivity: NULL, cateogry: NULL
D/NtpTrustedTime( 2365): currentTimeMillis() cache hit
D/StatusBar.NetworkController( 2610): refreshNwBoosterIndicator - setNWBoosterIndicators(false)
D/StatusBar.NetworkController( 2610): refreshNwBoosterIndicator - setNWBoosterIndicators(false)
D/StatusBar.NetworkController( 2610): refreshNwBoosterIndicator - setNWBoosterIndicators(false)
D/StatusBar.NetworkController( 2610): refreshNwBoosterIndicator - setNWBoosterIndicators(false)
D/ConnectivityManager.CallbackHandler( 2610): CM callback handler got msg 524295
D/ConnectivityManager.CallbackHandler(20824): CM callback handler got msg 524295
D/ConnectivityService( 2365): Not required to send intent.
D/ConnectivityManager.CallbackHandler(27714): CM callback handler got msg 524295
D/ConnectivityManager.CallbackHandler( 2610): CM callback handler got msg 524295
D/NtpTrustedTime( 2365): currentTimeMillis() cache hit
D/ConnectivityManager.CallbackHandler(20824): CM callback handler got msg 524295
D/ConnectivityManager.CallbackHandler( 8443): CM callback handler got msg 524295
E/Zygote  ( 8913): MountEmulatedStorage()
E/Zygote  ( 8913): v2
I/SELinux ( 8913): Function: selinux_compare_spd_ram , priority [2] , priority version is VE=SEPF_SM-G800F_5.1.1_0045
D/ConnectivityManager.CallbackHandler(27714): CM callback handler got msg 524295
D/TimaKeyStoreProvider( 8899): TimaSignature is unavailable
D/ActivityThread( 8899): Added TimaKeyStore provider
E/SELinux ( 8913): [DEBUG] get_category: variable seinfo: release sensitivity: NULL, cateogry: NULL
D/TimaKeyStoreProvider( 8913): TimaSignature is unavailable
D/ActivityThread( 8913): Added TimaKeyStore provider
D/ConnectivityManager.CallbackHandler( 8443): CM callback handler got msg 524295
D/KidsPlatformStub( 8869): Package not found : com.sec.android.app.kidshome
E/Zygote  ( 8929): MountEmulatedStorage()
E/Zygote  ( 8929): v2
I/SELinux ( 8929): Function: selinux_compare_spd_ram , priority [2] , priority version is VE=SEPF_SM-G800F_5.1.1_0045
E/SELinux ( 8929): [DEBUG] get_category: variable seinfo: platform sensitivity: NULL, cateogry: NULL
D/TimaKeyStoreProvider( 8929): TimaSignature is unavailable
D/ActivityThread( 8929): Added TimaKeyStore provider
D/Compatibility( 8913): onReceive() it will make start service
D/Compatibility( 8913): onHandleIntent()
D/Compatibility( 8913): intentservice saw: Intent { act=android.intent.action.PACKAGE_REMOVED dat=package:com.mythHunter.app flg=0x4000010 cmp=com.sec.android.app.soundalive/.compatibility.Compatibility$Receiver (has extras) } Bundle[{android.intent.extra.REMOVED_FOR_ALL_USERS=false, android.intent.extra.UID=10233, android.intent.extra.DATA_REMOVED=false, android.intent.extra.REPLACING=true, android.intent.extra.user_handle=0}]
D/Compatibility( 8913): found: 2
D/Compatibility( 8913): saved default: com.sec.android.app.soundalive.SAControlPanelActivity
D/Compatibility( 8913): skipping ResolveInfo{239fb684 com.sec.android.app.soundalive/.compatibility.Compatibility$Redirector p=2147483647 m=0x108000}
D/Compatibility( 8913): considering ResolveInfo{2b51e6d com.sec.android.app.soundalive/.SAControlPanelActivity m=0x108000}
D/Compatibility( 8913): default: com.sec.android.app.soundalive.SAControlPanelActivity
D/Compatibility( 8913): enabling receiver ResolveInfo{bb15aa2 com.sec.android.app.soundalive/.SAControlPanelReceiver m=0x108000}
D/Compatibility( 8913): enabling receiver ResolveInfo{3f6d2333 com.sec.android.app.soundalive/.compatibility.HelperGooglePlayMusic m=0x108000}
D/Compatibility( 8913): enabling receiver ResolveInfo{2ea3b6f0 com.sec.android.app.soundalive/.SAControlPanelReceiver m=0x108000}
D/Compatibility( 8913): enabling receiver ResolveInfo{2b123469 com.sec.android.app.soundalive/.compatibility.HelperGooglePlayMusic m=0x108000}
D/Compatibility( 8913): wrote com.sec.android.app.soundalive/com.sec.android.app.soundalive.SAControlPanelActivity as default
E/Zygote  ( 8947): MountEmulatedStorage()
E/Zygote  ( 8947): v2
I/SELinux ( 8947): Function: selinux_compare_spd_ram , priority [2] , priority version is VE=SEPF_SM-G800F_5.1.1_0045
E/SELinux ( 8947): [DEBUG] get_category: variable seinfo: platform sensitivity: NULL, cateogry: NULL
D/TimaKeyStoreProvider( 8947): TimaSignature is unavailable
D/ActivityThread( 8947): Added TimaKeyStore provider
I/System.out( 2365): Category Thread calls detatch()
E/AffinityControl( 8833): AffinityControl: registerfunction enter
D/AndroidRuntime( 8833): Calling main entry com.android.commands.am.Am
D/Launcher.HomeView( 2861): onPause
D/InputDispatcher( 2365): Focused application set to: xxxx
D/InputDispatcher( 2365): Focus left window: 2861
D/AndroidRuntime( 8833): Shutting down VM
D/Launcher( 2861): Launcher::setSystemUiTransparency(): getSystemUiVisibility() after setting  = 0
E/Zygote  ( 8966): MountEmulatedStorage()
E/Zygote  ( 8966): v2
I/SELinux ( 8966): Function: selinux_compare_spd_ram , priority [2] , priority version is VE=SEPF_SM-G800F_5.1.1_0045
E/SELinux ( 8966): [DEBUG] get_category: variable seinfo: default sensitivity: NULL, cateogry: NULL
D/PhoneWindow( 2365): *FMB* installDecor mIsFloating : false
D/PhoneWindow( 2365): *FMB* installDecor flags : 8586520
D/ViewRootImpl( 2365): Buffer Count from app info with  ::-1 && -1 for :: android from View :: -1 DBQ Enabled ::false false
I/art     ( 1840): Explicit concurrent mark sweep GC freed 8740(371KB) AllocSpace objects, 0(0B) LOS objects, 39% free, 3MB/6MB, paused 531us total 22.818ms
D/PointerIcon( 2365): setMouseIconStyle1 pointerType: 1001 iconType:101 flag:0 pid:2365 uid:1000
D/PointerIcon( 2365): setMouseCustomIcon IconType is same.101
D/PointerIcon( 2365): setHoveringSpenIconStyle1 pointerType: 10001 iconType:1 flag:0 pid:2365 uid:1000
D/PointerIcon( 2365): setHoveringSpenCustomIcon IconType is same.1
D/PhoneWindow( 2365): *FMB* isFloatingMenuEnabled mFloatingMenuBtn : null
D/TimaKeyStoreProvider( 8966): TimaSignature is unavailable
D/PhoneWindow( 2365): *FMB* isFloatingMenuEnabled return false
D/ActivityThread( 8966): Added TimaKeyStore provider
I/SurfaceFlinger( 1811): id=2201 createSurf (1x1),1 flag=404, bpp
I/art     ( 1840): Explicit concurrent mark sweep GC freed 5(160B) AllocSpace objects, 0(0B) LOS objects, 39% free, 3MB/6MB, paused 535us total 22.466ms
I/art     ( 1840): Explicit concurrent mark sweep GC freed 5(160B) AllocSpace objects, 0(0B) LOS objects, 39% free, 3MB/6MB, paused 507us total 16.458ms
D/libEGL  ( 1811): eglInitialize EGLDisplay = 0xbe9cc294
D/WindowOrientationListener( 2365): sensor enabled
D/SensorService( 2365): [SO] changed settle time [1]
D/SensorService( 2365): [SO] setDelay [66000000]
D/SensorService( 2365): [SO] activate (ident=0x47bedee0, enabled=1)
D/SensorService( 2365): [SO] AR_init
I/Sensors ( 2365): HAL:resetDataRates mEnabled=4
I/Sensors ( 2365): MPLSensor::storeFinalDelay, gyro=65, accel=65, mag=65, orient=20, grv=20, timeout=0
D/SensorManager( 2365): registerListener :: 1600221811, Screen Orientation Sensor, 0, 0,  
V/WindowOrientationListener( 2365): setCurrentAppOrientation :10
V/WindowOrientationListener( 2365): ScreenOrientationEventListenerImpl.getProposedRotationLocked, Rotation: -1
V/WindowOrientationListener( 2365): ScreenOrientationEventListenerImpl.getProposedRotationLocked, Rotation: -1
D/libEGL  ( 1811): eglInitialize EGLDisplay = 0xbe9cc294
D/WallpaperService( 2743): MSG_WINDOW_RESIZED
D/SensorService( 2365): [SO] currT = 179460010978619, prevT = 179249563180809, diff = 210447797810, [-0.120 0.124 9.783]
D/SensorService( 2365): [SO] Reset Rotation Old [100], Init [1]
D/libEGL  ( 1811): eglTerminate EGLDisplay = 0x42abcad4
D/libEGL  ( 1811): eglTerminate EGLDisplay = 0x42abcad4
I/display ( 1811): [DYNAMIC_RECOMP] GLES_2_HWC by BW check
I/SurfaceFlinger( 1811): id=2199 Removed Mauncher (2/8)
I/SurfaceFlinger( 1811): id=2199 Removed Mauncher (-2/8)
D/SensorService( 2365): [SO] currT = 179460076327286, prevT = 179249563180809, diff = 210513146477, [-0.152 0.117 9.753]
D/SensorService( 2365): [SO] -0.152 0.117 9.753
D/SensorService( 2365): [SO] [100 -> 255]
W/ResourceType( 8966): Failure getting entry for 0x01080ad4 (t=7 e=2772) (error -75)
D/libEGL  ( 1811): eglTerminate EGLDisplay = 0xbe9ccb34
W/linker  ( 8966): libunity.so: unused DT entry: type 0x6ffffffe arg 0x9ac8
W/linker  ( 8966): libunity.so: unused DT entry: type 0x6fffffff arg 0x1
I/CrashAnrDetector( 2365): onPackageUpdateFinished : com.mythHunter.app
E/Launcher.Model( 2861): onPackageChanged :com.mythHunter.app
D/LauncherApps( 2861): getActivityList callingUid: 0 user: 0
W/ResourceType( 8966): Failure getting entry for 0x01080ad4 (t=7 e=2772) (error -75)
D/PhoneWindow( 8966): *FMB* installDecor mIsFloating : false
D/PhoneWindow( 8966): *FMB* installDecor flags : -2139028224
D/ViewRootImpl( 8966): Buffer Count from app info with  ::-1 && -1 for :: com.mythHunter.app from View :: -1 DBQ Enabled ::false false
D/ActivityManager( 2365): post active user change for 0 fullscreen true isFloatingActivity() false isHomeActivity() false
D/KnoxTimeoutHandler( 2365): postActiveUserChange for user 0
I/KnoxTimeoutHandler( 2365): postActiveUserChange, showWhenLocked: false
D/KnoxTimeoutHandler( 2365): handleActiveUserChange for user 0
D/PhoneWindow( 8966): *FMB* isFloatingMenuEnabled mFloatingMenuBtn : null
D/PhoneWindow( 8966): *FMB* isFloatingMenuEnabled return false
I/KnoxTimeoutHandler( 2365): Shared devices show user statefalse
I/SurfaceFlinger( 1811): id=2202 createSurf (1x1),1 flag=4, VnityPlayer
D/GpsLocationProvider( 2365): receive broadcast intent, action: android.intent.action.SCREEN_ON
D/GpsLocationProvider( 2365): android_location_GpsLocationProvider_set_lcd_mode --> mode:1 ++
E/GpsLocationProvider( 2365): sExerciseInterface is not available
D/InputDispatcher( 2365): Focus entered window: 8966
D/PersonaManagerService( 2365): ACTION_SCREEN_ON onReceive
D/PersonaManagerServiceHandler( 2365): MSG_ACTION_SCREEN_ON called
D/CoverManagerWhiteLists( 2365): isAllowedToUse : SIGNATURE_MATCH
D/PointerIcon( 2365): setMouseIconStyle1 pointerType: 1001 iconType:101 flag:0 pid:2365 uid:1000
D/PointerIcon( 2365): setMouseCustomIcon IconType is same.101
D/PointerIcon( 2365): setHoveringSpenIconStyle1 pointerType: 10001 iconType:1 flag:0 pid:2365 uid:1000
D/PointerIcon( 2365): setHoveringSpenCustomIcon IconType is same.1
I/NfcService( 2823): When receiving ACTION_SCREEN_ON, S view cover is already opened. So screenState is ON_UNLOCKED by isKeyguardLocked()
D/NfcService( 2823): call the applyRouting
I/SurfaceFlinger( 1811): id=2203 createSurf (720x1280),2 flag=404, TurfaceView
D/StatusBar.NetworkController( 2610): onDataActivity: direction=0
D/StatusBar.NetworkController( 2610): updateDataIcon, mDataDirectionIconId = com.android.systemui:drawable/stat_sys_data_connected_h_plus mDataConnected = true
D/StatusBar.NetworkController( 2610): onDataActivity: direction=0
D/SRIB_DBQ( 8966): SurfaceView:updateWindow: viewRoot.sSVBufferCount=-1 mSVBufferCount=-1
D/StatusBar.NetworkController( 2610): updateDataIcon, mDataDirectionIconId = com.android.systemui:drawable/stat_sys_data_connected_h_plus mDataConnected = true
I/GAv4    ( 8899): Google Analytics 8.1.15 is starting up. To enable debug logging on a device run:
I/GAv4    ( 8899):   adb shell setprop log.tag.GAv4 DEBUG
I/GAv4    ( 8899):   adb logcat -s GAv4
D/PhoneApp( 2845): PhoneAppBroadcastReceiver onReceive android.intent.action.ANY_DATA_STATE
D/FileWriteThread_Telephony( 2845): FileWriteThread : threadType = 2
D/StatusBar.NetworkController( 2610): refreshViews connected={ data } level=4 combinedSignalIconId=0x7f02055a/com.android.systemui:drawable/stat_sys_signal_4_auto_rotate mobileLabel=HoT wifiLabel= emergencyOnly=false combinedLabel=HoT mAirplaneMode=false mDataActivity=0 mPhoneSignalIconId=0x7f02055a/com.android.systemui:drawable/stat_sys_signal_4_auto_rotate mQSPhoneSignalIconId=0x7f020156/com.android.systemui:drawable/ic_qs_signal_4 mDataDirectionIconId=0x7f0203b6/com.android.systemui:drawable/stat_sys_data_connected_h_plus mDataSignalIconId=0x7f02055a/com.android.systemui:drawable/stat_sys_signal_4_auto_rotate mDataTypeIconId=0x7f0203b6/com.android.systemui:drawable/stat_sys_data_connected_h_plus mQSDataTypeIconId=0x0/(null) mNoSimIconId=0x0/(null) mWifiIconId=0x0/(null) mQSWifiIconId=0x0/(null) mWifiActivityIconId=0x0/(null) mBluetoothTetherIconId=0x7f0205b6/com.android.systemui:drawable/stat_sys_tether_bluetooth
D/StatusBar.NetworkController( 2610): refreshNwBoosterIndicator - setNWBoosterIndicators(false)
D/StatusBar.NetworkController( 2610): refreshNwBoosterIndicator - setNWBoosterIndicators(false)
D/StatusBar.NetworkController( 2610): refreshNwBoosterIndicator - setNWBoosterIndicators(false)
D/StatusBar.NetworkController( 2610): refreshNwBoosterIndicator - setNWBoosterIndicators(false)
D/libEGL  ( 1811): eglInitialize EGLDisplay = 0xbe9cc294
D/InputMethodManagerService( 2365): windowGainedFocus mCurrentFocusedUserId - 0 and mSecureKeypadEnabled-false
D/ContentApp( 5864):  LEVEL : 1
I/Timeline( 2365): Timeline: Activity_windows_visible id: ActivityRecord{1f5fd1e6 u0 com.mythHunter.app/com.unity3d.player.UnityPlayerActivity t4121} time:43428527
E/TranscodeReceiver(26036): onReceive : android.intent.action.SCREEN_ON
D/TranscodeService(26036): power? : true / screen off : false / ssrm.live_thumbnail : false, 1
D/TranscodeService(26036): releaseTranscodeThread.
I/Timeline( 8966): Timeline: Activity_idle id: android.os.BinderProxy@10a5521c time:43428597
W/GalaxyFinderApplication( 8854): system/finder_cp/cpdata.xml file not found
D/Launcher.HomeView( 2861): onStop
D/Launcher( 2861): onTrimMemory. Level: 20
I/SurfaceFlinger( 1811): id=2201 Removed bpp (7/9)
I/SurfaceFlinger( 1811): id=2201 Removed bpp (-2/9)
D/libEGL  ( 1811): eglTerminate EGLDisplay = 0xbe9ccb34
V/WindowOrientationListener( 2365): WindowOrientationListener disabled
D/SensorService( 2365): cleanupWithoutDisableLocked - size : 0, ref : 2
D/SensorService( 2365): [SO] activate (ident=0x47bedee0, enabled=0)
V/MPL-storeload( 2365): inv_get_mpl state size = 6040
V/MPL-storeload( 2365): calData from inv_save_mpl_states, size=2
V/MPL-storeload( 2365): cal data size to write = 6040
V/MPL-storeload( 2365): Bytes written = 6040
E/Sensors ( 2365): ~SensorEventQueue 0
D/SensorService( 2365): cleanupConnection - size : 0, ref : 0
E/        ( 2365): BitTube(): close sendFd (544)
E/        ( 2365): BitTube(): close receivedFd (543)
D/SensorManager( 2365): unregisterListener ::   
V/WindowOrientationListener( 2365): setCurrentAppOrientation :1
W/GAv4    ( 8899): AnalyticsReceiver is not registered or is disabled. Register the receiver for reliable dispatching on non-Google Play devices. See http://goo.gl/8Rd3yj for instructions.
D/libEGL  ( 8966): loaded /system/lib/egl/libEGL_mali.so
D/libEGL  ( 8966): loaded /system/lib/egl/libGLESv1_CM_mali.so
W/GAv4    ( 8899): CampaignTrackingReceiver is not registered, not exported or is disabled. Installation campaign tracking is not possible. See http://goo.gl/8Rd3yj for instructions.
W/GAv4    ( 8899): AnalyticsService not registered in the app manifest. Hits might not be delivered reliably. See http://goo.gl/8Rd3yj for instructions.
D/libEGL  ( 8966): loaded /system/lib/egl/libGLESv2_mali.so
I/Mali    ( 8966): Mali API Version : 401
I/Mali    ( 8966): Mali REVISION: Linux-r4p0-00rel0  BUILD_DATE: 2014-11-10 20:23:11 
D/libEGL  ( 8966): eglInitialize EGLDisplay = 0x54d6f964
E/Unity   ( 8966): [EGL] eglChooseConfig(m_EGLDisplay, configAttribs, NULL, 0, &eglConfigCount): EGL_BAD_ATTRIBUTE: An unrecognized attribute or attribute value was passed in the attribute list.
E/Unity   ( 8966):  
E/Unity   ( 8966): (Filename: ./Runtime/GfxDevice/egl/ConfigEGL.cpp Line: 347)
E/Unity   ( 8966): 
E/Unity   ( 8966): [EGL] eglChooseConfig(m_EGLDisplay, configAttribs, NULL, 0, &eglConfigCount): EGL_BAD_ATTRIBUTE: An unrecognized attribute or attribute value was passed in the attribute list.
E/Unity   ( 8966):  
E/Unity   ( 8966): (Filename: ./Runtime/GfxDevice/egl/ConfigEGL.cpp Line: 347)
E/Unity   ( 8966): 
E/Unity   ( 8966): [EGL] eglChooseConfig(m_EGLDisplay, configAttribs, NULL, 0, &eglConfigCount): EGL_BAD_ATTRIBUTE: An unrecognized attribute or attribute value was passed in the attribute list.
E/Unity   ( 8966):  
E/Unity   ( 8966): (Filename: ./Runtime/GfxDevice/egl/ConfigEGL.cpp Line: 347)
E/Unity   ( 8966): 
D/libEGL  ( 8966): eglInitialize EGLDisplay = 0x54d6f904
E/Unity   ( 8966): [EGL] eglChooseConfig(m_EGLDisplay, configAttribs, NULL, 0, &eglConfigCount): EGL_BAD_ATTRIBUTE: An unrecognized attribute or attribute value was passed in the attribute list.
E/Unity   ( 8966):  
E/Unity   ( 8966): (Filename: ./Runtime/GfxDevice/egl/ConfigEGL.cpp Line: 347)
E/Unity   ( 8966): 
E/Unity   ( 8966): [EGL] eglChooseConfig(m_EGLDisplay, configAttribs, NULL, 0, &eglConfigCount): EGL_BAD_ATTRIBUTE: An unrecognized attribute or attribute value was passed in the attribute list.
E/Unity   ( 8966):  
E/Unity   ( 8966): (Filename: ./Runtime/GfxDevice/egl/ConfigEGL.cpp Line: 347)
E/Unity   ( 8966): 
E/Unity   ( 8966): [EGL] eglChooseConfig(m_EGLDisplay, configAttribs, NULL, 0, &eglConfigCount): EGL_BAD_ATTRIBUTE: An unrecognized attribute or attribute value was passed in the attribute list.
E/Unity   ( 8966):  
E/Unity   ( 8966): (Filename: ./Runtime/GfxDevice/egl/ConfigEGL.cpp Line: 347)
E/Unity   ( 8966): 
D/libEGL  ( 8966): eglInitialize EGLDisplay = 0x54d6f90c
D/Unity   ( 8966): GL_EXT_debug_marker GL_OES_texture_npot GL_OES_compressed_ETC1_RGB8_texture GL_OES_standard_derivatives GL_OES_EGL_image GL_OES_depth24 GL_ARM_rgba8 GL_ARM_mali_shader_binary GL_OES_depth_texture GL_OES_packed_depth_stencil GL_EXT_texture_format_BGRA8888 GL_OES_vertex_half_float GL_EXT_blend_minmax GL_OES_EGL_image_external GL_OES_EGL_sync GL_OES_rgb8_rgba8 GL_EXT_multisampled_render_to_texture GL_EXT_discard_framebuffer GL_OES_get_program_binary GL_ARM_mali_program_binary GL_EXT_shader_texture_lod GL_EXT_robustness GL_OES_depth_texture_cube_map GL_KHR_debug 
W/libc    ( 8966): pthread_create sched_setscheduler call failed: Operation not permitted
I/AudioPolicyManager( 1829): getOutputForAttr() device 0x2, samplingRate 24000, format 0, channelMask 1, flags 0
I/AudioPolicyManager( 1829): getOutputForAttr() output 2
W/AudioPolicyIntefaceImpl( 1829): Skipped to add effects on session 127
I/AudioPolicyManager( 1829): startOutput() output 2, stream 3, session 127
I/AudioPolicyManager( 1829): changeRefCount() stream 3, count 1
I/AudioPolicyManager( 1829): setOutputDevice() setting same device 0002 or null device for output 2
D/AudioMixer( 1829): setResampler format 1, data ch 2, src 24000, dst 48000, dnmix 0, reformat 0
D/SoundAliveResampler( 1829): [SoundAliveResampler] Init+++
I/AudioHardwareTinyALSA( 1829): AudioStreamOutALSA::write setDevice
E/AudioHardwareTinyALSA( 1829): int android::AudioHardwareTinyALSA::open_hdmi_driver() cannot open video16 (-1)
D/AudioHardwareTinyALSA( 1829): OutALSA::setDevice: mode = 0, newDevice=0x2, currentDevice=0x2 ,force= 0
D/AudioHardwareTinyALSA( 1829): OutALSA::setDevice: mDevice 0x2, newDevice = 0x2
D/AudioHardwareTinyALSA( 1829): setOutputVolume
D/TinyUCM ( 1829): setModifier Normal, en=1
I/AudioHardwareTinyALSA( 1829): OutALSA::setDevice: mHandle NULL mode[0], Device[00000002] 
I/AudioHardwareTinyALSA( 1829): Open: mDefaults->direction=0 device=3
D/AudioHardwareTinyALSA( 1829): Channel: 2, Samplerate: 48000, Format: 0, Peroid Size: 960, Period Count: 4
D/AudioHardwareTinyALSA( 1829): ALSAStreamOps::open: after pcm_open: Card: 0, Device: 3
I/AudioHardwareTinyALSA( 1829): before pcm_prepare
D/AudioHardwareTinyALSA( 1829): [NXP] set PcmInterface is called
D/AudioHardwareTinyALSA( 1829): setPcmInterface: Stream=0x1, iSamplerate=8000++
D/AudioHardwareTinyALSA( 1829): setPcmInterface--
D/com.facebook.appevents.AppEventsLogger(27714): Got unexpected exception: java.io.EOFException
W/System.err( 8899): remove failed: ENOENT (No such file or directory) : /data/data/com.google.android.apps.docs/databases/ClientFlag.db
W/System.err( 8899): remove failed: ENOENT (No such file or directory) : /data/data/com.google.android.apps.docs/databases/ClientFlag.db-journal
W/System.err( 8899): remove failed: ENOENT (No such file or directory) : /data/data/com.google.android.apps.docs/databases/ClientFlag.db-shm
W/System.err( 8899): remove failed: ENOENT (No such file or directory) : /data/data/com.google.android.apps.docs/databases/ClientFlag.db-wal
I/SensorService( 2365): Skipped sensor HRM ADI Sensor because it requires permission com.samsung.permission.SSENSOR
I/SensorService( 2365): Skipped sensor HRM Sensor because it requires permission 
I/SensorService( 2365): Skipped sensor HeartRate Sensor because it requires permission android.permission.BODY_SENSORS
I/Sensors ( 2365): HAL:resetDataRates mEnabled=4
I/Sensors ( 2365): MPLSensor::storeFinalDelay, gyro=5, accel=5, mag=10, orient=20, grv=20, timeout=0
I/Sensors ( 2365): HAL:resetDataRates mEnabled=4
I/Sensors ( 2365): MPLSensor::storeFinalDelay, gyro=20, accel=20, mag=20, orient=20, grv=20, timeout=0
E/SPPClientService( 6637): [PackageInfoChangeReceiver] android.intent.action.PACKAGE_REMOVED
E/SPPClientService( 6637): [PackageInfoChangeReceiver] [handlePkgRemovedEvent] PackageName : com.mythHunter.app, true, false
E/SPPClientService( 6637): [PackageInfoChangeReceiver] [handlePkgRemovedEvent] Ignore Replacing case
E/Zygote  ( 9041): MountEmulatedStorage()
E/Zygote  ( 9041): v2
I/SELinux ( 9041): Function: selinux_compare_spd_ram , priority [2] , priority version is VE=SEPF_SM-G800F_5.1.1_0045
E/SELinux ( 9041): [DEBUG] get_category: variable seinfo: release sensitivity: NULL, cateogry: NULL
D/TimaKeyStoreProvider( 9041): TimaSignature is unavailable
D/ActivityThread( 9041): Added TimaKeyStore provider
D/libEGL  ( 1811): eglInitialize EGLDisplay = 0xbe9cc294
D/libEGL  ( 1811): eglInitialize EGLDisplay = 0xbe9cc294
I/MultiDex( 9041): VM with version 2.1.0 has multidex support
I/MultiDex( 9041): install
I/MultiDex( 9041): VM has multidex support, MultiDex support library is disabled.
I/MultiDex( 9041): install
I/MultiDex( 9041): VM has multidex support, MultiDex support library is disabled.
W/System.err( 9041): stat failed: ENOENT (No such file or directory) : /data/data/com.sec.android.app.shealth/databases/platform.db
W/System.err( 9041): stat failed: ENOENT (No such file or directory) : /data/data/com.sec.android.app.shealth/databases/secure_shealth2.db
W/System.err( 9041): stat failed: ENOENT (No such file or directory) : /data/data/com.sec.android.app.shealth/databases/secure_sec_health.db
D/AdaptiveEventManager( 2610): removeAdaptiveEvent() requestClass = com.sec.android.app.shealth.walkingmate.service.WalkingMateDayStepService
D/AdaptiveEventManager( 2610): M updateContainers()
D/AdaptiveEventContainerSmall( 2610): C updatePedoContainer()
D/AdaptiveEventContainerSmall( 2610): handlePedoUpdate()
D/AdaptiveEventContainerSmall( 2610): pedoEvent == null
E/Zygote  ( 9063): MountEmulatedStorage()
E/Zygote  ( 9063): v2
I/SELinux ( 9063): Function: selinux_compare_spd_ram , priority [2] , priority version is VE=SEPF_SM-G800F_5.1.1_0045
E/SELinux ( 9063): [DEBUG] get_category: variable seinfo: platform sensitivity: NULL, cateogry: NULL
D/TimaKeyStoreProvider( 9063): TimaSignature is unavailable
D/ActivityThread( 9063): Added TimaKeyStore provider
I/Health.HealthService( 9041): HealthService: onCreate() start (9041)
W/Unity   ( 8966): The referenced script on this Behaviour is missing!
W/Unity   ( 8966):  
W/Unity   ( 8966): (Filename:  Line: 1649)
W/Unity   ( 8966): 
D/HealthDataStore( 9041): Service for HealthDataStore is connected
W/System.err( 2365): remove failed: ENOENT (No such file or directory) : /data/system/recent_tasks/4121_task.xml.bak
D/HealthDataStore( 9041): HealthConnectionErrorResult code : 9
D/HealthConsole( 9041): Service for HealthDataConsole is connected
D/HealthDataStore( 9041): Trying to connect with Health Service fails (error code: 9)
E/HealthDataStore( 9041): disconnectService: Context instance is invalid
E/SamsungIME( 9063): InputManagerImpl.getInstance() == null
I/HomeSyncInstallReceiver( 2823): This pkg do not need BT addr. Do nothing
D/AASAservice-UpdateReceiver( 8175): AASAUpdateReceiver: android.intent.action.PACKAGE_ADDED, package = com.mythHunter.app, uid = -1
E/Zygote  ( 9087): MountEmulatedStorage()
E/Zygote  ( 9087): v2
I/SELinux ( 9087): Function: selinux_compare_spd_ram , priority [2] , priority version is VE=SEPF_SM-G800F_5.1.1_0045
E/SELinux ( 9087): [DEBUG] get_category: variable seinfo: release sensitivity: NULL, cateogry: NULL
I/AASAservice-TokenRule( 8175): parseToken()
W/System.err( 8175): java.io.FileNotFoundException: /data/system/.aasa/aasaRuleFile.xml: open failed: ENOENT (No such file or directory)
D/TimaKeyStoreProvider( 9087): TimaSignature is unavailable
D/ActivityThread( 9087): Added TimaKeyStore provider
W/System.err( 8175): 	at libcore.io.IoBridge.open(IoBridge.java:456)
W/System.err( 8175): 	at java.io.FileInputStream.<init>(FileInputStream.java:76)
W/System.err( 8175): 	at java.io.FileInputStream.<init>(FileInputStream.java:103)
W/System.err( 8175): 	at com.samsung.aasaservice.AASATokenRule.parseToken(AASATokenRule.java:86)
W/System.err( 8175): 	at com.samsung.aasaservice.AASAUpdateReceiver.onReceive(AASAUpdateReceiver.java:55)
W/System.err( 8175): 	at android.app.ActivityThread.handleReceiver(ActivityThread.java:3552)
W/System.err( 8175): 	at android.app.ActivityThread.access$1900(ActivityThread.java:210)
W/System.err( 8175): 	at android.app.ActivityThread$H.handleMessage(ActivityThread.java:1781)
W/System.err( 8175): 	at android.os.Handler.dispatchMessage(Handler.java:102)
W/System.err( 8175): 	at android.os.Looper.loop(Looper.java:145)
W/System.err( 8175): 	at android.app.ActivityThread.main(ActivityThread.java:6938)
W/System.err( 8175): 	at java.lang.reflect.Method.invoke(Native Method)
W/System.err( 8175): 	at java.lang.reflect.Method.invoke(Method.java:372)
W/System.err( 8175): 	at com.android.internal.os.ZygoteInit$MethodAndArgsCaller.run(ZygoteInit.java:1404)
W/System.err( 8175): 	at com.android.internal.os.ZygoteInit.main(ZygoteInit.java:1199)
W/System.err( 8175): Caused by: android.system.ErrnoException: open failed: ENOENT (No such file or directory)
W/System.err( 8175): 	at libcore.io.Posix.open(Native Method)
W/System.err( 8175): 	at libcore.io.BlockGuardOs.open(BlockGuardOs.java:186)
W/System.err( 8175): 	at libcore.io.IoBridge.open(IoBridge.java:442)
W/System.err( 8175): 	... 14 more
E/AASAservice-TokenRule( 8175): parseToken() : TokenFile is null
E/AASAservice-UpdateReceiver( 8175): AASARuleUpdateResult() : Rule file is not exist.
E/Zygote  ( 9103): MountEmulatedStorage()
E/Zygote  ( 9103): v2
I/SELinux ( 9103): Function: selinux_compare_spd_ram , priority [2] , priority version is VE=SEPF_SM-G800F_5.1.1_0045
E/SELinux ( 9103): [DEBUG] get_category: variable seinfo: samsung sensitivity: NULL, cateogry: NULL
D/KidsPlatformStub( 8869): Package not found : com.sec.android.app.kidshome
I/art     ( 8175): System.exit called, status: 0
I/AndroidRuntime( 8175): VM exiting with result code 0, cleanup skipped.
D/TimaKeyStoreProvider( 9103): TimaSignature is unavailable
D/ActivityThread( 9103): Added TimaKeyStore provider
D/PackageIntentReceiver( 8685): ACTION_PACKAGE_ADDED
D/PackageIntentReceiver( 8685): Not GearManger package! 
E/Zygote  ( 9119): MountEmulatedStorage()
E/Zygote  ( 9119): v2
I/PackagesMonitor( 8329): PackagesMonitor onReceive :com.mythHunter.app
I/SELinux ( 9119): Function: selinux_compare_spd_ram , priority [2] , priority version is VE=SEPF_SM-G800F_5.1.1_0045
E/SELinux ( 9119): [DEBUG] get_category: variable seinfo: platform sensitivity: NULL, cateogry: NULL
D/TimaKeyStoreProvider( 9119): TimaSignature is unavailable
D/ActivityThread( 9119): Added TimaKeyStore provider
D/Compatibility( 8913): onReceive() it will make start service
I/DBG_POLICYDM( 5071): [com.sec.android.policydm.aasa.AASAUpdater$1(79/onServiceDisconnected)] AASA: onServiceDisconnected
D/Compatibility( 8913): onHandleIntent()
D/Compatibility( 8913): intentservice saw: Intent { act=android.intent.action.PACKAGE_ADDED dat=package:com.mythHunter.app flg=0x4000010 cmp=com.sec.android.app.soundalive/.compatibility.Compatibility$Receiver (has extras) } Bundle[{android.intent.extra.UID=10233, android.intent.extra.REPLACING=true, android.intent.extra.user_handle=0}]
D/Compatibility( 8913): found: 2
D/Compatibility( 8913): saved default: com.sec.android.app.soundalive.SAControlPanelActivity
D/Compatibility( 8913): skipping ResolveInfo{10a5521c com.sec.android.app.soundalive/.compatibility.Compatibility$Redirector p=2147483647 m=0x108000}
D/Compatibility( 8913): considering ResolveInfo{1310ae25 com.sec.android.app.soundalive/.SAControlPanelActivity m=0x108000}
D/Compatibility( 8913): default: com.sec.android.app.soundalive.SAControlPanelActivity
E/Zygote  ( 9135): MountEmulatedStorage()
E/Zygote  ( 9135): v2
I/SELinux ( 9135): Function: selinux_compare_spd_ram , priority [2] , priority version is VE=SEPF_SM-G800F_5.1.1_0045
E/SELinux ( 9135): [DEBUG] get_category: variable seinfo: samsung sensitivity: NULL, cateogry: NULL
D/Compatibility( 8913): enabling receiver ResolveInfo{8c79bfa com.sec.android.app.soundalive/.SAControlPanelReceiver m=0x108000}
D/Compatibility( 8913): enabling receiver ResolveInfo{2bdfc5ab com.sec.android.app.soundalive/.compatibility.HelperGooglePlayMusic m=0x108000}
D/Compatibility( 8913): enabling receiver ResolveInfo{29c37408 com.sec.android.app.soundalive/.SAControlPanelReceiver m=0x108000}
D/TimaKeyStoreProvider( 9135): TimaSignature is unavailable
W/SensorService( 2365): sensor 00000002 already enabled in connection 0x47bedee0 (ignoring)
D/ActivityThread( 9135): Added TimaKeyStore provider
I/Sensors ( 2365): HAL:resetDataRates mEnabled=4
I/Sensors ( 2365): MPLSensor::storeFinalDelay, gyro=5, accel=5, mag=10, orient=20, grv=20, timeout=0
D/Compatibility( 8913): enabling receiver ResolveInfo{1bc307a1 com.sec.android.app.soundalive/.compatibility.HelperGooglePlayMusic m=0x108000}
D/Compatibility( 8913): wrote com.sec.android.app.soundalive/com.sec.android.app.soundalive.SAControlPanelActivity as default
W/System.err( 9041): stat failed: ENOENT (No such file or directory) : /data/data/com.sec.android.app.shealth/databases/SecureHealthData.db.back
I/Sensors ( 2365): HAL:resetDataRates mEnabled=4
I/Sensors ( 2365): MPLSensor::storeFinalDelay, gyro=20, accel=20, mag=20, orient=20, grv=20, timeout=0
I/AudioPolicyManager( 1829): getOutputForAttr() device 0x2, samplingRate 24000, format 4443d010, channelMask 1, flags 0
I/AudioPolicyManager( 1829): getOutputForAttr() output 2
W/AudioPolicyIntefaceImpl( 1829): Skipped to add effects on session 128
I/AudioPolicyManager( 1829): startOutput() output 2, stream 3, session 128
I/AudioPolicyManager( 1829): changeRefCount() stream 3, count 2
D/AudioMixer( 1829): setResampler format 1, data ch 2, src 24000, dst 48000, dnmix 0, reformat 0
D/SoundAliveResampler( 1829): [SoundAliveResampler] Init+++
I/AudioPolicyManager( 1829): stopOutput() output 2, stream 3, session 127
I/AudioPolicyManager( 1829): changeRefCount() stream 3, count 1
D/MagazineService::MagazineBroadcastReceiver( 8767): [onReceive] android.intent.action.PACKAGE_ADDED com.mythHunter.app
I/MagazineService::MagazineService( 8767): [onHandleIntent] ACTION_PACKAGE_INSTALLED
D/MagazineService::MagazineService( 8767): [onHandleIntent] Send broadcast to (com.mythHunter.app).
D/Mms/MmsApp( 9087): [start]    onCreate() consume time = 0.0
D/GroupCast_FileTools( 9135): [getDirectoryForImageResized : 295] cleaning!!
W/System.err( 9135): android.content.pm.PackageManager$NameNotFoundException: com.sec.android.app.mediasync
W/System.err( 9135): 	at android.app.ApplicationPackageManager.getApplicationInfo(ApplicationPackageManager.java:334)
W/System.err( 9135): 	at com.samsung.groupcast.application.App.preLoadMusicLiveCheck(App.java:309)
W/System.err( 9135): 	at com.samsung.groupcast.application.App.onCreate(App.java:144)
W/System.err( 9135): 	at android.app.Instrumentation.callApplicationOnCreate(Instrumentation.java:1035)
W/System.err( 9135): 	at android.app.ActivityThread.handleBindApplication(ActivityThread.java:6033)
W/System.err( 9135): 	at android.app.ActivityThread.access$1700(ActivityThread.java:210)
W/System.err( 9135): 	at android.app.ActivityThread$H.handleMessage(ActivityThread.java:1765)
W/System.err( 9135): 	at android.os.Handler.dispatchMessage(Handler.java:102)
W/System.err( 9135): 	at android.os.Looper.loop(Looper.java:145)
W/System.err( 9135): 	at android.app.ActivityThread.main(ActivityThread.java:6938)
W/System.err( 9135): 	at java.lang.reflect.Method.invoke(Native Method)
W/System.err( 9135): 	at java.lang.reflect.Method.invoke(Method.java:372)
W/System.err( 9135): 	at com.android.internal.os.ZygoteInit$MethodAndArgsCaller.run(ZygoteInit.java:1404)
W/System.err( 9135): 	at com.android.internal.os.ZygoteInit.main(ZygoteInit.java:1199)
W/System.err( 9135): android.content.pm.PackageManager$NameNotFoundException: com.sec.android.app.mv.player
W/System.err( 9135): 	at android.app.ApplicationPackageManager.getApplicationInfo(ApplicationPackageManager.java:334)
W/System.err( 9135): 	at com.samsung.groupcast.application.App.preLoadShareVideoCheck(App.java:325)
W/System.err( 9135): 	at com.samsung.groupcast.application.App.onCreate(App.java:145)
W/System.err( 9135): 	at android.app.Instrumentation.callApplicationOnCreate(Instrumentation.java:1035)
W/System.err( 9135): 	at android.app.ActivityThread.handleBindApplication(ActivityThread.java:6033)
W/System.err( 9135): 	at android.app.ActivityThread.access$1700(ActivityThread.java:210)
W/System.err( 9135): 	at android.app.ActivityThread$H.handleMessage(ActivityThread.java:1765)
W/System.err( 9135): 	at android.os.Handler.dispatchMessage(Handler.java:102)
W/System.err( 9135): 	at android.os.Looper.loop(Looper.java:145)
W/System.err( 9135): 	at android.app.ActivityThread.main(ActivityThread.java:6938)
W/System.err( 9135): 	at java.lang.reflect.Method.invoke(Native Method)
W/System.err( 9135): 	at java.lang.reflect.Method.invoke(Method.java:372)
W/System.err( 9135): 	at com.android.internal.os.ZygoteInit$MethodAndArgsCaller.run(ZygoteInit.java:1404)
W/System.err( 9135): 	at com.android.internal.os.ZygoteInit.main(ZygoteInit.java:1199)
I/Finsky  ( 8194): [1] com.google.android.finsky.utils.bc.run(2302): Package state data is missing for com.mythHunter.app
W/System.err( 9135): android.content.pm.PackageManager$NameNotFoundException: com.sec.android.app.ma.recorder
W/System.err( 9135): 	at android.app.ApplicationPackageManager.getApplicationInfo(ApplicationPackageManager.java:334)
W/System.err( 9135): 	at com.samsung.groupcast.application.App.preLoadGroupCamcoderCheck(App.java:339)
W/System.err( 9135): 	at com.samsung.groupcast.application.App.onCreate(App.java:146)
W/System.err( 9135): 	at android.app.Instrumentation.callApplicationOnCreate(Instrumentation.java:1035)
W/System.err( 9135): 	at android.app.ActivityThread.handleBindApplication(ActivityThread.java:6033)
W/System.err( 9135): 	at android.app.ActivityThread.access$1700(ActivityThread.java:210)
W/System.err( 9135): 	at android.app.ActivityThread$H.handleMessage(ActivityThread.java:1765)
W/System.err( 9135): 	at android.os.Handler.dispatchMessage(Handler.java:102)
W/System.err( 9135): 	at android.os.Looper.loop(Looper.java:145)
W/System.err( 9135): 	at android.app.ActivityThread.main(ActivityThread.java:6938)
W/System.err( 9135): 	at java.lang.reflect.Method.invoke(Native Method)
W/System.err( 9135): 	at java.lang.reflect.Method.invoke(Method.java:372)
W/System.err( 9135): 	at com.android.internal.os.ZygoteInit$MethodAndArgsCaller.run(ZygoteInit.java:1404)
W/System.err( 9135): 	at com.android.internal.os.ZygoteInit.main(ZygoteInit.java:1199)
D/Mms/ArtClassLoader( 9087): init before art
W/System.err( 9041): stat failed: ENOENT (No such file or directory) : /data/data/com.sec.android.app.shealth/databases/HealthFramework.db.back
D/Mms/TelephonyPermission( 9087): start operation mode monitor
D/Mms/TelephonyPermission( 9087): User ID is null set current User Id
D/PkgBroadcastIntentOp( 7295): Received broadcast action=android.intent.action.PACKAGE_ADDED and uri=com.mythHunter.app
E/Zygote  ( 9158): MountEmulatedStorage()
E/Zygote  ( 9158): v2
I/SELinux ( 9158): Function: selinux_compare_spd_ram , priority [2] , priority version is VE=SEPF_SM-G800F_5.1.1_0045
E/SELinux ( 9158): [DEBUG] get_category: variable seinfo: untrusted sensitivity: NULL, cateogry: NULL
D/TimaKeyStoreProvider( 9158): TimaSignature is unavailable
D/ActivityThread( 9158): Added TimaKeyStore provider
I/UpdateIcingCorporaServi(20824): Updating corpora: APPS=com.mythHunter.app, CONTACTS=MAYBE
E/IntentOperationSvc( 7295): Failed to instantiate Chimera operation impl, dropping operation
D/AsyncTaskServiceImpl( 7295): Submit a task: osz
D/WearableController( 7295): Received broadcast action=android.intent.action.PACKAGE_ADDED and uri=com.mythHunter.app
E/EdmStorageProvider( 2365): Admin not in database, something went wrong
E/Zygote  ( 9175): MountEmulatedStorage()
E/Zygote  ( 9175): v2
I/SELinux ( 9175): Function: selinux_compare_spd_ram , priority [2] , priority version is VE=SEPF_SM-G800F_5.1.1_0045
E/SELinux ( 9175): [DEBUG] get_category: variable seinfo: platform sensitivity: NULL, cateogry: NULL
D/TimaKeyStoreProvider( 9175): TimaSignature is unavailable
D/ActivityThread( 9175): Added TimaKeyStore provider
D/osz     ( 7295): Processing package: com.mythHunter.app
E/IcingInternalCorpora( 7295): Unknown Contacts update mode: MAYBE
W/art     ( 9087): Verification of int com.android.mms.util.HandleComposerAttachment.getAvailableSlideCount(int) took 121.611ms
I/art     ( 2365): Explicit concurrent mark sweep GC freed 99147(5MB) AllocSpace objects, 12(192KB) LOS objects, 28% free, 40MB/56MB, paused 33.565ms total 467.245ms
D/AASAservice( 9175): onCreate()
E/AASAservice( 9175): getConfirmRuleVersion() : Version File is not exist.
I/DBG_POLICYDM( 5071): [com.sec.android.policydm.aasa.AASAUpdater$1(72/onServiceConnected)] AASA: onServiceConnected
W/art     ( 9087): Verification of void com.android.mms.util.HandleComposerAttachment.getMyLocation() took 206.956ms
I/Unity   ( 8966): AndroidJavaException: java.lang.RuntimeException: Can't create handler inside thread that has not called Looper.prepare()
I/Unity   ( 8966):   at UnityEngine.AndroidJNISafe.CheckException () [0x00000] in <filename unknown>:0 
I/Unity   ( 8966):   at UnityEngine.AndroidJNISafe.NewObject (IntPtr clazz, IntPtr methodID, UnityEngine.jvalue[] args) [0x00000] in <filename unknown>:0 
I/Unity   ( 8966):   at UnityEngine.AndroidJavaObject._AndroidJavaObject (System.String className, System.Object[] args) [0x00000] in <filename unknown>:0 
I/Unity   ( 8966):   at UnityEngine.AndroidJavaObject..ctor (System.String className, System.Object[] args) [0x00000] in <filename unknown>:0 
I/Unity   ( 8966):   at Assets.Scripts.Helper.GPSHelper..ctor () [0x00000] in <filename unknown>:0 
I/Unity   ( 8966):   at Assets.Scripts.Helper.GPSHelper.get_instance () [0x00000] in <filename unknown>:0 
I/Unity   ( 8966):   at Assets.Scripts.SceneScripts.Login.Start () [0x00000] in <filename unknown>:0 
I/Unity   ( 8966):  
I/Unity   ( 8966): (Filename:  Line: -1)
