D/SettingsProvider( 2365): isChangeAllowed() : name = kids_home_mode
D/SettingsProvider( 2365): edmUri: content://com.sec.knox.provider/RestrictionPolicy3
D/SettingsProvider( 2365): projectionArgs: isSettingsChangesAllowed
D/SettingsProvider( 2365): selectionArgs: false
D/SettingsProvider( 2365): selectionArgs: 10008
D/SecContentProvider( 2365): query(), uri = 17 selection = isSettingsChangesAllowed
D/WallpaperManagerService( 2365): getWallpaperData : 0
D/SettingsProvider( 2365): ret = -1
D/Launcher.HomeView( 2861): onResume
D/Launcher( 2861): setSystemUiTransparency.SettingNotFoundException : set as TRUE
D/Launcher( 2861): Launcher::setSystemUiTransparency(): getSystemUiVisibility() after setting  = 0
D/MenuAppsGridFragment( 2861): onResume
D/ActivityManager( 2365): post active user change for 0 fullscreen true isFloatingActivity() false isHomeActivity() true
I/WallpaperManagerService( 2365): switchPersonaWallpaper is called for personaId-0
D/KnoxTimeoutHandler( 2365): post home show event for user 0
D/KnoxTimeoutHandler( 2365): postActiveUserChange for user 0
I/KnoxTimeoutHandler( 2365): postActiveUserChange, showWhenLocked: false
D/WallpaperManagerService( 2365):  force update = false; persona id = 0; current user =0; current persona = 0
D/KnoxTimeoutHandler( 2365): handleHomeShow for 0 and current 0
D/KnoxTimeoutHandler( 2365): handleActiveUserChange for user 0
D/GalleryCacheReady( 8329): Receive : home resume
I/KnoxTimeoutHandler( 2365): Shared devices show user statefalse
I/SurfaceFlinger( 1811): id=2208 createSurf (720x1280),1 flag=4, Mauncher
D/InputDispatcher( 2365): Focus entered window: 2861
D/PointerIcon( 2365): setMouseIconStyle1 pointerType: 1001 iconType:101 flag:0 pid:2365 uid:1000
D/PointerIcon( 2365): setMouseCustomIcon IconType is same.101
D/PointerIcon( 2365): setHoveringSpenIconStyle1 pointerType: 10001 iconType:1 flag:0 pid:2365 uid:1000
D/PointerIcon( 2365): setHoveringSpenCustomIcon IconType is same.1
D/SRIB_DCS( 2861): log_dcs ThreadedRenderer::initialize entered! 
D/Mms/UIEventReceiver( 9087): ui event
D/Launcher( 2861): setSystemUiTransparency.SettingNotFoundException : set as TRUE
D/Launcher( 2861): Launcher::setSystemUiTransparency(): getSystemUiVisibility() after setting  = 0
D/GeoLookout( 9336): H: oG7yKmvlgCB+MeB9ScCFjRATu9ZqRwmv7A7uEos9Q9mvO4YDA6qaoxYEtGEMNH1w
D/InputMethodManagerService( 2365): windowGainedFocus mCurrentFocusedUserId - 0 and mSecureKeypadEnabled-false
D/GeoLookout( 9336): H: oG7yKmvlgCB+MeB9ScCFjRej64htfcxG5kL3SHyGYDnr4brh3hp83PTv8sTeWgfzb09Wu8w+l9FeW3bXb18r1tcp17zAuCthjNMD7/ctUpMsPOZWZzY9gg1XBOkZWTGk
D/GeoLookout( 9336): H: oG7yKmvlgCB+MeB9ScCFjVjhROowReQZ6uZ83+PHbxXxfrUuNQHmPlY4PsIKqeHXpHMfmw7BKa8EvZP1XFE95vEpSHlOxg9XQoR6KQvcMJUpzHP2yBB+X9E2BKlsnebdX/Y40A4wCzJvXgq/1mmVNQ==
D/GeoLookout( 9336): H: oG7yKmvlgCB+MeB9ScCFjRATu9ZqRwmv7A7uEos9Q9mvO4YDA6qaoxYEtGEMNH1w
D/GeoLookout( 9336): H: oG7yKmvlgCB+MeB9ScCFjRej64htfcxG5kL3SHyGYDnr4brh3hp83PTv8sTeWgfzb09Wu8w+l9FeW3bXb18r1tcp17zAuCthjNMD7/ctUpMsPOZWZzY9gg1XBOkZWTGk
D/GeoLookout( 9336): H: oG7yKmvlgCB+MeB9ScCFjVjhROowReQZ6uZ83+PHbxXxfrUuNQHmPlY4PsIKqeHXpHMfmw7BKa8EvZP1XFE95vEpSHlOxg9XQoR6KQvcMJUezCj+VlRSvYmiaFKv4yMdF9ANJ7ri8t1rvBR++sDAZA==
V/TaskCloserActivity( 9369): TaskCloserActivity onReceive() - com.sec.android.intent.action.HOME_RESUME
I/Timeline( 2861): Timeline: Activity_idle id: android.os.BinderProxy@30c5dc92 time:43496536
D/libEGL  ( 1811): eglInitialize EGLDisplay = 0xbe9cc294
D/libEGL  ( 1811): eglTerminate EGLDisplay = 0x406abad4
D/libEGL  ( 1811): eglTerminate EGLDisplay = 0x406abad4
D/libEGL  ( 1811): eglTerminate EGLDisplay = 0x406abad4
I/Timeline( 2365): Timeline: Activity_windows_visible id: ActivityRecord{283104a9 u0 com.sec.android.app.launcher/com.android.launcher2.Launcher t4036} time:43496590
I/SurfaceFlinger( 1811): id=2207 Removed SecentsActi (6/8)
I/SurfaceFlinger( 1811): id=2207 Removed SecentsActi (-2/8)
D/libEGL  ( 1811): eglTerminate EGLDisplay = 0xbe9ccb34
D/StatusBar.NetworkController( 2610): onDataActivity: direction=0
D/StatusBar.NetworkController( 2610): updateDataIcon, mDataDirectionIconId = com.android.systemui:drawable/stat_sys_data_connected_h_plus mDataConnected = true
I/InputReader( 2365): Touch event's action is 0x0 (deviceType=0) [pCnt=1, s=0.5151 ] when=43496933284000
D/InputReader( 2365): lastThreadEndTime = 43495894138007, currentThreadStartTime = 43495894156924, diff = 0
I/InputDispatcher( 2365): Delivering touch to (2610): action: 0x4, toolType: 1
I/InputDispatcher( 2365): Delivering touch to (2861): action: 0x0, toolType: 1
I/InputDispatcher( 2365): Delivering touch to (2743): action: 0x0, toolType: 1
D/ViewRootImpl( 2861): ViewPostImeInputStage ACTION_DOWN
D/libEGL  ( 1811): eglInitialize EGLDisplay = 0xbe9cc294
D/StatusBar.NetworkController( 2610): refreshViews connected={ data } level=4 combinedSignalIconId=0x7f02055a/com.android.systemui:drawable/stat_sys_signal_4_auto_rotate mobileLabel=HoT wifiLabel= emergencyOnly=false combinedLabel=HoT mAirplaneMode=false mDataActivity=0 mPhoneSignalIconId=0x7f02055a/com.android.systemui:drawable/stat_sys_signal_4_auto_rotate mQSPhoneSignalIconId=0x7f020156/com.android.systemui:drawable/ic_qs_signal_4 mDataDirectionIconId=0x7f0203b6/com.android.systemui:drawable/stat_sys_data_connected_h_plus mDataSignalIconId=0x7f02055a/com.android.systemui:drawable/stat_sys_signal_4_auto_rotate mDataTypeIconId=0x7f0203b6/com.android.systemui:drawable/stat_sys_data_connected_h_plus mQSDataTypeIconId=0x0/(null) mNoSimIconId=0x0/(null) mWifiIconId=0x0/(null) mQSWifiIconId=0x0/(null) mWifiActivityIconId=0x0/(null) mBluetoothTetherIconId=0x7f0205b6/com.android.systemui:drawable/stat_sys_tether_bluetooth
D/StatusBar.NetworkController( 2610): refreshNwBoosterIndicator - setNWBoosterIndicators(false)
D/StatusBar.NetworkController( 2610): refreshNwBoosterIndicator - setNWBoosterIndicators(false)
D/StatusBar.NetworkController( 2610): refreshNwBoosterIndicator - setNWBoosterIndicators(false)
D/StatusBar.NetworkController( 2610): refreshNwBoosterIndicator - setNWBoosterIndicators(false)
I/InputReader( 2365): Touch event's action is 0x1 (deviceType=0) [pCnt=1, s=] when=43497030294000
I/InputDispatcher( 2365): Delivering touch to (2861): action: 0x1, toolType: 1
I/InputDispatcher( 2365): Delivering touch to (2743): action: 0x1, toolType: 1
D/libEGL  ( 1811): eglInitialize EGLDisplay = 0xbe9cc294
D/libEGL  ( 1811): eglInitialize EGLDisplay = 0xbe9cc294
I/display ( 1811): [DYNAMIC_RECOMP] HWC_2_GLES by low FPS(0)
I/InputReader( 2365): Touch event's action is 0x0 (deviceType=0) [pCnt=1, s=0.5152 ] when=43497914802000
D/InputReader( 2365): lastThreadEndTime = 43497030557342, currentThreadStartTime = 43497030565467, diff = 0
I/InputDispatcher( 2365): Delivering touch to (2610): action: 0x4, toolType: 1
I/InputDispatcher( 2365): Delivering touch to (2861): action: 0x0, toolType: 1
I/InputDispatcher( 2365): Delivering touch to (2743): action: 0x0, toolType: 1
D/ViewRootImpl( 2861): ViewPostImeInputStage ACTION_DOWN
I/InputReader( 2365): Touch event's action is 0x1 (deviceType=0) [pCnt=1, s=] when=43497986801000
I/InputDispatcher( 2365): Delivering touch to (2861): action: 0x1, toolType: 1
I/InputDispatcher( 2365): Delivering touch to (2743): action: 0x1, toolType: 1
I/Timeline( 2861): Timeline: Activity_launch_request id:com.mythHunter.app time:43498017
D/InputDispatcher( 2365): Focused application set to: xxxx
D/InputDispatcher( 2365): Focus left window: 2861
D/PhoneWindow( 2365): *FMB* installDecor mIsFloating : false
D/PhoneWindow( 2365): *FMB* installDecor flags : 8586520
D/ViewRootImpl( 2365): Buffer Count from app info with  ::-1 && -1 for :: android from View :: -1 DBQ Enabled ::false false
D/Launcher.HomeView( 2861): onPause
D/PointerIcon( 2365): setMouseIconStyle1 pointerType: 1001 iconType:101 flag:0 pid:2365 uid:1000
D/PointerIcon( 2365): setMouseCustomIcon IconType is same.101
D/PointerIcon( 2365): setHoveringSpenIconStyle1 pointerType: 10001 iconType:1 flag:0 pid:2365 uid:1000
D/PointerIcon( 2365): setHoveringSpenCustomIcon IconType is same.1
D/PhoneWindow( 2365): *FMB* isFloatingMenuEnabled mFloatingMenuBtn : null
D/PhoneWindow( 2365): *FMB* isFloatingMenuEnabled return false
D/Launcher( 2861): Launcher::setSystemUiTransparency(): getSystemUiVisibility() after setting  = 0
I/SurfaceFlinger( 1811): id=2209 createSurf (1x1),1 flag=404, bpp
V/TaskCloserActivity( 9369): TaskCloserActivity onReceive() - com.sec.android.intent.action.HOME_PAUSE
E/Zygote  ( 9541): MountEmulatedStorage()
E/Zygote  ( 9541): v2
I/SELinux ( 9541): Function: selinux_compare_spd_ram , priority [2] , priority version is VE=SEPF_SM-G800F_5.1.1_0045
E/SELinux ( 9541): [DEBUG] get_category: variable seinfo: default sensitivity: NULL, cateogry: NULL
D/libEGL  ( 1811): eglInitialize EGLDisplay = 0xbe9cc294
D/TimaKeyStoreProvider( 9541): TimaSignature is unavailable
D/ActivityThread( 9541): Added TimaKeyStore provider
D/WindowOrientationListener( 2365): sensor enabled
D/SensorService( 2365): [SO] changed settle time [1]
D/SensorService( 2365): [SO] setDelay [66000000]
D/SensorService( 2365): [SO] activate (ident=0x47b700a0, enabled=1)
D/SensorService( 2365): [SO] AR_init
I/Sensors ( 2365): HAL:resetDataRates mEnabled=4
I/Sensors ( 2365): MPLSensor::storeFinalDelay, gyro=65, accel=65, mag=65, orient=20, grv=20, timeout=0
D/SensorManager( 2365): registerListener :: 1600221811, Screen Orientation Sensor, 0, 0,  
V/WindowOrientationListener( 2365): setCurrentAppOrientation :10
V/WindowOrientationListener( 2365): ScreenOrientationEventListenerImpl.getProposedRotationLocked, Rotation: -1
V/WindowOrientationListener( 2365): ScreenOrientationEventListenerImpl.getProposedRotationLocked, Rotation: -1
I/display ( 1811): [DYNAMIC_RECOMP] GLES_2_HWC by high FPS(24)
D/libEGL  ( 1811): eglTerminate EGLDisplay = 0x406abad4
D/libEGL  ( 1811): eglTerminate EGLDisplay = 0x406abad4
D/libEGL  ( 1811): eglTerminate EGLDisplay = 0x406abad4
D/WallpaperService( 2743): MSG_WINDOW_RESIZED
I/SurfaceFlinger( 1811): id=2208 Removed Mauncher (2/8)
D/libEGL  ( 1811): eglTerminate EGLDisplay = 0xbe9ccb34
I/SurfaceFlinger( 1811): id=2208 Removed Mauncher (-2/8)
W/ResourceType( 9541): Failure getting entry for 0x01080ad4 (t=7 e=2772) (error -75)
D/SensorService( 2365): [SO] currT = 179530322770027, prevT = 179460861396328, diff = 69461373699, [-0.147 0.128 9.806]
D/SensorService( 2365): [SO] Reset Rotation Old [100], Init [1]
W/linker  ( 9541): libunity.so: unused DT entry: type 0x6ffffffe arg 0x9ac8
W/linker  ( 9541): libunity.so: unused DT entry: type 0x6fffffff arg 0x1
D/SensorService( 2365): [SO] currT = 179530388126319, prevT = 179460861396328, diff = 69526729991, [-0.190 0.107 9.732]
D/SensorService( 2365): [SO] -0.190 0.107 9.732
D/SensorService( 2365): [SO] -0.190 0.107 9.732
D/SensorService( 2365): [SO] [100 -> 255]
W/ResourceType( 9541): Failure getting entry for 0x01080ad4 (t=7 e=2772) (error -75)
D/PhoneWindow( 9541): *FMB* installDecor mIsFloating : false
D/PhoneWindow( 9541): *FMB* installDecor flags : -2139028224
D/ViewRootImpl( 9541): Buffer Count from app info with  ::-1 && -1 for :: com.mythHunter.app from View :: -1 DBQ Enabled ::false false
D/ActivityManager( 2365): post active user change for 0 fullscreen true isFloatingActivity() false isHomeActivity() false
D/KnoxTimeoutHandler( 2365): postActiveUserChange for user 0
I/KnoxTimeoutHandler( 2365): postActiveUserChange, showWhenLocked: false
D/KnoxTimeoutHandler( 2365): handleActiveUserChange for user 0
D/PhoneWindow( 9541): *FMB* isFloatingMenuEnabled mFloatingMenuBtn : null
D/PhoneWindow( 9541): *FMB* isFloatingMenuEnabled return false
I/KnoxTimeoutHandler( 2365): Shared devices show user statefalse
I/SurfaceFlinger( 1811): id=2210 createSurf (1x1),1 flag=4, VnityPlayer
D/InputDispatcher( 2365): Focus entered window: 9541
D/PointerIcon( 2365): setMouseIconStyle1 pointerType: 1001 iconType:101 flag:0 pid:2365 uid:1000
D/PointerIcon( 2365): setMouseCustomIcon IconType is same.101
D/PointerIcon( 2365): setHoveringSpenIconStyle1 pointerType: 10001 iconType:1 flag:0 pid:2365 uid:1000
D/PointerIcon( 2365): setHoveringSpenCustomIcon IconType is same.1
I/SurfaceFlinger( 1811): id=2211 createSurf (720x1280),2 flag=404, TurfaceView
D/SRIB_DBQ( 9541): SurfaceView:updateWindow: viewRoot.sSVBufferCount=-1 mSVBufferCount=-1
D/InputMethodManagerService( 2365): windowGainedFocus mCurrentFocusedUserId - 0 and mSecureKeypadEnabled-false
D/libEGL  ( 1811): eglInitialize EGLDisplay = 0xbe9cc294
I/Timeline( 2365): Timeline: Activity_windows_visible id: ActivityRecord{e04be7d u0 com.mythHunter.app/com.unity3d.player.UnityPlayerActivity t4122} time:43498514
I/Timeline( 9541): Timeline: Activity_idle id: android.os.BinderProxy@10a5521c time:43498556
D/Launcher.HomeView( 2861): onStop
D/Launcher( 2861): onTrimMemory. Level: 20
V/WindowOrientationListener( 2365): WindowOrientationListener disabled
D/SensorService( 2365): cleanupWithoutDisableLocked - size : 0, ref : 2
D/SensorService( 2365): [SO] activate (ident=0x47b700a0, enabled=0)
V/MPL-storeload( 2365): inv_get_mpl state size = 6040
V/MPL-storeload( 2365): calData from inv_save_mpl_states, size=2
V/MPL-storeload( 2365): cal data size to write = 6040
V/MPL-storeload( 2365): Bytes written = 6040
E/Sensors ( 2365): ~SensorEventQueue 0
D/SensorService( 2365): cleanupConnection - size : 0, ref : 0
E/        ( 2365): BitTube(): close sendFd (443)
E/        ( 2365): BitTube(): close receivedFd (433)
D/SensorManager( 2365): unregisterListener ::   
V/WindowOrientationListener( 2365): setCurrentAppOrientation :1
D/libEGL  ( 9541): loaded /system/lib/egl/libEGL_mali.so
D/libEGL  ( 9541): loaded /system/lib/egl/libGLESv1_CM_mali.so
I/SurfaceFlinger( 1811): id=2209 Removed bpp (7/9)
I/SurfaceFlinger( 1811): id=2209 Removed bpp (-2/9)
D/libEGL  ( 1811): eglTerminate EGLDisplay = 0xbe9ccb34
W/System.err( 2365): remove failed: ENOENT (No such file or directory) : /data/system/recent_tasks/4122_task.xml.bak
D/libEGL  ( 9541): loaded /system/lib/egl/libGLESv2_mali.so
I/Mali    ( 9541): Mali API Version : 401
I/Mali    ( 9541): Mali REVISION: Linux-r4p0-00rel0  BUILD_DATE: 2014-11-10 20:23:11 
D/libEGL  ( 9541): eglInitialize EGLDisplay = 0x54d6f964
E/Unity   ( 9541): [EGL] eglChooseConfig(m_EGLDisplay, configAttribs, NULL, 0, &eglConfigCount): EGL_BAD_ATTRIBUTE: An unrecognized attribute or attribute value was passed in the attribute list.
E/Unity   ( 9541):  
E/Unity   ( 9541): (Filename: ./Runtime/GfxDevice/egl/ConfigEGL.cpp Line: 347)
E/Unity   ( 9541): 
E/Unity   ( 9541): [EGL] eglChooseConfig(m_EGLDisplay, configAttribs, NULL, 0, &eglConfigCount): EGL_BAD_ATTRIBUTE: An unrecognized attribute or attribute value was passed in the attribute list.
E/Unity   ( 9541):  
E/Unity   ( 9541): (Filename: ./Runtime/GfxDevice/egl/ConfigEGL.cpp Line: 347)
E/Unity   ( 9541): 
E/Unity   ( 9541): [EGL] eglChooseConfig(m_EGLDisplay, configAttribs, NULL, 0, &eglConfigCount): EGL_BAD_ATTRIBUTE: An unrecognized attribute or attribute value was passed in the attribute list.
E/Unity   ( 9541):  
E/Unity   ( 9541): (Filename: ./Runtime/GfxDevice/egl/ConfigEGL.cpp Line: 347)
E/Unity   ( 9541): 
D/libEGL  ( 9541): eglInitialize EGLDisplay = 0x54d6f904
E/Unity   ( 9541): [EGL] eglChooseConfig(m_EGLDisplay, configAttribs, NULL, 0, &eglConfigCount): EGL_BAD_ATTRIBUTE: An unrecognized attribute or attribute value was passed in the attribute list.
E/Unity   ( 9541):  
E/Unity   ( 9541): (Filename: ./Runtime/GfxDevice/egl/ConfigEGL.cpp Line: 347)
E/Unity   ( 9541): 
E/Unity   ( 9541): [EGL] eglChooseConfig(m_EGLDisplay, configAttribs, NULL, 0, &eglConfigCount): EGL_BAD_ATTRIBUTE: An unrecognized attribute or attribute value was passed in the attribute list.
E/Unity   ( 9541):  
E/Unity   ( 9541): (Filename: ./Runtime/GfxDevice/egl/ConfigEGL.cpp Line: 347)
E/Unity   ( 9541): 
E/Unity   ( 9541): [EGL] eglChooseConfig(m_EGLDisplay, configAttribs, NULL, 0, &eglConfigCount): EGL_BAD_ATTRIBUTE: An unrecognized attribute or attribute value was passed in the attribute list.
E/Unity   ( 9541):  
E/Unity   ( 9541): (Filename: ./Runtime/GfxDevice/egl/ConfigEGL.cpp Line: 347)
E/Unity   ( 9541): 
D/libEGL  ( 9541): eglInitialize EGLDisplay = 0x54d6f90c
D/Unity   ( 9541): GL_EXT_debug_marker GL_OES_texture_npot GL_OES_compressed_ETC1_RGB8_texture GL_OES_standard_derivatives GL_OES_EGL_image GL_OES_depth24 GL_ARM_rgba8 GL_ARM_mali_shader_binary GL_OES_depth_texture GL_OES_packed_depth_stencil GL_EXT_texture_format_BGRA8888 GL_OES_vertex_half_float GL_EXT_blend_minmax GL_OES_EGL_image_external GL_OES_EGL_sync GL_OES_rgb8_rgba8 GL_EXT_multisampled_render_to_texture GL_EXT_discard_framebuffer GL_OES_get_program_binary GL_ARM_mali_program_binary GL_EXT_shader_texture_lod GL_EXT_robustness GL_OES_depth_texture_cube_map GL_KHR_debug 
W/libc    ( 9541): pthread_create sched_setscheduler call failed: Operation not permitted
I/AudioPolicyManager( 1829): getOutputForAttr() device 0x2, samplingRate 24000, format 4443d010, channelMask 1, flags 0
I/AudioPolicyManager( 1829): getOutputForAttr() output 2
W/AudioPolicyIntefaceImpl( 1829): Skipped to add effects on session 129
I/AudioPolicyManager( 1829): startOutput() output 2, stream 3, session 129
I/AudioPolicyManager( 1829): changeRefCount() stream 3, count 1
I/AudioPolicyManager( 1829): setOutputDevice() setting same device 0002 or null device for output 2
D/AudioMixer( 1829): setResampler format 1, data ch 2, src 24000, dst 48000, dnmix 0, reformat 0
D/SoundAliveResampler( 1829): [SoundAliveResampler] Init+++
I/AudioHardwareTinyALSA( 1829): AudioStreamOutALSA::write setDevice
E/AudioHardwareTinyALSA( 1829): int android::AudioHardwareTinyALSA::open_hdmi_driver() cannot open video16 (-1)
D/AudioHardwareTinyALSA( 1829): OutALSA::setDevice: mode = 0, newDevice=0x2, currentDevice=0x2 ,force= 0
D/AudioHardwareTinyALSA( 1829): OutALSA::setDevice: mDevice 0x2, newDevice = 0x2
D/AudioHardwareTinyALSA( 1829): setOutputVolume
D/TinyUCM ( 1829): setModifier Normal, en=1
I/AudioHardwareTinyALSA( 1829): OutALSA::setDevice: mHandle NULL mode[0], Device[00000002] 
I/AudioHardwareTinyALSA( 1829): Open: mDefaults->direction=0 device=3
D/AudioHardwareTinyALSA( 1829): Channel: 2, Samplerate: 48000, Format: 0, Peroid Size: 960, Period Count: 4
D/AudioHardwareTinyALSA( 1829): ALSAStreamOps::open: after pcm_open: Card: 0, Device: 3
I/AudioHardwareTinyALSA( 1829): before pcm_prepare
D/AudioHardwareTinyALSA( 1829): [NXP] set PcmInterface is called
D/AudioHardwareTinyALSA( 1829): setPcmInterface: Stream=0x1, iSamplerate=8000++
D/AudioHardwareTinyALSA( 1829): setPcmInterface--
I/SensorService( 2365): Skipped sensor HRM ADI Sensor because it requires permission com.samsung.permission.SSENSOR
I/SensorService( 2365): Skipped sensor HRM Sensor because it requires permission 
I/SensorService( 2365): Skipped sensor HeartRate Sensor because it requires permission android.permission.BODY_SENSORS
I/Sensors ( 2365): HAL:resetDataRates mEnabled=4
I/Sensors ( 2365): MPLSensor::storeFinalDelay, gyro=5, accel=5, mag=10, orient=20, grv=20, timeout=0
I/Sensors ( 2365): HAL:resetDataRates mEnabled=4
I/Sensors ( 2365): MPLSensor::storeFinalDelay, gyro=20, accel=20, mag=20, orient=20, grv=20, timeout=0
D/libEGL  ( 1811): eglInitialize EGLDisplay = 0xbe9cc294
D/libEGL  ( 1811): eglInitialize EGLDisplay = 0xbe9cc294
D/libEGL  ( 1811): eglInitialize EGLDisplay = 0xbe9cc294
I/BackgroundCompactionService( 2365): onIdleStop
W/Unity   ( 9541): The referenced script on this Behaviour is missing!
W/Unity   ( 9541):  
W/Unity   ( 9541): (Filename:  Line: 1649)
W/Unity   ( 9541): 
W/SensorService( 2365): sensor 00000002 already enabled in connection 0x426023a0 (ignoring)
I/Sensors ( 2365): HAL:resetDataRates mEnabled=4
I/Sensors ( 2365): MPLSensor::storeFinalDelay, gyro=5, accel=5, mag=10, orient=20, grv=20, timeout=0
I/Sensors ( 2365): HAL:resetDataRates mEnabled=4
I/Sensors ( 2365): MPLSensor::storeFinalDelay, gyro=20, accel=20, mag=20, orient=20, grv=20, timeout=0
I/AudioPolicyManager( 1829): getOutputForAttr() device 0x2, samplingRate 24000, format 4443d010, channelMask 1, flags 0
I/AudioPolicyManager( 1829): getOutputForAttr() output 2
W/AudioPolicyIntefaceImpl( 1829): Skipped to add effects on session 130
I/AudioPolicyManager( 1829): startOutput() output 2, stream 3, session 130
I/AudioPolicyManager( 1829): changeRefCount() stream 3, count 2
D/AudioMixer( 1829): setResampler format 1, data ch 2, src 24000, dst 48000, dnmix 0, reformat 0
D/SoundAliveResampler( 1829): [SoundAliveResampler] Init+++
I/AudioPolicyManager( 1829): stopOutput() output 2, stream 3, session 129
I/AudioPolicyManager( 1829): changeRefCount() stream 3, count 1
I/Unity   ( 9541): AndroidJavaException: java.lang.RuntimeException: Can't create handler inside thread that has not called Looper.prepare()
I/Unity   ( 9541):   at UnityEngine.AndroidJNISafe.CheckException () [0x00000] in <filename unknown>:0 
I/Unity   ( 9541):   at UnityEngine.AndroidJNISafe.NewObject (IntPtr clazz, IntPtr methodID, UnityEngine.jvalue[] args) [0x00000] in <filename unknown>:0 
I/Unity   ( 9541):   at UnityEngine.AndroidJavaObject._AndroidJavaObject (System.String className, System.Object[] args) [0x00000] in <filename unknown>:0 
I/Unity   ( 9541):   at UnityEngine.AndroidJavaObject..ctor (System.String className, System.Object[] args) [0x00000] in <filename unknown>:0 
I/Unity   ( 9541):   at Assets.Scripts.Helper.GPSHelper..ctor () [0x00000] in <filename unknown>:0 
I/Unity   ( 9541):   at Assets.Scripts.Helper.GPSHelper.get_instance () [0x00000] in <filename unknown>:0 
I/Unity   ( 9541):   at Assets.Scripts.SceneScripts.Login.Start () [0x00000] in <filename unknown>:0 
I/Unity   ( 9541):  
I/Unity   ( 9541): (Filename:  Line: -1)
I/Unity   ( 9541): 
D/AlarmManagerService( 2365): Kernel timezone updated to -120 minutes west of GMT
D/AirplaneModeTile( 2610): onServiceStateChanged(0) : 0
D/AirplaneModeTile( 2610): mPhoneStateListener - inAirplaneMode : false
D/AirplaneModeTile( 2610): Alert Dialog is not showing
D/AirplaneModeTile( 2610):  value : false, DB : 0
D/StatusBar.NetworkController( 2610): onServiceStateChanged voiceState=0 dataState=0
D/StatusBar.NetworkController( 2610): onServiceStateChanged mDataNetType=3
D/StatusBar.NetworkController( 2610): updateTelephonySignalStrength: hasService=true ss=SignalStrength: 16 0 -16 -200 -16 -200 -1 0 2147483647 2147483647 -200 0 2147483647 0x4 gsm|lte
D/StatusBar.NetworkController( 2610): updateTelephonySignalStrength: iconLevel=4
D/StatusBar.NetworkController( 2610): updateTelephonySignalStrength, No signal level. mPhoneSignalIconId = com.android.systemui:drawable/stat_sys_signal_4_auto_rotate mDataSignalIconId = com.android.systemui:drawable/stat_sys_signal_4_auto_rotate mQSPhoneSignalIconId = com.android.systemui:drawable/ic_qs_signal_4 mContentDescriptionPhoneSignal = Volle Signalstärke
D/StatusBar.NetworkController( 2610): getUpdateDataNetType(): 3
D/StatusBar.NetworkController( 2610): updateDataNetType()
D/StatusBar.NetworkController( 2610): Nothing, mRoamingIconId = 0
D/StatusBar.NetworkController( 2610): updateDataIcon, mDataDirectionIconId = com.android.systemui:drawable/stat_sys_data_fully_connected_3g mDataConnected = true
D/PR.PopupuiReceiver( 9418): >> onReceive() : android.intent.action.NETWORK_SET_TIMEZONE
D/SecContentProvider2( 2365): query(), uri = -1 selection = getSealedState
D/SecContentProvider2( 2365): query(), uri = 15 selection = getSealedHideNotificationMessages
D/ConnectivityManager.CallbackHandler( 2610): CM callback handler got msg 524290
I/PopupuiReceiver_KNOX( 9418): getSealedHideNotificationMessages : 0
D/SecContentProvider2( 2365): query(), uri = 15 selection = getCheckCoverPopupState
D/ConnectivityManager.CallbackHandler( 8443): CM callback handler got msg 524290
D/Mms:transaction( 9087): Service state changed: Bundle[mParcelledData.dataSize=1288]
D/Mms:transaction( 9087): roaming ------> false, mSimSlot = 0
D/ConnectivityManager.CallbackHandler(27714): CM callback handler got msg 524290
D/ConnectivityManager.CallbackHandler( 2610): CM callback handler got msg 524294
D/Mms:transaction( 9087): roaming -> false (slotId = 0)
D/ConnectivityManager.CallbackHandler(20824): CM callback handler got msg 524290
D/Mms:transaction( 9087): [NotificationTransaction] getAutoDownloadState simSlot : 0
D/Mms:transaction( 9087): auto download without roaming -> true
D/Mms:transaction( 9087): [NotificationTransaction] getAutoDownloadState alwaysAuto : false, roaming : false
D/Mms:transaction( 9087): mAutoDownload ------> true
D/ConnectivityManager.CallbackHandler(27714): CM callback handler got msg 524294
E/ConnectivityService( 2365): updateNetworkInfo()
I/PopupuiReceiver_KNOX( 9418): getCheckCoverPopupState : true
D/PR.PopupuiReceiver( 9418): NETWORK_SET_TIME prevMCCvalue : -111
D/PR.PopupuiReceiver( 9418): gsm.operator.numeric : 232
D/ConnectivityManager.CallbackHandler( 8443): CM callback handler got msg 524294
D/ConnectivityService( 2365): updateLinkProperties: newLp = {InterfaceName: rmnet0 LinkAddresses: [10.169.74.109/32,]  Routes: [0.0.0.0/0 -> 10.169.74.1 rmnet0,] DnsAddresses: [213.162.69.1,213.162.69.169,] Domains: null MTU: 0 TcpBufferSizes: 58254,349525,1048576,58254,349525,1048576}, oldLp = {InterfaceName: rmnet0 LinkAddresses: [10.169.74.109/32,]  Routes: [0.0.0.0/0 -> 10.169.74.1 rmnet0,] DnsAddresses: [213.162.69.1,213.162.69.169,] Domains: null MTU: 0 TcpBufferSizes: 122334,734003,2202010,32040,192239,576717}
D/StatusBar.NetworkController( 2610): onDataConnectionStateChanged: state=2 type=3
D/StatusBar.NetworkController( 2610): getUpdateDataNetType(): 3
D/StatusBar.NetworkController( 2610): updateDataNetType()
I/SNL     (26096): Proxy service version is 2.7.9.2
I/SNL     (26096): SNL :: p_nc - Call(1)
D/ConnectivityManager.CallbackHandler(20824): CM callback handler got msg 524294
I/SNL     (26096): SNL :: p_nc - version 0.2.7.9.2
D/StatusBar.NetworkController( 2610): Nothing, mRoamingIconId = 0
I/SNL     (26096): SNL :: APM::onNotifyNetChange - Guard Locked
I/SNL     (26096): SNL :: APM::onNotifyNetChange - Guard Locked
I/SNL     (26096): SNL :: APM::onNotifyNetChange - end
D/PR.PopupuiReceiver( 9418): MCC init : mccstrcmp
D/PhoneApp( 2845): PhoneAppBroadcastReceiver onReceive android.intent.action.SERVICE_STATE
I/SNL     (26096): SNL :: p_nc - Res()
D/PhoneMultiSimUtils( 2845): getPhoneBySubId: subId =1
D/NtpTrustedTime( 2365): currentTimeMillis() cache hit
D/StatusBar.NetworkController( 2610): updateDataIcon, mDataDirectionIconId = com.android.systemui:drawable/stat_sys_data_fully_connected_3g mDataConnected = true
D/NotificationMgr( 2845): updateNetworkSelection()...serviceState = 0 networkSelection:  subId: 1 SimState:5
D/PhoneApp( 2845): PhoneAppBroadcastReceiver onReceive android.intent.action.ANY_DATA_STATE
D/StatusChecker( 9438): onReceive : android.intent.action.SERVICE_STATE
D/FileWriteThread_Telephony( 2845): FileWriteThread : threadType = 2
D/StatusChecker( 9438): onReceive : SIMChangeAlertOption disabled return
D/StatusBar.NetworkController( 2610): onDataActivity: direction=2
D/StatusBar.NetworkController( 2610): updateDataIcon, mDataDirectionIconId = com.android.systemui:drawable/stat_sys_data_fully_connected_3g mDataConnected = true
D/NtpTrustedTime( 2365): currentTimeMillis() cache hit
D/NtpTrustedTime( 2365): currentTimeMillis() cache hit
D/ConnectivityManager.CallbackHandler( 2610): CM callback handler got msg 524295
D/ConnectivityManager.CallbackHandler(27714): CM callback handler got msg 524295
D/NtpTrustedTime( 2365): currentTimeMillis() cache hit
D/ConnectivityService( 2365): Not required to send intent.
D/ConnectivityManager.CallbackHandler(20824): CM callback handler got msg 524295
D/ConnectivityManager.CallbackHandler( 8443): CM callback handler got msg 524295
D/ConnectivityManager.CallbackHandler( 2610): CM callback handler got msg 524295
D/ConnectivityManager.CallbackHandler(20824): CM callback handler got msg 524295
D/ConnectivityManager.CallbackHandler(27714): CM callback handler got msg 524295
D/ConnectivityManager.CallbackHandler( 8443): CM callback handler got msg 524295
D/StatusBar.NetworkController( 2610): refreshViews connected={ data } level=4 combinedSignalIconId=0x7f02055a/com.android.systemui:drawable/stat_sys_signal_4_auto_rotate mobileLabel=HoT wifiLabel= emergencyOnly=false combinedLabel=HoT mAirplaneMode=false mDataActivity=2 mPhoneSignalIconId=0x7f02055a/com.android.systemui:drawable/stat_sys_signal_4_auto_rotate mQSPhoneSignalIconId=0x7f020156/com.android.systemui:drawable/ic_qs_signal_4 mDataDirectionIconId=0x7f0203cd/com.android.systemui:drawable/stat_sys_data_fully_connected_3g mDataSignalIconId=0x7f02055a/com.android.systemui:drawable/stat_sys_signal_4_auto_rotate mDataTypeIconId=0x7f020383/com.android.systemui:drawable/stat_sys_data_connected_3g mQSDataTypeIconId=0x7f020155/com.android.systemui:drawable/ic_qs_signal_3g mNoSimIconId=0x0/(null) mWifiIconId=0x0/(null) mQSWifiIconId=0x0/(null) mWifiActivityIconId=0x0/(null) mBluetoothTetherIconId=0x7f0205b6/com.android.systemui:drawable/stat_sys_tether_bluetooth
D/StatusBar.NetworkController( 2610): refreshNwBoosterIndicator - setNWBoosterIndicators(false)
D/StatusBar.NetworkController( 2610): refreshNwBoosterIndicator - setNWBoosterIndicators(false)
D/StatusBar.NetworkController( 2610): refreshNwBoosterIndicator - setNWBoosterIndicators(false)
D/StatusBar.NetworkController( 2610): refreshNwBoosterIndicator - setNWBoosterIndicators(false)
D/libEGL  ( 1811): eglInitialize EGLDisplay = 0xbe9cc294
D/StatusBar.NetworkController( 2610): onDataActivity: direction=0
D/StatusBar.NetworkController( 2610): updateDataIcon, mDataDirectionIconId = com.android.systemui:drawable/stat_sys_data_fully_connected_3g mDataConnected = true
D/StatusBar.NetworkController( 2610): refreshViews connected={ data } level=4 combinedSignalIconId=0x7f02055a/com.android.systemui:drawable/stat_sys_signal_4_auto_rotate mobileLabel=HoT wifiLabel= emergencyOnly=false combinedLabel=HoT mAirplaneMode=false mDataActivity=0 mPhoneSignalIconId=0x7f02055a/com.android.systemui:drawable/stat_sys_signal_4_auto_rotate mQSPhoneSignalIconId=0x7f020156/com.android.systemui:drawable/ic_qs_signal_4 mDataDirectionIconId=0x7f0203cd/com.android.systemui:drawable/stat_sys_data_fully_connected_3g mDataSignalIconId=0x7f02055a/com.android.systemui:drawable/stat_sys_signal_4_auto_rotate mDataTypeIconId=0x7f020383/com.android.systemui:drawable/stat_sys_data_connected_3g mQSDataTypeIconId=0x7f020155/com.android.systemui:drawable/ic_qs_signal_3g mNoSimIconId=0x0/(null) mWifiIconId=0x0/(null) mQSWifiIconId=0x0/(null) mWifiActivityIconId=0x0/(null) mBluetoothTetherIconId=0x7f0205b6/com.android.systemui:drawable/stat_sys_tether_bluetooth
D/StatusBar.NetworkController( 2610): refreshNwBoosterIndicator - setNWBoosterIndicators(false)
D/StatusBar.NetworkController( 2610): refreshNwBoosterIndicator - setNWBoosterIndicators(false)
D/StatusBar.NetworkController( 2610): refreshNwBoosterIndicator - setNWBoosterIndicators(false)
D/StatusBar.NetworkController( 2610): refreshNwBoosterIndicator - setNWBoosterIndicators(false)
D/KeyguardUpdateMonitor( 2610): received broadcast android.intent.action.BATTERY_CHANGED
I/PERF    ( 2610): received broadcast android.intent.action.BATTERY_CHANGED
D/KeyguardUpdateMonitor( 2610): handleBatteryUpdate
I/DBG_FMMDM(29999): [50.20.150813][Line:931][onReceive] Batter Changed
I/DBG_FMMDM(29999): [50.20.150813][Line:1283][xlawmoAdpGetUltraBatteryLevel] cnt: 70
D/com.facebook.appevents.AppEventsLogger(27714): Got unexpected exception: java.io.EOFException
I/DBG_FMMDM(29999): [50.20.150813][Line:1293][xlawmoAdpGetBatteryStatus] xlawmoAdpGetBatteryStatus
I/DBG_FMMDM(29999): [50.20.150813][Line:1295][xlawmoAdpGetBatteryStatus] 
I/DBG_FMMDM(29999): [50.20.150813][Line:1321][xlawmoAdpGetBatteryStatus] szBatteryStatus = CHARGING
I/DBG_FMMDM(29999): [50.20.150813][Line:529][xdbLawmoGetExtLastLoactionSet] LastLoactionSet : 0
I/DBG_FMMDM(29999): [50.20.150813][Line:360][xlawmoAdpGetLastLocationState] Device LastLocationMode state : 0
I/DBG_FMMDM(29999): [50.20.150813][Line:839][xdmBroadcastBatteryInfo] Battery Flag : 0
I/DBG_FMMDM(29999): [50.20.150813][Line:840][xdmBroadcastBatteryInfo] Battery szBatteryStatus : CHARGING
D/KeyguardUpdateMonitor( 2610): received broadcast android.intent.action.BATTERY_CHANGED
I/PERF    ( 2610): received broadcast android.intent.action.BATTERY_CHANGED
D/KeyguardUpdateMonitor( 2610): handleBatteryUpdate
I/DBG_FMMDM(29999): [50.20.150813][Line:931][onReceive] Batter Changed
I/DBG_FMMDM(29999): [50.20.150813][Line:1283][xlawmoAdpGetUltraBatteryLevel] cnt: 70
I/DBG_FMMDM(29999): [50.20.150813][Line:1293][xlawmoAdpGetBatteryStatus] xlawmoAdpGetBatteryStatus
I/DBG_FMMDM(29999): [50.20.150813][Line:1295][xlawmoAdpGetBatteryStatus] 
I/DBG_FMMDM(29999): [50.20.150813][Line:1321][xlawmoAdpGetBatteryStatus] szBatteryStatus = CHARGING
I/DBG_FMMDM(29999): [50.20.150813][Line:529][xdbLawmoGetExtLastLoactionSet] LastLoactionSet : 0
I/DBG_FMMDM(29999): [50.20.150813][Line:360][xlawmoAdpGetLastLocationState] Device LastLocationMode state : 0
I/DBG_FMMDM(29999): [50.20.150813][Line:839][xdmBroadcastBatteryInfo] Battery Flag : 0
I/DBG_FMMDM(29999): [50.20.150813][Line:840][xdmBroadcastBatteryInfo] Battery szBatteryStatus : CHARGING
D/KeyguardUpdateMonitor( 2610): received broadcast android.intent.action.TIME_TICK
I/PERF    ( 2610): received broadcast android.intent.action.TIME_TICK
D/KeyguardUpdateMonitor( 2610): handleTimeUpdate
D/SecKeyguardClockView( 2610): onTimeChanged() : mShouldShowDualClock - false, isDualClockSet() -false
D/DateView( 2610): regionalDateFormat = 22.11.3333 isRTLlanguage = false returnDateFormat = E, d. MMMM
D/DateView( 2610): regionalDateFormat = 22.11.3333 isRTLlanguage = false returnDateFormat = E, d. MMMM
D/DateView( 2610): regionalDateFormat = 22.11.3333 isRTLlanguage = false returnDateFormat = E, d. MMMM
D/DateView( 2610): regionalDateFormat = 22.11.3333 isRTLlanguage = false returnDateFormat = E, d. MMMM
D/DateView( 2610): regionalDateFormat = 22.11.3333 isRTLlanguage = false returnDateFormat = E, d. MMMM
D/DateView( 2610): regionalDateFormat = 22.11.3333 isRTLlanguage = false returnDateFormat = E, d. MMMM
D/SecKeyguardStatusUtils( 2610): regionalDateFormat = 22.11.3333 isRTLlanguage = false returnDateFormat = E, d. MMMM
D/SecKeyguardStatusUtils( 2610): regionalDateFormat = 22.11.3333 isRTLlanguage = false returnDateFormat = E, d. MMMM
D/com.facebook.appevents.AppEventsLogger(27714): Got unexpected exception: java.io.EOFException
D/KeyguardUpdateMonitor( 2610): received broadcast android.intent.action.BATTERY_CHANGED
I/PERF    ( 2610): received broadcast android.intent.action.BATTERY_CHANGED
D/KeyguardUpdateMonitor( 2610): handleBatteryUpdate
I/DBG_FMMDM(29999): [50.20.150813][Line:931][onReceive] Batter Changed
I/DBG_FMMDM(29999): [50.20.150813][Line:1283][xlawmoAdpGetUltraBatteryLevel] cnt: 70
I/DBG_FMMDM(29999): [50.20.150813][Line:1293][xlawmoAdpGetBatteryStatus] xlawmoAdpGetBatteryStatus
I/DBG_FMMDM(29999): [50.20.150813][Line:1295][xlawmoAdpGetBatteryStatus] 
I/DBG_FMMDM(29999): [50.20.150813][Line:1321][xlawmoAdpGetBatteryStatus] szBatteryStatus = CHARGING
I/DBG_FMMDM(29999): [50.20.150813][Line:529][xdbLawmoGetExtLastLoactionSet] LastLoactionSet : 0
I/DBG_FMMDM(29999): [50.20.150813][Line:360][xlawmoAdpGetLastLocationState] Device LastLocationMode state : 0
I/DBG_FMMDM(29999): [50.20.150813][Line:839][xdmBroadcastBatteryInfo] Battery Flag : 0
I/DBG_FMMDM(29999): [50.20.150813][Line:840][xdmBroadcastBatteryInfo] Battery szBatteryStatus : CHARGING
D/StatusBar.NetworkController( 2610): onDataActivity: direction=2
D/StatusBar.NetworkController( 2610): updateDataIcon, mDataDirectionIconId = com.android.systemui:drawable/stat_sys_data_fully_connected_3g mDataConnected = true
D/StatusBar.NetworkController( 2610): refreshViews connected={ data } level=4 combinedSignalIconId=0x7f02055a/com.android.systemui:drawable/stat_sys_signal_4_auto_rotate mobileLabel=HoT wifiLabel= emergencyOnly=false combinedLabel=HoT mAirplaneMode=false mDataActivity=2 mPhoneSignalIconId=0x7f02055a/com.android.systemui:drawable/stat_sys_signal_4_auto_rotate mQSPhoneSignalIconId=0x7f020156/com.android.systemui:drawable/ic_qs_signal_4 mDataDirectionIconId=0x7f0203cd/com.android.systemui:drawable/stat_sys_data_fully_connected_3g mDataSignalIconId=0x7f02055a/com.android.systemui:drawable/stat_sys_signal_4_auto_rotate mDataTypeIconId=0x7f020383/com.android.systemui:drawable/stat_sys_data_connected_3g mQSDataTypeIconId=0x7f020155/com.android.systemui:drawable/ic_qs_signal_3g mNoSimIconId=0x0/(null) mWifiIconId=0x0/(null) mQSWifiIconId=0x0/(null) mWifiActivityIconId=0x0/(null) mBluetoothTetherIconId=0x7f0205b6/com.android.systemui:drawable/stat_sys_tether_bluetooth
D/StatusBar.NetworkController( 2610): refreshNwBoosterIndicator - setNWBoosterIndicators(false)
D/StatusBar.NetworkController( 2610): refreshNwBoosterIndicator - setNWBoosterIndicators(false)
D/StatusBar.NetworkController( 2610): refreshNwBoosterIndicator - setNWBoosterIndicators(false)
D/StatusBar.NetworkController( 2610): refreshNwBoosterIndicator - setNWBoosterIndicators(false)
D/AlarmManagerService( 2365): Kernel timezone updated to -120 minutes west of GMT
D/StatusBar.NetworkController( 2610): onServiceStateChanged voiceState=0 dataState=0
D/StatusBar.NetworkController( 2610): onServiceStateChanged mDataNetType=15
D/StatusBar.NetworkController( 2610): updateTelephonySignalStrength: hasService=true ss=SignalStrength: 16 0 -16 -200 -16 -200 -1 0 2147483647 2147483647 -200 0 2147483647 0x4 gsm|lte
D/StatusBar.NetworkController( 2610): updateTelephonySignalStrength: iconLevel=4
D/StatusBar.NetworkController( 2610): updateTelephonySignalStrength, No signal level. mPhoneSignalIconId = com.android.systemui:drawable/stat_sys_signal_4_auto_rotate mDataSignalIconId = com.android.systemui:drawable/stat_sys_signal_4_auto_rotate mQSPhoneSignalIconId = com.android.systemui:drawable/ic_qs_signal_4 mContentDescriptionPhoneSignal = Volle Signalstärke
D/StatusBar.NetworkController( 2610): getUpdateDataNetType(): 15
D/StatusBar.NetworkController( 2610): updateDataNetType()
D/StatusBar.NetworkController( 2610): Nothing, mRoamingIconId = 0
D/StatusBar.NetworkController( 2610): updateDataIcon, mDataDirectionIconId = com.android.systemui:drawable/stat_sys_data_connected_h_plus mDataConnected = true
D/ConnectivityManager.CallbackHandler( 2610): CM callback handler got msg 524290
D/ConnectivityManager.CallbackHandler(27714): CM callback handler got msg 524290
D/ConnectivityManager.CallbackHandler( 8443): CM callback handler got msg 524290
D/Mms:transaction( 9087): Service state changed: Bundle[mParcelledData.dataSize=1288]
D/Mms:transaction( 9087): roaming ------> false, mSimSlot = 0
D/Mms:transaction( 9087): roaming -> false (slotId = 0)
D/Mms:transaction( 9087): [NotificationTransaction] getAutoDownloadState simSlot : 0
D/Mms:transaction( 9087): auto download without roaming -> true
D/Mms:transaction( 9087): [NotificationTransaction] getAutoDownloadState alwaysAuto : false, roaming : false
D/Mms:transaction( 9087): mAutoDownload ------> true
D/AirplaneModeTile( 2610): onServiceStateChanged(0) : 0
D/AirplaneModeTile( 2610): mPhoneStateListener - inAirplaneMode : false
D/AirplaneModeTile( 2610): Alert Dialog is not showing
D/AirplaneModeTile( 2610):  value : false, DB : 0
D/ConnectivityManager.CallbackHandler(20824): CM callback handler got msg 524290
D/ConnectivityManager.CallbackHandler( 2610): CM callback handler got msg 524294
E/ConnectivityService( 2365): updateNetworkInfo()
D/ConnectivityService( 2365): updateLinkProperties: newLp = {InterfaceName: rmnet0 LinkAddresses: [10.169.74.109/32,]  Routes: [0.0.0.0/0 -> 10.169.74.1 rmnet0,] DnsAddresses: [213.162.69.1,213.162.69.169,] Domains: null MTU: 0 TcpBufferSizes: 122334,734003,2202010,32040,192239,576717}, oldLp = {InterfaceName: rmnet0 LinkAddresses: [10.169.74.109/32,]  Routes: [0.0.0.0/0 -> 10.169.74.1 rmnet0,] DnsAddresses: [213.162.69.1,213.162.69.169,] Domains: null MTU: 0 TcpBufferSizes: 58254,349525,1048576,58254,349525,1048576}
D/ConnectivityManager.CallbackHandler( 8443): CM callback handler got msg 524294
D/ConnectivityManager.CallbackHandler(27714): CM callback handler got msg 524294
D/StatusBar.NetworkController( 2610): onDataConnectionStateChanged: state=2 type=15
D/StatusBar.NetworkController( 2610): getUpdateDataNetType(): 15
D/StatusBar.NetworkController( 2610): updateDataNetType()
D/ConnectivityManager.CallbackHandler(20824): CM callback handler got msg 524294
D/StatusBar.NetworkController( 2610): Nothing, mRoamingIconId = 0
D/PR.PopupuiReceiver( 9418): >> onReceive() : android.intent.action.NETWORK_SET_TIMEZONE
D/NtpTrustedTime( 2365): currentTimeMillis() cache hit
D/SecContentProvider2( 2365): query(), uri = -1 selection = getSealedState
D/StatusBar.NetworkController( 2610): updateDataIcon, mDataDirectionIconId = com.android.systemui:drawable/stat_sys_data_connected_h_plus mDataConnected = true
D/SecContentProvider2( 2365): query(), uri = 15 selection = getSealedHideNotificationMessages
D/PhoneApp( 2845): PhoneAppBroadcastReceiver onReceive android.intent.action.SERVICE_STATE
D/PhoneMultiSimUtils( 2845): getPhoneBySubId: subId =1
I/SNL     (26096): Proxy service version is 2.7.9.2
I/SNL     (26096): SNL :: p_nc - Call(1)
I/SNL     (26096): SNL :: p_nc - version 0.2.7.9.2
I/SNL     (26096): SNL :: APM::onNotifyNetChange - Guard Locked
I/SNL     (26096): SNL :: APM::onNotifyNetChange - Guard Locked
I/SNL     (26096): SNL :: APM::onNotifyNetChange - end
I/SNL     (26096): SNL :: p_nc - Res()
I/PopupuiReceiver_KNOX( 9418): getSealedHideNotificationMessages : 0
D/NotificationMgr( 2845): updateNetworkSelection()...serviceState = 0 networkSelection:  subId: 1 SimState:5
D/PhoneApp( 2845): PhoneAppBroadcastReceiver onReceive android.intent.action.ANY_DATA_STATE
D/SecContentProvider2( 2365): query(), uri = 15 selection = getCheckCoverPopupState
D/FileWriteThread_Telephony( 2845): FileWriteThread : threadType = 2
I/PopupuiReceiver_KNOX( 9418): getCheckCoverPopupState : true
D/PR.PopupuiReceiver( 9418): NETWORK_SET_TIME prevMCCvalue : -111
D/PR.PopupuiReceiver( 9418): gsm.operator.numeric : 232
D/PR.PopupuiReceiver( 9418): MCC init : mccstrcmp
D/StatusChecker( 9438): onReceive : android.intent.action.SERVICE_STATE
D/StatusChecker( 9438): onReceive : SIMChangeAlertOption disabled return
D/NtpTrustedTime( 2365): currentTimeMillis() cache hit
D/NtpTrustedTime( 2365): currentTimeMillis() cache hit
I/wpa_supplicant(20491): P2P: Current p2p state = IDLE
I/wpa_supplicant(20491): wlan0: State: DISCONNECTED -> SCANNING
I/wpa_supplicant(20491): CTRL-EVENT-STATE-CHANGE id=-1 state=3 BSSID=00.00.00 SSID=
D/ConnectivityManager.CallbackHandler( 2610): CM callback handler got msg 524295
D/StatusBar.NetworkController( 2610): refreshViews connected={ data } level=4 combinedSignalIconId=0x7f02055a/com.android.systemui:drawable/stat_sys_signal_4_auto_rotate mobileLabel=HoT wifiLabel= emergencyOnly=false combinedLabel=HoT mAirplaneMode=false mDataActivity=2 mPhoneSignalIconId=0x7f02055a/com.android.systemui:drawable/stat_sys_signal_4_auto_rotate mQSPhoneSignalIconId=0x7f020156/com.android.systemui:drawable/ic_qs_signal_4 mDataDirectionIconId=0x7f0203b6/com.android.systemui:drawable/stat_sys_data_connected_h_plus mDataSignalIconId=0x7f02055a/com.android.systemui:drawable/stat_sys_signal_4_auto_rotate mDataTypeIconId=0x7f0203b6/com.android.systemui:drawable/stat_sys_data_connected_h_plus mQSDataTypeIconId=0x0/(null) mNoSimIconId=0x0/(null) mWifiIconId=0x0/(null) mQSWifiIconId=0x0/(null) mWifiActivityIconId=0x0/(null) mBluetoothTetherIconId=0x7f0205b6/com.android.systemui:drawable/stat_sys_tether_bluetooth
D/StatusBar.NetworkController( 2610): refreshNwBoosterIndicator - setNWBoosterIndicators(false)
D/ConnectivityManager.CallbackHandler(20824): CM callback handler got msg 524295
D/NtpTrustedTime( 2365): currentTimeMillis() cache hit
D/ConnectivityManager.CallbackHandler(27714): CM callback handler got msg 524295
D/StatusBar.NetworkController( 2610): refreshNwBoosterIndicator - setNWBoosterIndicators(false)
D/ConnectivityService( 2365): Not required to send intent.
D/StatusBar.NetworkController( 2610): refreshNwBoosterIndicator - setNWBoosterIndicators(false)
D/StatusBar.NetworkController( 2610): refreshNwBoosterIndicator - setNWBoosterIndicators(false)
D/ConnectivityManager.CallbackHandler( 8443): CM callback handler got msg 524295
D/ConnectivityManager.CallbackHandler( 2610): CM callback handler got msg 524295
D/ConnectivityManager.CallbackHandler(20824): CM callback handler got msg 524295
D/ConnectivityManager.CallbackHandler(27714): CM callback handler got msg 524295
I/wpa_supplicant(20491): Scan requested (ret=0) - scan timeout 30 seconds
D/ConnectivityManager.CallbackHandler( 8443): CM callback handler got msg 524295
D/StatusBar.NetworkController( 2610): onDataActivity: direction=0
D/StatusBar.NetworkController( 2610): updateDataIcon, mDataDirectionIconId = com.android.systemui:drawable/stat_sys_data_connected_h_plus mDataConnected = true
D/StatusBar.NetworkController( 2610): refreshViews connected={ data } level=4 combinedSignalIconId=0x7f02055a/com.android.systemui:drawable/stat_sys_signal