--------- beginning of main
D/StatusBar.NetworkController( 2610): refreshNwBoosterIndicator - setNWBoosterIndicators(false)
D/StatusBar.NetworkController( 2610): refreshNwBoosterIndicator - setNWBoosterIndicators(false)
D/StatusBar.NetworkController( 2610): refreshNwBoosterIndicator - setNWBoosterIndicators(false)
D/StatusBar.NetworkController( 2610): refreshNwBoosterIndicator - setNWBoosterIndicators(false)
D/StatusBar.NetworkController( 2610): onDataActivity: direction=2
D/StatusBar.NetworkController( 2610): updateDataIcon, mDataDirectionIconId = com.android.systemui:drawable/stat_sys_data_connected_h_plus mDataConnected = true
D/StatusBar.NetworkController( 2610): refreshViews connected={ data } level=4 combinedSignalIconId=0x7f02055a/com.android.systemui:drawable/stat_sys_signal_4_auto_rotate mobileLabel=HoT wifiLabel= emergencyOnly=false combinedLabel=HoT mAirplaneMode=false mDataActivity=2 mPhoneSignalIconId=0x7f02055a/com.android.systemui:drawable/stat_sys_signal_4_auto_rotate mQSPhoneSignalIconId=0x7f020156/com.android.systemui:drawable/ic_qs_signal_4 mDataDirectionIconId=0x7f0203b6/com.android.systemui:drawable/stat_sys_data_connected_h_plus mDataSignalIconId=0x7f02055a/com.android.systemui:drawable/stat_sys_signal_4_auto_rotate mDataTypeIconId=0x7f0203b6/com.android.systemui:drawable/stat_sys_data_connected_h_plus mQSDataTypeIconId=0x0/(null) mNoSimIconId=0x0/(null) mWifiIconId=0x0/(null) mQSWifiIconId=0x0/(null) mWifiActivityIconId=0x0/(null) mBluetoothTetherIconId=0x7f0205b6/com.android.systemui:drawable/stat_sys_tether_bluetooth
D/StatusBar.NetworkController( 2610): refreshNwBoosterIndicator - setNWBoosterIndicators(false)
D/StatusBar.NetworkController( 2610): refreshNwBoosterIndicator - setNWBoosterIndicators(false)
D/StatusBar.NetworkController( 2610): refreshNwBoosterIndicator - setNWBoosterIndicators(false)
D/StatusBar.NetworkController( 2610): refreshNwBoosterIndicator - setNWBoosterIndicators(false)
D/StatusBar.NetworkController( 2610): onDataActivity: direction=0
D/StatusBar.NetworkController( 2610): updateDataIcon, mDataDirectionIconId = com.android.systemui:drawable/stat_sys_data_connected_h_plus mDataConnected = true
D/StatusBar.NetworkController( 2610): refreshViews connected={ data } level=4 combinedSignalIconId=0x7f02055a/com.android.systemui:drawable/stat_sys_signal_4_auto_rotate mobileLabel=HoT wifiLabel= emergencyOnly=false combinedLabel=HoT mAirplaneMode=false mDataActivity=0 mPhoneSignalIconId=0x7f02055a/com.android.systemui:drawable/stat_sys_signal_4_auto_rotate mQSPhoneSignalIconId=0x7f020156/com.android.systemui:drawable/ic_qs_signal_4 mDataDirectionIconId=0x7f0203b6/com.android.systemui:drawable/stat_sys_data_connected_h_plus mDataSignalIconId=0x7f02055a/com.android.systemui:drawable/stat_sys_signal_4_auto_rotate mDataTypeIconId=0x7f0203b6/com.android.systemui:drawable/stat_sys_data_connected_h_plus mQSDataTypeIconId=0x0/(null) mNoSimIconId=0x0/(null) mWifiIconId=0x0/(null) mQSWifiIconId=0x0/(null) mWifiActivityIconId=0x0/(null) mBluetoothTetherIconId=0x7f0205b6/com.android.systemui:drawable/stat_sys_tether_bluetooth
D/StatusBar.NetworkController( 2610): refreshNwBoosterIndicator - setNWBoosterIndicators(false)
D/StatusBar.NetworkController( 2610): refreshNwBoosterIndicator - setNWBoosterIndicators(false)
D/StatusBar.NetworkController( 2610): refreshNwBoosterIndicator - setNWBoosterIndicators(false)
D/StatusBar.NetworkController( 2610): refreshNwBoosterIndicator - setNWBoosterIndicators(false)
D/KeyguardUpdateMonitor( 2610): received broadcast android.intent.action.BATTERY_CHANGED
I/PERF    ( 2610): received broadcast android.intent.action.BATTERY_CHANGED
D/KeyguardUpdateMonitor( 2610): handleBatteryUpdate
I/DBG_FMMDM(29999): [50.20.150813][Line:931][onReceive] Batter Changed
I/DBG_FMMDM(29999): [50.20.150813][Line:1283][xlawmoAdpGetUltraBatteryLevel] cnt: 70
I/DBG_FMMDM(29999): [50.20.150813][Line:1293][xlawmoAdpGetBatteryStatus] xlawmoAdpGetBatteryStatus
I/DBG_FMMDM(29999): [50.20.150813][Line:1295][xlawmoAdpGetBatteryStatus] 
I/DBG_FMMDM(29999): [50.20.150813][Line:1321][xlawmoAdpGetBatteryStatus] szBatteryStatus = CHARGING
I/DBG_FMMDM(29999): [50.20.150813][Line:529][xdbLawmoGetExtLastLoactionSet] LastLoactionSet : 0
I/DBG_FMMDM(29999): [50.20.150813][Line:360][xlawmoAdpGetLastLocationState] Device LastLocationMode state : 0
I/DBG_FMMDM(29999): [50.20.150813][Line:839][xdmBroadcastBatteryInfo] Battery Flag : 0
I/DBG_FMMDM(29999): [50.20.150813][Line:840][xdmBroadcastBatteryInfo] Battery szBatteryStatus : CHARGING
D/com.facebook.appevents.AppEventsLogger(27714): Got unexpected exception: java.io.EOFException
D/AlarmManagerService( 2365): Kernel timezone updated to -120 minutes west of GMT
D/StatusBar.NetworkController( 2610): onServiceStateChanged voiceState=0 dataState=0
D/StatusBar.NetworkController( 2610): onServiceStateChanged mDataNetType=3
D/StatusBar.NetworkController( 2610): updateTelephonySignalStrength: hasService=true ss=SignalStrength: 16 0 -16 -200 -16 -200 -1 0 2147483647 2147483647 -200 0 2147483647 0x4 gsm|lte
D/StatusBar.NetworkController( 2610): updateTelephonySignalStrength: iconLevel=4
D/StatusBar.NetworkController( 2610): updateTelephonySignalStrength, No signal level. mPhoneSignalIconId = com.android.systemui:drawable/stat_sys_signal_4_auto_rotate mDataSignalIconId = com.android.systemui:drawable/stat_sys_signal_4_auto_rotate mQSPhoneSignalIconId = com.android.systemui:drawable/ic_qs_signal_4 mContentDescriptionPhoneSignal = Volle Signalstärke
D/StatusBar.NetworkController( 2610): getUpdateDataNetType(): 3
D/StatusBar.NetworkController( 2610): updateDataNetType()
D/StatusBar.NetworkController( 2610): Nothing, mRoamingIconId = 0
D/ConnectivityManager.CallbackHandler( 2610): CM callback handler got msg 524290
D/ConnectivityManager.CallbackHandler(27714): CM callback handler got msg 524290
D/ConnectivityManager.CallbackHandler(20824): CM callback handler got msg 524290
E/ConnectivityService( 2365): updateNetworkInfo()
D/ConnectivityManager.CallbackHandler( 2610): CM callback handler got msg 524294
D/ConnectivityService( 2365): updateLinkProperties: newLp = {InterfaceName: rmnet0 LinkAddresses: [10.169.74.109/32,]  Routes: [0.0.0.0/0 -> 10.169.74.1 rmnet0,] DnsAddresses: [213.162.69.1,213.162.69.169,] Domains: null MTU: 0 TcpBufferSizes: 58254,349525,1048576,58254,349525,1048576}, oldLp = {InterfaceName: rmnet0 LinkAddresses: [10.169.74.109/32,]  Routes: [0.0.0.0/0 -> 10.169.74.1 rmnet0,] DnsAddresses: [213.162.69.1,213.162.69.169,] Domains: null MTU: 0 TcpBufferSizes: 122334,734003,2202010,32040,192239,576717}
D/PR.PopupuiReceiver( 8092): >> onReceive() : android.intent.action.NETWORK_SET_TIMEZONE
D/StatusBar.NetworkController( 2610): updateDataIcon, mDataDirectionIconId = com.android.systemui:drawable/stat_sys_data_fully_connected_3g mDataConnected = true
D/ConnectivityManager.CallbackHandler(27714): CM callback handler got msg 524294
D/SecContentProvider2( 2365): query(), uri = -1 selection = getSealedState
I/SNL     (26096): Proxy service version is 2.7.9.2
I/SNL     (26096): SNL :: p_nc - Call(1)
I/SNL     (26096): SNL :: p_nc - version 0.2.7.9.2
I/SNL     (26096): SNL :: APM::onNotifyNetChange - Guard Locked
I/SNL     (26096): SNL :: APM::onNotifyNetChange - Guard Locked
I/SNL     (26096): SNL :: APM::onNotifyNetChange - end
D/ConnectivityManager.CallbackHandler(20824): CM callback handler got msg 524294
I/SNL     (26096): SNL :: p_nc - Res()
D/AirplaneModeTile( 2610): onServiceStateChanged(0) : 0
D/AirplaneModeTile( 2610): mPhoneStateListener - inAirplaneMode : false
D/AirplaneModeTile( 2610): Alert Dialog is not showing
D/AirplaneModeTile( 2610):  value : false, DB : 0
D/SecContentProvider2( 2365): query(), uri = 15 selection = getSealedHideNotificationMessages
D/PhoneApp( 2845): PhoneAppBroadcastReceiver onReceive android.intent.action.SERVICE_STATE
D/PhoneMultiSimUtils( 2845): getPhoneBySubId: subId =1
D/NtpTrustedTime( 2365): currentTimeMillis() cache hit
D/StatusBar.NetworkController( 2610): onDataConnectionStateChanged: state=2 type=3
D/StatusBar.NetworkController( 2610): getUpdateDataNetType(): 3
D/StatusBar.NetworkController( 2610): updateDataNetType()
I/PopupuiReceiver_KNOX( 8092): getSealedHideNotificationMessages : 0
D/SecContentProvider2( 2365): query(), uri = 15 selection = getCheckCoverPopupState
D/StatusBar.NetworkController( 2610): Nothing, mRoamingIconId = 0
D/NotificationMgr( 2845): updateNetworkSelection()...serviceState = 0 networkSelection:  subId: 1 SimState:5
D/PhoneApp( 2845): PhoneAppBroadcastReceiver onReceive android.intent.action.ANY_DATA_STATE
I/PopupuiReceiver_KNOX( 8092): getCheckCoverPopupState : true
D/FileWriteThread_Telephony( 2845): FileWriteThread : threadType = 2
D/PR.PopupuiReceiver( 8092): NETWORK_SET_TIME prevMCCvalue : -111
D/PR.PopupuiReceiver( 8092): gsm.operator.numeric : 232
D/StatusBar.NetworkController( 2610): updateDataIcon, mDataDirectionIconId = com.android.systemui:drawable/stat_sys_data_fully_connected_3g mDataConnected = true
D/PR.PopupuiReceiver( 8092): MCC init : mccstrcmp
D/StatusChecker( 8108): onReceive : android.intent.action.SERVICE_STATE
D/StatusChecker( 8108): onReceive : SIMChangeAlertOption disabled return
D/NtpTrustedTime( 2365): currentTimeMillis() cache hit
D/StatusBar.NetworkController( 2610): refreshViews connected={ data } level=4 combinedSignalIconId=0x7f02055a/com.android.systemui:drawable/stat_sys_signal_4_auto_rotate mobileLabel=HoT wifiLabel= emergencyOnly=false combinedLabel=HoT mAirplaneMode=false mDataActivity=0 mPhoneSignalIconId=0x7f02055a/com.android.systemui:drawable/stat_sys_signal_4_auto_rotate mQSPhoneSignalIconId=0x7f020156/com.android.systemui:drawable/ic_qs_signal_4 mDataDirectionIconId=0x7f0203cd/com.android.systemui:drawable/stat_sys_data_fully_connected_3g mDataSignalIconId=0x7f02055a/com.android.systemui:drawable/stat_sys_signal_4_auto_rotate mDataTypeIconId=0x7f020383/com.android.systemui:drawable/stat_sys_data_connected_3g mQSDataTypeIconId=0x7f020155/com.android.systemui:drawable/ic_qs_signal_3g mNoSimIconId=0x0/(null) mWifiIconId=0x0/(null) mQSWifiIconId=0x0/(null) mWifiActivityIconId=0x0/(null) mBluetoothTetherIconId=0x7f0205b6/com.android.systemui:drawable/stat_sys_tether_bluetooth
D/NtpTrustedTime( 2365): currentTimeMillis() cache hit
D/StatusBar.NetworkController( 2610): refreshNwBoosterIndicator - setNWBoosterIndicators(false)
D/StatusBar.NetworkController( 2610): refreshNwBoosterIndicator - setNWBoosterIndicators(false)
D/StatusBar.NetworkController( 2610): refreshNwBoosterIndicator - setNWBoosterIndicators(false)
D/StatusBar.NetworkController( 2610): refreshNwBoosterIndicator - setNWBoosterIndicators(false)
D/ConnectivityManager.CallbackHandler( 2610): CM callback handler got msg 524295
D/ConnectivityManager.CallbackHandler(20824): CM callback handler got msg 524295
D/NtpTrustedTime( 2365): currentTimeMillis() cache hit
D/ConnectivityManager.CallbackHandler(27714): CM callback handler got msg 524295
D/ConnectivityService( 2365): Not required to send intent.
D/ConnectivityManager.CallbackHandler( 2610): CM callback handler got msg 524295
D/ConnectivityManager.CallbackHandler(20824): CM callback handler got msg 524295
D/ConnectivityManager.CallbackHandler(27714): CM callback handler got msg 524295
D/KeyguardUpdateMonitor( 2610): received broadcast android.intent.action.BATTERY_CHANGED
I/PERF    ( 2610): received broadcast android.intent.action.BATTERY_CHANGED
D/KeyguardUpdateMonitor( 2610): handleBatteryUpdate
I/DBG_FMMDM(29999): [50.20.150813][Line:931][onReceive] Batter Changed
I/DBG_FMMDM(29999): [50.20.150813][Line:1283][xlawmoAdpGetUltraBatteryLevel] cnt: 70
I/DBG_FMMDM(29999): [50.20.150813][Line:1293][xlawmoAdpGetBatteryStatus] xlawmoAdpGetBatteryStatus
I/DBG_FMMDM(29999): [50.20.150813][Line:1295][xlawmoAdpGetBatteryStatus] 
I/DBG_FMMDM(29999): [50.20.150813][Line:1321][xlawmoAdpGetBatteryStatus] szBatteryStatus = CHARGING
I/DBG_FMMDM(29999): [50.20.150813][Line:529][xdbLawmoGetExtLastLoactionSet] LastLoactionSet : 0
I/DBG_FMMDM(29999): [50.20.150813][Line:360][xlawmoAdpGetLastLocationState] Device LastLocationMode state : 0
I/DBG_FMMDM(29999): [50.20.150813][Line:839][xdmBroadcastBatteryInfo] Battery Flag : 0
I/DBG_FMMDM(29999): [50.20.150813][Line:840][xdmBroadcastBatteryInfo] Battery szBatteryStatus : CHARGING
D/KeyguardUpdateMonitor( 2610): received broadcast android.intent.action.TIME_TICK
I/PERF    ( 2610): received broadcast android.intent.action.TIME_TICK
D/KeyguardUpdateMonitor( 2610): handleTimeUpdate
D/SecKeyguardClockView( 2610): onTimeChanged() : mShouldShowDualClock - false, isDualClockSet() -false
D/DateView( 2610): regionalDateFormat = 22.11.3333 isRTLlanguage = false returnDateFormat = E, d. MMMM
D/DateView( 2610): regionalDateFormat = 22.11.3333 isRTLlanguage = false returnDateFormat = E, d. MMMM
D/DateView( 2610): regionalDateFormat = 22.11.3333 isRTLlanguage = false returnDateFormat = E, d. MMMM
D/DateView( 2610): regionalDateFormat = 22.11.3333 isRTLlanguage = false returnDateFormat = E, d. MMMM
D/DateView( 2610): regionalDateFormat = 22.11.3333 isRTLlanguage = false returnDateFormat = E, d. MMMM
D/DateView( 2610): regionalDateFormat = 22.11.3333 isRTLlanguage = false returnDateFormat = E, d. MMMM
D/SecKeyguardStatusUtils( 2610): regionalDateFormat = 22.11.3333 isRTLlanguage = false returnDateFormat = E, d. MMMM
D/SecKeyguardStatusUtils( 2610): regionalDateFormat = 22.11.3333 isRTLlanguage = false returnDateFormat = E, d. MMMM
D/com.facebook.appevents.AppEventsLogger(27714): Got unexpected exception: java.io.EOFException
D/KeyguardUpdateMonitor( 2610): received broadcast android.intent.action.BATTERY_CHANGED
I/PERF    ( 2610): received broadcast android.intent.action.BATTERY_CHANGED
D/KeyguardUpdateMonitor( 2610): handleBatteryUpdate
I/DBG_FMMDM(29999): [50.20.150813][Line:931][onReceive] Batter Changed
I/DBG_FMMDM(29999): [50.20.150813][Line:1283][xlawmoAdpGetUltraBatteryLevel] cnt: 70
I/DBG_FMMDM(29999): [50.20.150813][Line:1293][xlawmoAdpGetBatteryStatus] xlawmoAdpGetBatteryStatus
I/DBG_FMMDM(29999): [50.20.150813][Line:1295][xlawmoAdpGetBatteryStatus] 
I/DBG_FMMDM(29999): [50.20.150813][Line:1321][xlawmoAdpGetBatteryStatus] szBatteryStatus = CHARGING
I/DBG_FMMDM(29999): [50.20.150813][Line:529][xdbLawmoGetExtLastLoactionSet] LastLoactionSet : 0
I/DBG_FMMDM(29999): [50.20.150813][Line:360][xlawmoAdpGetLastLocationState] Device LastLocationMode state : 0
I/DBG_FMMDM(29999): [50.20.150813][Line:839][xdmBroadcastBatteryInfo] Battery Flag : 0
I/DBG_FMMDM(29999): [50.20.150813][Line:840][xdmBroadcastBatteryInfo] Battery szBatteryStatus : CHARGING
D/AlarmManagerService( 2365): Kernel timezone updated to -120 minutes west of GMT
D/StatusBar.NetworkController( 2610): onServiceStateChanged voiceState=0 dataState=0
D/StatusBar.NetworkController( 2610): onServiceStateChanged mDataNetType=15
D/StatusBar.NetworkController( 2610): updateTelephonySignalStrength: hasService=true ss=SignalStrength: 16 0 -16 -200 -16 -200 -1 0 2147483647 2147483647 -200 0 2147483647 0x4 gsm|lte
D/StatusBar.NetworkController( 2610): updateTelephonySignalStrength: iconLevel=4
D/StatusBar.NetworkController( 2610): updateTelephonySignalStrength, No signal level. mPhoneSignalIconId = com.android.systemui:drawable/stat_sys_signal_4_auto_rotate mDataSignalIconId = com.android.systemui:drawable/stat_sys_signal_4_auto_rotate mQSPhoneSignalIconId = com.android.systemui:drawable/ic_qs_signal_4 mContentDescriptionPhoneSignal = Volle Signalstärke
D/StatusBar.NetworkController( 2610): getUpdateDataNetType(): 15
D/StatusBar.NetworkController( 2610): updateDataNetType()
D/StatusBar.NetworkController( 2610): Nothing, mRoamingIconId = 0
D/StatusBar.NetworkController( 2610): updateDataIcon, mDataDirectionIconId = com.android.systemui:drawable/stat_sys_data_connected_h_plus mDataConnected = true
D/AirplaneModeTile( 2610): onServiceStateChanged(0) : 0
D/AirplaneModeTile( 2610): mPhoneStateListener - inAirplaneMode : false
D/AirplaneModeTile( 2610): Alert Dialog is not showing
D/AirplaneModeTile( 2610):  value : false, DB : 0
D/PR.PopupuiReceiver( 8092): >> onReceive() : android.intent.action.NETWORK_SET_TIMEZONE
D/SecContentProvider2( 2365): query(), uri = -1 selection = getSealedState
D/SecContentProvider2( 2365): query(), uri = 15 selection = getSealedHideNotificationMessages
I/PopupuiReceiver_KNOX( 8092): getSealedHideNotificationMessages : 0
D/SecContentProvider2( 2365): query(), uri = 15 selection = getCheckCoverPopupState
D/ConnectivityManager.CallbackHandler( 2610): CM callback handler got msg 524290
D/ConnectivityManager.CallbackHandler(20824): CM callback handler got msg 524290
D/ConnectivityManager.CallbackHandler(27714): CM callback handler got msg 524290
D/ConnectivityManager.CallbackHandler( 2610): CM callback handler got msg 524294
I/PopupuiReceiver_KNOX( 8092): getCheckCoverPopupState : true
D/PR.PopupuiReceiver( 8092): NETWORK_SET_TIME prevMCCvalue : -111
D/PR.PopupuiReceiver( 8092): gsm.operator.numeric : 232
D/ConnectivityManager.CallbackHandler(20824): CM callback handler got msg 524294
E/ConnectivityService( 2365): updateNetworkInfo()
D/ConnectivityService( 2365): updateLinkProperties: newLp = {InterfaceName: rmnet0 LinkAddresses: [10.169.74.109/32,]  Routes: [0.0.0.0/0 -> 10.169.74.1 rmnet0,] DnsAddresses: [213.162.69.1,213.162.69.169,] Domains: null MTU: 0 TcpBufferSizes: 122334,734003,2202010,32040,192239,576717}, oldLp = {InterfaceName: rmnet0 LinkAddresses: [10.169.74.109/32,]  Routes: [0.0.0.0/0 -> 10.169.74.1 rmnet0,] DnsAddresses: [213.162.69.1,213.162.69.169,] Domains: null MTU: 0 TcpBufferSizes: 58254,349525,1048576,58254,349525,1048576}
D/ConnectivityManager.CallbackHandler(27714): CM callback handler got msg 524294
D/StatusBar.NetworkController( 2610): onDataConnectionStateChanged: state=2 type=15
D/StatusBar.NetworkController( 2610): getUpdateDataNetType(): 15
D/StatusBar.NetworkController( 2610): updateDataNetType()
D/PR.PopupuiReceiver( 8092): MCC init : mccstrcmp
I/SNL     (26096): Proxy service version is 2.7.9.2
I/SNL     (26096): SNL :: p_nc - Call(1)
I/SNL     (26096): SNL :: p_nc - version 0.2.7.9.2
I/SNL     (26096): SNL :: APM::onNotifyNetChange - Guard Locked
I/SNL     (26096): SNL :: APM::onNotifyNetChange - Guard Locked
I/SNL     (26096): SNL :: APM::onNotifyNetChange - end
I/SNL     (26096): SNL :: p_nc - Res()
D/StatusBar.NetworkController( 2610): Nothing, mRoamingIconId = 0
D/NtpTrustedTime( 2365): currentTimeMillis() cache hit
D/PhoneApp( 2845): PhoneAppBroadcastReceiver onReceive android.intent.action.SERVICE_STATE
D/PhoneMultiSimUtils( 2845): getPhoneBySubId: subId =1
D/StatusBar.NetworkController( 2610): updateDataIcon, mDataDirectionIconId = com.android.systemui:drawable/stat_sys_data_connected_h_plus mDataConnected = true
D/StatusChecker( 8108): onReceive : android.intent.action.SERVICE_STATE
D/StatusChecker( 8108): onReceive : SIMChangeAlertOption disabled return
D/NotificationMgr( 2845): updateNetworkSelection()...serviceState = 0 networkSelection:  subId: 1 SimState:5
D/PhoneApp( 2845): PhoneAppBroadcastReceiver onReceive android.intent.action.ANY_DATA_STATE
D/FileWriteThread_Telephony( 2845): FileWriteThread : threadType = 2
D/StatusBar.NetworkController( 2610): refreshViews connected={ data } level=4 combinedSignalIconId=0x7f02055a/com.android.systemui:drawable/stat_sys_signal_4_auto_rotate mobileLabel=HoT wifiLabel= emergencyOnly=false combinedLabel=HoT mAirplaneMode=false mDataActivity=0 mPhoneSignalIconId=0x7f02055a/com.android.systemui:drawable/stat_sys_signal_4_auto_rotate mQSPhoneSignalIconId=0x7f020156/com.android.systemui:drawable/ic_qs_signal_4 mDataDirectionIconId=0x7f0203b6/com.android.systemui:drawable/stat_sys_data_connected_h_plus mDataSignalIconId=0x7f02055a/com.android.systemui:drawable/stat_sys_signal_4_auto_rotate mDataTypeIconId=0x7f0203b6/com.android.systemui:drawable/stat_sys_data_connected_h_plus mQSDataTypeIconId=0x0/(null) mNoSimIconId=0x0/(null) mWifiIconId=0x0/(null) mQSWifiIconId=0x0/(null) mWifiActivityIconId=0x0/(null) mBluetoothTetherIconId=0x7f0205b6/com.android.systemui:drawable/stat_sys_tether_bluetooth
D/StatusBar.NetworkController( 2610): refreshNwBoosterIndicator - setNWBoosterIndicators(false)
D/StatusBar.NetworkController( 2610): refreshNwBoosterIndicator - setNWBoosterIndicators(false)
D/StatusBar.NetworkController( 2610): refreshNwBoosterIndicator - setNWBoosterIndicators(false)
D/StatusBar.NetworkController( 2610): refreshNwBoosterIndicator - setNWBoosterIndicators(false)
D/NtpTrustedTime( 2365): currentTimeMillis() cache hit
D/NtpTrustedTime( 2365): currentTimeMillis() cache hit
D/ConnectivityManager.CallbackHandler( 2610): CM callback handler got msg 524295
D/ConnectivityManager.CallbackHandler(20824): CM callback handler got msg 524295
D/ConnectivityService( 2365): Not required to send intent.
D/NtpTrustedTime( 2365): currentTimeMillis() cache hit
D/ConnectivityManager.CallbackHandler(27714): CM callback handler got msg 524295
D/ConnectivityManager.CallbackHandler(20824): CM callback handler got msg 524295
D/ConnectivityManager.CallbackHandler( 2610): CM callback handler got msg 524295
D/ConnectivityManager.CallbackHandler(27714): CM callback handler got msg 524295
D/StatusBar.NetworkController( 2610): onDataActivity: direction=2
D/StatusBar.NetworkController( 2610): updateDataIcon, mDataDirectionIconId = com.android.systemui:drawable/stat_sys_data_connected_h_plus mDataConnected = true
D/StatusBar.NetworkController( 2610): refreshViews connected={ data } level=4 combinedSignalIconId=0x7f02055a/com.android.systemui:drawable/stat_sys_signal_4_auto_rotate mobileLabel=HoT wifiLabel= emergencyOnly=false combinedLabel=HoT mAirplaneMode=false mDataActivity=2 mPhoneSignalIconId=0x7f02055a/com.android.systemui:drawable/stat_sys_signal_4_auto_rotate mQSPhoneSignalIconId=0x7f020156/com.android.systemui:drawable/ic_qs_signal_4 mDataDirectionIconId=0x7f0203b6/com.android.systemui:drawable/stat_sys_data_connected_h_plus mDataSignalIconId=0x7f02055a/com.android.systemui:drawable/stat_sys_signal_4_auto_rotate mDataTypeIconId=0x7f0203b6/com.android.systemui:drawable/stat_sys_data_connected_h_plus mQSDataTypeIconId=0x0/(null) mNoSimIconId=0x0/(null) mWifiIconId=0x0/(null) mQSWifiIconId=0x0/(null) mWifiActivityIconId=0x0/(null) mBluetoothTetherIconId=0x7f0205b6/com.android.systemui:drawable/stat_sys_tether_bluetooth
D/StatusBar.NetworkController( 2610): refreshNwBoosterIndicator - setNWBoosterIndicators(false)
D/StatusBar.NetworkController( 2610): refreshNwBoosterIndicator - setNWBoosterIndicators(false)
D/StatusBar.NetworkController( 2610): refreshNwBoosterIndicator - setNWBoosterIndicators(false)
D/StatusBar.NetworkController( 2610): refreshNwBoosterIndicator - setNWBoosterIndicators(false)
D/StatusBar.NetworkController( 2610): onDataActivity: direction=0
D/StatusBar.NetworkController( 2610): updateDataIcon, mDataDirectionIconId = com.android.systemui:drawable/stat_sys_data_connected_h_plus mDataConnected = true
D/StatusBar.NetworkController( 2610): refreshViews connected={ data } level=4 combinedSignalIconId=0x7f02055a/com.android.systemui:drawable/stat_sys_signal_4_auto_rotate mobileLabel=HoT wifiLabel= emergencyOnly=false combinedLabel=HoT mAirplaneMode=false mDataActivity=0 mPhoneSignalIconId=0x7f02055a/com.android.systemui:drawable/stat_sys_signal_4_auto_rotate mQSPhoneSignalIconId=0x7f020156/com.android.systemui:drawable/ic_qs_signal_4 mDataDirectionIconId=0x7f0203b6/com.android.systemui:drawable/stat_sys_data_connected_h_plus mDataSignalIconId=0x7f02055a/com.android.systemui:drawable/stat_sys_signal_4_auto_rotate mDataTypeIconId=0x7f0203b6/com.android.systemui:drawable/stat_sys_data_connected_h_plus mQSDataTypeIconId=0x0/(null) mNoSimIconId=0x0/(null) mWifiIconId=0x0/(null) mQSWifiIconId=0x0/(null) mWifiActivityIconId=0x0/(null) mBluetoothTetherIconId=0x7f0205b6/com.android.systemui:drawable/stat_sys_tether_bluetooth
D/StatusBar.NetworkController( 2610): refreshNwBoosterIndicator - setNWBoosterIndicators(false)
D/StatusBar.NetworkController( 2610): refreshNwBoosterIndicator - setNWBoosterIndicators(false)
D/StatusBar.NetworkController( 2610): refreshNwBoosterIndicator - setNWBoosterIndicators(false)
D/StatusBar.NetworkController( 2610): refreshNwBoosterIndicator - setNWBoosterIndicators(false)
D/StatusBar.NetworkController( 2610): onDataActivity: direction=2
D/StatusBar.NetworkController( 2610): updateDataIcon, mDataDirectionIconId = com.android.systemui:drawable/stat_sys_data_connected_h_plus mDataConnected = true
D/StatusBar.NetworkController( 2610): refreshViews connected={ data } level=4 combinedSignalIconId=0x7f02055a/com.android.systemui:drawable/stat_sys_signal_4_auto_rotate mobileLabel=HoT wifiLabel= emergencyOnly=false combinedLabel=HoT mAirplaneMode=false mDataActivity=2 mPhoneSignalIconId=0x7f02055a/com.android.systemui:drawable/stat_sys_signal_4_auto_rotate mQSPhoneSignalIconId=0x7f020156/com.android.systemui:drawable/ic_qs_signal_4 mDataDirectionIconId=0x7f0203b6/com.android.systemui:drawable/stat_sys_data_connected_h_plus mDataSignalIconId=0x7f02055a/com.android.systemui:drawable/stat_sys_signal_4_auto_rotate mDataTypeIconId=0x7f0203b6/com.android.systemui:drawable/stat_sys_data_connected_h_plus mQSDataTypeIconId=0x0/(null) mNoSimIconId=0x0/(null) mWifiIconId=0x0/(null) mQSWifiIconId=0x0/(null) mWifiActivityIconId=0x0/(null) mBluetoothTetherIconId=0x7f0205b6/com.android.systemui:drawable/stat_sys_tether_bluetooth
D/StatusBar.NetworkController( 2610): refreshNwBoosterIndicator - setNWBoosterIndicators(false)
D/StatusBar.NetworkController( 2610): refreshNwBoosterIndicator - setNWBoosterIndicators(false)
D/StatusBar.NetworkController( 2610): refreshNwBoosterIndicator - setNWBoosterIndicators(false)
D/StatusBar.NetworkController( 2610): refreshNwBoosterIndicator - setNWBoosterIndicators(false)
D/StatusBar.NetworkController( 2610): onDataActivity: direction=0
D/StatusBar.NetworkController( 2610): updateDataIcon, mDataDirectionIconId = com.android.systemui:drawable/stat_sys_data_connected_h_plus mDataConnected = true
D/StatusBar.NetworkController( 2610): refreshViews connected={ data } level=4 combinedSignalIconId=0x7f02055a/com.android.systemui:drawable/stat_sys_signal_4_auto_rotate mobileLabel=HoT wifiLabel= emergencyOnly=false combinedLabel=HoT mAirplaneMode=false mDataActivity=0 mPhoneSignalIconId=0x7f02055a/com.android.systemui:drawable/stat_sys_signal_4_auto_rotate mQSPhoneSignalIconId=0x7f020156/com.android.systemui:drawable/ic_qs_signal_4 mDataDirectionIconId=0x7f0203b6/com.android.systemui:drawable/stat_sys_data_connected_h_plus mDataSignalIconId=0x7f02055a/com.android.systemui:drawable/stat_sys_signal_4_auto_rotate mDataTypeIconId=0x7f0203b6/com.android.systemui:drawable/stat_sys_data_connected_h_plus mQSDataTypeIconId=0x0/(null) mNoSimIconId=0x0/(null) mWifiIconId=0x0/(null) mQSWifiIconId=0x0/(null) mWifiActivityIconId=0x0/(null) mBluetoothTetherIconId=0x7f0205b6/com.android.systemui:drawable/stat_sys_tether_bluetooth
D/StatusBar.NetworkController( 2610): refreshNwBoosterIndicator - setNWBoosterIndicators(false)
D/StatusBar.NetworkController( 2610): refreshNwBoosterIndicator - setNWBoosterIndicators(false)
D/StatusBar.NetworkController( 2610): refreshNwBoosterIndicator - setNWBoosterIndicators(false)
D/StatusBar.NetworkController( 2610): refreshNwBoosterIndicator - setNWBoosterIndicators(false)
D/KeyguardUpdateMonitor( 2610): received broadcast android.intent.action.BATTERY_CHANGED
I/PERF    ( 2610): received broadcast android.intent.action.BATTERY_CHANGED
D/KeyguardUpdateMonitor( 2610): handleBatteryUpdate
I/DBG_FMMDM(29999): [50.20.150813][Line:931][onReceive] Batter Changed
I/DBG_FMMDM(29999): [50.20.150813][Line:1283][xlawmoAdpGetUltraBatteryLevel] cnt: 70
I/DBG_FMMDM(29999): [50.20.150813][Line:1293][xlawmoAdpGetBatteryStatus] xlawmoAdpGetBatteryStatus
I/DBG_FMMDM(29999): [50.20.150813][Line:1295][xlawmoAdpGetBatteryStatus] 
I/DBG_FMMDM(29999): [50.20.150813][Line:1321][xlawmoAdpGetBatteryStatus] szBatteryStatus = CHARGING
I/DBG_FMMDM(29999): [50.20.150813][Line:529][xdbLawmoGetExtLastLoactionSet] LastLoactionSet : 0
I/DBG_FMMDM(29999): [50.20.150813][Line:360][xlawmoAdpGetLastLocationState] Device LastLocationMode state : 0
I/DBG_FMMDM(29999): [50.20.150813][Line:839][xdmBroadcastBatteryInfo] Battery Flag : 0
I/DBG_FMMDM(29999): [50.20.150813][Line:840][xdmBroadcastBatteryInfo] Battery szBatteryStatus : CHARGING
D/com.facebook.appevents.AppEventsLogger(27714): Got unexpected exception: java.io.EOFException
D/EnterpriseController( 1822): netId is 0
D/Netd    ( 1822): getNetworkForDns: using netid 505 for uid 1000
D/EnterpriseController( 1822): netId is 0
D/Netd    ( 1822): getNetworkForDns: using netid 505 for uid 1000
D/StatusBar.NetworkController( 2610): onDataActivity: direction=3
D/StatusBar.NetworkController( 2610): updateDataIcon, mDataDirectionIconId = com.android.systemui:drawable/stat_sys_data_connected_h_plus mDataConnected = true
D/StatusBar.NetworkController( 2610): refreshViews connected={ data } level=4 combinedSignalIconId=0x7f02055a/com.android.systemui:drawable/stat_sys_signal_4_auto_rotate mobileLabel=HoT wifiLabel= emergencyOnly=false combinedLabel=HoT mAirplaneMode=false mDataActivity=3 mPhoneSignalIconId=0x7f02055a/com.android.systemui:drawable/stat_sys_signal_4_auto_rotate mQSPhoneSignalIconId=0x7f020156/com.android.systemui:drawable/ic_qs_signal_4 mDataDirectionIconId=0x7f0203b6/com.android.systemui:drawable/stat_sys_data_connected_h_plus mDataSignalIconId=0x7f02055a/com.android.systemui:drawable/stat_sys_signal_4_auto_rotate mDataTypeIconId=0x7f0203b6/com.android.systemui:drawable/stat_sys_data_connected_h_plus mQSDataTypeIconId=0x0/(null) mNoSimIconId=0x0/(null) mWifiIconId=0x0/(null) mQSWifiIconId=0x0/(null) mWifiActivityIconId=0x0/(null) mBluetoothTetherIconId=0x7f0205b6/com.android.systemui:drawable/stat_sys_tether_bluetooth
D/StatusBar.NetworkController( 2610): refreshNwBoosterIndicator - setNWBoosterIndicators(false)
D/StatusBar.NetworkController( 2610): refreshNwBoosterIndicator - setNWBoosterIndicators(false)
D/StatusBar.NetworkController( 2610): refreshNwBoosterIndicator - setNWBoosterIndicators(false)
D/StatusBar.NetworkController( 2610): refreshNwBoosterIndicator - setNWBoosterIndicators(false)
D/StatusBar.NetworkController( 2610): onDataActivity: direction=0
D/StatusBar.NetworkController( 2610): updateDataIcon, mDataDirectionIconId = com.android.systemui:drawable/stat_sys_data_connected_h_plus mDataConnected = true
D/StatusBar.NetworkController( 2610): refreshViews connected={ data } level=4 combinedSignalIconId=0x7f02055a/com.android.systemui:drawable/stat_sys_signal_4_auto_rotate mobileLabel=HoT wifiLabel= emergencyOnly=false combinedLabel=HoT mAirplaneMode=false mDataActivity=0 mPhoneSignalIconId=0x7f02055a/com.android.systemui:drawable/stat_sys_signal_4_auto_rotate mQSPhoneSignalIconId=0x7f020156/com.android.systemui:drawable/ic_qs_signal_4 mDataDirectionIconId=0x7f0203b6/com.android.systemui:drawable/stat_sys_data_connected_h_plus mDataSignalIconId=0x7f02055a/com.android.systemui:drawable/stat_sys_signal_4_auto_rotate mDataTypeIconId=0x7f0203b6/com.android.systemui:drawable/stat_sys_data_connected_h_plus mQSDataTypeIconId=0x0/(null) mNoSimIconId=0x0/(null) mWifiIconId=0x0/(null) mQSWifiIconId=0x0/(null) mWifiActivityIconId=0x0/(null) mBluetoothTetherIconId=0x7f0205b6/com.android.systemui:drawable/stat_sys_tether_bluetooth
D/StatusBar.NetworkController( 2610): refreshNwBoosterIndicator - setNWBoosterIndicators(false)
D/StatusBar.NetworkController( 2610): refreshNwBoosterIndicator - setNWBoosterIndicators(false)
D/StatusBar.NetworkController( 2610): refreshNwBoosterIndicator - setNWBoosterIndicators(false)
D/StatusBar.NetworkController( 2610): refreshNwBoosterIndicator - setNWBoosterIndicators(false)
D/AlarmManagerService( 2365): Kernel timezone updated to -120 minutes west of GMT
D/StatusBar.NetworkController( 2610): onServiceStateChanged voiceState=0 dataState=0
D/StatusBar.NetworkController( 2610): onServiceStateChanged mDataNetType=3
D/StatusBar.NetworkController( 2610): updateTelephonySignalStrength: hasService=true ss=SignalStrength: 16 0 -16 -200 -16 -200 -1 0 2147483647 2147483647 -200 0 2147483647 0x4 gsm|lte
D/StatusBar.NetworkController( 2610): updateTelephonySignalStrength: iconLevel=4
D/StatusBar.NetworkController( 2610): updateTelephonySignalStrength, No signal level. mPhoneSignalIconId = com.android.systemui:drawable/stat_sys_signal_4_auto_rotate mDataSignalIconId = com.android.systemui:drawable/stat_sys_signal_4_auto_rotate mQSPhoneSignalIconId = com.android.systemui:drawable/ic_qs_signal_4 mContentDescriptionPhoneSignal = Volle Signalstärke
D/StatusBar.NetworkController( 2610): getUpdateDataNetType(): 3
D/StatusBar.NetworkController( 2610): updateDataNetType()
D/StatusBar.NetworkController( 2610): Nothing, mRoamingIconId = 0
D/StatusBar.NetworkController( 2610): updateDataIcon, mDataDirectionIconId = com.android.systemui:drawable/stat_sys_data_fully_connected_3g mDataConnected = true
D/PR.PopupuiReceiver( 8092): >> onReceive() : android.intent.action.NETWORK_SET_TIMEZONE
D/SecContentProvider2( 2365): query(), uri = -1 selection = getSealedState
D/AirplaneModeTile( 2610): onServiceStateChanged(0) : 0
D/AirplaneModeTile( 2610): mPhoneStateListener - inAirplaneMode : false
D/AirplaneModeTile( 2610): Alert Dialog is not showing
D/AirplaneModeTile( 2610):  value : false, DB : 0
D/SecContentProvider2( 2365): query(), uri = 15 selection = getSealedHideNotificationMessages
D/ConnectivityManager.CallbackHandler(20824): CM callback handler got msg 524290
D/ConnectivityManager.CallbackHandler(27714): CM callback handler got msg 524290
D/ConnectivityManager.CallbackHandler( 2610): CM callback handler got msg 524290
E/ConnectivityService( 2365): updateNetworkInfo()
D/ConnectivityManager.CallbackHandler( 2610): CM callback handler got msg 524294
D/ConnectivityService( 2365): updateLinkProperties: newLp = {InterfaceName: rmnet0 LinkAddresses: [10.169.74.109/32,]  Routes: [0.0.0.0/0 -> 10.169.74.1 rmnet0,] DnsAddresses: [213.162.69.1,213.162.69.169,] Domains: null MTU: 0 TcpBufferSizes: 58254,349525,1048576,58254,349525,1048576}, oldLp = {InterfaceName: rmnet0 LinkAddresses: [10.169.74.109/32,]  Routes: [0.0.0.0/0 -> 10.169.74.1 rmnet0,] DnsAddresses: [213.162.69.1,213.162.69.169,] Domains: null MTU: 0 TcpBufferSizes: 122334,734003,2202010,32040,192239,576717}
I/PopupuiReceiver_KNOX( 8092): getSealedHideNotificationMessages : 0
D/ConnectivityManager.CallbackHandler(20824): CM callback handler got msg 524294
D/SecContentProvider2( 2365): query(), uri = 15 selection = getCheckCoverPopupState
D/StatusBar.NetworkController( 2610): onDataConnectionStateChanged: state=2 type=3
D/StatusBar.NetworkController( 2610): getUpdateDataNetType(): 3
D/StatusBar.NetworkController( 2610): updateDataNetType()
D/ConnectivityManager.CallbackHandler(27714): CM callback handler got msg 524294
I/SNL     (26096): Proxy service version is 2.7.9.2
I/SNL     (26096): SNL :: p_nc - Call(1)
I/SNL     (26096): SNL :: p_nc - version 0.2.7.9.2
I/SNL     (26096): SNL :: APM::onNotifyNetChange - Guard Locked
I/SNL     (26096): SNL :: APM::onNotifyNetChange - Guard Locked
I/SNL     (26096): SNL :: APM::onNotifyNetChange - end
I/SNL     (26096): SNL :: p_nc - Res()
I/PopupuiReceiver_KNOX( 8092): getCheckCoverPopupState : true
D/PR.PopupuiReceiver( 8092): NETWORK_SET_TIME prevMCCvalue : -111
D/PR.PopupuiReceiver( 8092): gsm.operator.numeric : 232
D/PR.PopupuiReceiver( 8092): MCC init : mccstrcmp
D/PhoneApp( 2845): PhoneAppBroadcastReceiver onReceive android.intent.action.SERVICE_STATE
D/PhoneMultiSimUtils( 2845): getPhoneBySubId: subId =1
D/NtpTrustedTime( 2365): currentTimeMillis() cache hit
D/NotificationMgr( 2845): updateNetworkSelection()...serviceState = 0 networkSelection:  subId: 1 SimState:5
D/StatusBar.NetworkController( 2610): Nothing, mRoamingIconId = 0
D/PhoneApp( 2845): PhoneAppBroadcastReceiver onReceive android.intent.action.ANY_DATA_STATE
D/FileWriteThread_Telephony( 2845): FileWriteThread : threadType = 2
D/StatusChecker( 8108): onReceive : android.intent.action.SERVICE_STATE
D/StatusChecker( 8108): onReceive : SIMChangeAlertOption disabled return
D/StatusBar.NetworkController( 2610): updateDataIcon, mDataDirectionIconId = com.android.systemui:drawable/stat_sys_data_fully_connected_3g mDataConnected = true
D/NtpTrustedTime( 2365): currentTimeMillis() cache hit
D/NtpTrustedTime( 2365): currentTimeMillis() cache hit
D/ConnectivityManager.CallbackHandler( 2610): CM callback handler got msg 524295
D/NtpTrustedTime( 2365): currentTimeMillis() cache hit
D/ConnectivityManager.CallbackHandler(20824): CM callback handler got msg 524295
D/ConnectivityService( 2365): Not required to send intent.
D/ConnectivityManager.CallbackHandler(27714): CM callback handler got msg 524295
D/ConnectivityManager.CallbackHandler( 2610): CM callback handler got msg 524295
D/StatusBar.NetworkController( 2610): refreshViews connected={ data } level=4 combinedSignalIconId=0x7f02055a/com.android.systemui:drawable/stat_sys_signal_4_auto_rotate mobileLabel=HoT wifiLabel= emergencyOnly=false combinedLabel=HoT mAirplaneMode=false mDataActivity=0 mPhoneSignalIconId=0x7f02055a/com.android.systemui:drawable/stat_sys_signal_4_auto_rotate mQSPhoneSignalIconId=0x7f020156/com.android.systemui:drawable/ic_qs_signal_4 mDataDirectionIconId=0x7f0203cd/com.android.systemui:drawable/stat_sys_data_fully_connected_3g mDataSignalIconId=0x7f02055a/com.android.systemui:drawable/stat_sys_signal_4_auto_rotate mDataTypeIconId=0x7f020383/com.android.systemui:drawable/stat_sys_data_connected_3g mQSDataTypeIconId=0x7f020155/com.android.systemui:drawable/ic_qs_signal_3g mNoSimIconId=0x0/(null) mWifiIconId=0x0/(null) mQSWifiIconId=0x0/(null) mWifiActivityIconId=0x0/(null) mBluetoothTetherIconId=0x7f0205b6/com.android.systemui:drawable/stat_sys_tether_bluetooth
D/StatusBar.NetworkController( 2610): refreshNwBoosterIndicator - setNWBoosterIndicators(false)
D/ConnectivityManager.CallbackHandler(20824): CM callback handler got msg 524295
D/ConnectivityManager.CallbackHandler(27714): CM callback handler got msg 524295
D/StatusBar.NetworkController( 2610): refreshNwBoosterIndicator - setNWBoosterIndicators(false)
D/StatusBar.NetworkController( 2610): refreshNwBoosterIndicator - setNWBoosterIndicators(false)
D/StatusBar.NetworkController( 2610): refreshNwBoosterIndicator - setNWBoosterIndicators(false)
D/KeyguardUpdateMonitor( 2610): received broadcast android.intent.action.BATTERY_CHANGED
I/PERF    ( 2610): received broadcast android.intent.action.BATTERY_CHANGED
D/KeyguardUpdateMonitor( 2610): handleBatteryUpdate
I/DBG_FMMDM(29999): [50.20.150813][Line:931][onReceive] Batter Changed
I/DBG_FMMDM(29999): [50.20.150813][Line:1283][xlawmoAdpGetUltraBatteryLevel] cnt: 70
I/DBG_FMMDM(29999): [50.20.150813][Line:1293][xlawmoAdpGetBatteryStatus] xlawmoAdpGetBatteryStatus
I/DBG_FMMDM(29999): [50.20.150813][Line:1295][xlawmoAdpGetBatteryStatus] 
I/DBG_FMMDM(29999): [50.20.150813][Line:1321][xlawmoAdpGetBatteryStatus] szBatteryStatus = CHARGING
I/DBG_FMMDM(29999): [50.20.150813][Line:529][xdbLawmoGetExtLastLoactionSet] LastLoactionSet : 0
I/DBG_FMMDM(29999): [50.20.150813][Line:360][xlawmoAdpGetLastLocationState] Device LastLocationMode state : 0
I/DBG_FMMDM(29999): [50.20.150813][Line:839][xdmBroadcastBatteryInfo] Battery Flag : 0
I/DBG_FMMDM(29999): [50.20.150813][Line:840][xdmBroadcastBatteryInfo] Battery szBatteryStatus : CHARGING
D/com.facebook.appevents.AppEventsLogger(27714): Got unexpected exception: java.io.EOFException
I/ClearcutLoggerApiImpl(20844): disconnect managed GoogleApiClient
D/KeyguardUpdateMonitor( 2610): received broadcast android.intent.action.BATTERY_CHANGED
I/PERF    ( 2610): received broadcast android.intent.action.BATTERY_CHANGED
D/KeyguardUpdateMonitor( 2610): handleBatteryUpdate
I/DBG_FMMDM(29999): [50.20.150813][Line:931][onReceive] Batter Changed
I/DBG_FMMDM(29999): [50.20.150813][Line:1283][xlawmoAdpGetUltraBatteryLevel] cnt: 70
I/DBG_FMMDM(29999): [50.20.150813][Line:1293][xlawmoAdpGetBatteryStatus] xlawmoAdpGetBatteryStatus
I/DBG_FMMDM(29999): [50.20.150813][Line:1295][xlawmoAdpGetBatteryStatus] 
I/DBG_FMMDM(29999): [50.20.150813][Line:1321][xlawmoAdpGetBatteryStatus] szBatteryStatus = CHARGING
I/DBG_FMMDM(29999): [50.20.150813][Line:529][xdbLawmoGetExtLastLoactionSet] LastLoactionSet : 0
I/DBG_FMMDM(29999): [50.20.150813][Line:360][xlawmoAdpGetLastLocationState] Device LastLocationMode state : 0
I/DBG_FMMDM(29999): [50.20.150813][Line:839][xdmBroadcastBatteryInfo] Battery Flag : 0
I/DBG_FMMDM(29999): [50.20.150813][Line:840][xdmBroadcastBatteryInfo] Battery szBatteryStatus : CHARGING
I/wpa_supplicant(20491): P2P: Current p2p state = IDLE
I/wpa_supplicant(20491): wlan0: State: DISCONNECTED -> SCANNING
I/wpa_supplicant(20491): CTRL-EVENT-STATE-CHANGE id=-1 state=3 BSSID=00.00.00 SSID=
I/wpa_supplicant(20491): Scan requested (ret=0) - scan timeout 30 seconds
D/KeyguardUpdateMonitor( 2610): received broadcast android.intent.action.BATTERY_CHANGED
I/PERF    ( 2610): received broadcast android.intent.action.BATTERY_CHANGED
D/KeyguardUpdateMonitor( 2610): handleBatteryUpdate
I/DBG_FMMDM(29999): [50.20.150813][Line:931][onReceive] Batter Changed
I/DBG_FMMDM(29999): [50.20.150813][Line:1283][xlawmoAdpGetUltraBatteryLevel] cnt: 70
I/DBG_FMMDM(29999): [50.20.150813][Line:1293][xlawmoAdpGetBatteryStatus] xlawmoAdpGetBatteryStatus
I/DBG_FMMDM(29999): [50.20.150813][Line:1295][xlawmoAdpGetBatteryStatus] 
I/DBG_FMMDM(29999): [50.20.150813][Line:1321][xlawmoAdpGetBatteryStatus] szBatteryStatus = CHARGING
I/DBG_FMMDM(29999): [50.20.150813][Line:529][xdbLawmoGetExtLastLoactionSet] LastLoactionSet : 0
I/DBG_FMMDM(29999): [50.20.150813][Line:360][xlawmoAdpGetLastLocationState] Device LastLocationMode state : 0
I/DBG_FMMDM(29999): [50.20.150813][Line:839][xdmBroadcastBatteryInfo] Battery Flag : 0
I/DBG_FMMDM(29999): [50.20.150813][Line:840][xdmBroadcastBatteryInfo] Battery szBatteryStatus : CHARGING
D/Netd    ( 1822): Iface wlan0 link up
I/wpa_supplicant(20491): nl80211: Received scan results (7 BSSes)
I/wpa_supplicant(20491): wlan0: Setting scan request: 128 sec 0 usec
I/wpa_supplicant(20491): wlan0: State: SCANNING -> DISCONNECTED
I/wpa_supplicant(20491): CTRL-EVENT-STATE-CHANGE id=-1 state=0 BSSID=00.00.00 SSID=
D/com.facebook.appevents.AppEventsLogger(27714): Got unexpected exception: java.io.EOFException
E/Zygote  ( 8290): MountEmulatedStorage()
E/Zygote  ( 8290): v2
I/SELinux ( 8290): Function: selinux_compare_spd_ram , priority [2] , priority version is VE=SEPF_SM-G800F_5.1.1_0045
E/SELinux ( 8290): [DEBUG] get_category: variable seinfo: platform sensitivity: NULL, cateogry: NULL
D/TimaKeyStoreProvider( 8290): TimaSignature is unavailable
D/ActivityThread( 8290): Added TimaKeyStore provider
E/Zygote  ( 8305): MountEmulatedStorage()
E/Zygote  ( 8305): v2
I/SELinux ( 8305): Function: selinux_compare_spd_ram , priority [2] , priority version is VE=SEPF_SM-G800F_5.1.1_0045
E/SELinux ( 8305): [DEBUG] get_category: variable seinfo: platform sensitivity: NULL, cateogry: NULL
D/TimaKeyStoreProvider( 8305): TimaSignature is unavailable
D/ActivityThread( 8305): Added TimaKeyStore provider
D/KeyguardUpdateMonitor( 2610): received broadcast android.intent.action.BATTERY_CHANGED
I/PERF    ( 2610): received broadcast android.intent.action.BATTERY_CHANGED
D/KeyguardUpdateMonitor( 2610): handleBatteryUpdate
I/DBG_FMMDM(29999): [50.20.150813][Line:931][onReceive] Batter Changed
I/DBG_FMMDM(29999): [50.20.150813][Line:1283][xlawmoAdpGetUltraBatteryLevel] cnt: 70
I/DBG_FMMDM(29999): [50.20.150813][Line:1293][xlawmoAdpGetBatteryStatus] xlawmoAdpGetBatteryStatus
I/DBG_FMMDM(29999): [50.20.150813][Line:1295][xlawmoAdpGetBatteryStatus] 
I/DBG_FMMDM(29999): [50.20.150813][Line:1321][xlawmoAdpGetBatteryStatus] szBatteryStatus = CHARGING
I/DBG_FMMDM(29999): [50.20.150813][Line:529][xdbLawmoGetExtLastLoactionSet] LastLoactionSet : 0
I/DBG_FMMDM(29999): [50.20.150813][Line:360][xlawmoAdpGetLastLocationState] Device LastLocationMode state : 0
I/DBG_FMMDM(29999): [50.20.150813][Line:839][xdmBroadcastBatteryInfo] Battery Flag : 0
I/DBG_FMMDM(29999): [50.20.150813][Line:840][xdmBroadcastBatteryInfo] Battery szBatteryStatus : CHARGING
D/SettingsProvider( 2365): isChangeAllowed() : name = radio.data.stall.recovery.action
D/SettingsProvider( 2365): edmUri: content://com.sec.knox.provider/RestrictionPolicy3
D/SettingsProvider( 2365): projectionArgs: isSettingsChangesAllowed
D/SettingsProvider( 2365): selectionArgs: false
D/SettingsProvider( 2365): selectionArgs: 1001
D/SecContentProvider( 2365): query(), uri = 17 selection = isSettingsChangesAllowed
D/SettingsProvider( 2365): ret = -1
D/KeyguardUpdateMonitor( 2610): received broadcast android.intent.action.TIME_TICK
I/PERF    ( 2610): received broadcast android.intent.action.TIME_TICK
D/KeyguardUpdateMonitor( 2610): handleTimeUpdate
D/SecKeyguardClockView( 2610): onTimeChanged() : mShouldShowDualClock - false, isDualClockSet() -false
D/DateView( 2610): regionalDateFormat = 22.11.3333 isRTLlanguage = false returnDateFormat = E, d. MMMM
D/DateView( 2610): regionalDateFormat = 22.11.3333 isRTLlanguage = false returnDateFormat = E, d. MMMM
D/DateView( 2610): regionalDateFormat = 22.11.3333 isRTLlanguage = false returnDateFormat = E, d. MMMM
D/DateView( 2610): regionalDateFormat = 22.11.3333 isRTLlanguage = false returnDateFormat = E, d. MMMM
D/DateView( 2610): regionalDateFormat = 22.11.3333 isRTLlanguage = false returnDateFormat = E, d. MMMM
D/DateView( 2610): regionalDateFormat = 22.11.3333 isRTLlanguage = false returnDateFormat = E, d. MMMM
D/SecKeyguardStatusUtils( 2610): regionalDateFormat = 22.11.3333 isRTLlanguage = false returnDateFormat = E, d. MMMM
D/SecKeyguardStatusUtils( 2610): regionalDateFormat = 22.11.3333 isRTLlanguage = false returnDateFormat = E, d. MMMM
D/com.facebook.appevents.AppEventsLogger(27714): Got unexpected exception: java.io.EOFException
D/KeyguardUpdateMonitor( 2610): received broadcast android.intent.action.BATTERY_CHANGED
I/PERF    ( 2610): received broadcast android.intent.action.BATTERY_CHANGED
D/KeyguardUpdateMonitor( 2610): handleBatteryUpdate
I/DBG_FMMDM(29999): [50.20.150813][Line:931][onReceive] Batter Changed
I/DBG_FMMDM(29999): [50.20.150813][Line:1283][xlawmoAdpGetUltraBatteryLevel] cnt: 70
I/DBG_FMMDM(29999): [50.20.150813][Line:1293][xlawmoAdpGetBatteryStatus] xlawmoAdpGetBatteryStatus
I/DBG_FMMDM(29999): [50.20.150813][Line:1295][xlawmoAdpGetBatteryStatus] 
I/DBG_FMMDM(29999): [50.20.150813][Line:1321][xlawmoAdpGetBatteryStatus] szBatteryStatus = CHARGING
I/DBG_FMMDM(29999): [50.20.150813][Line:529][xdbLawmoGetExtLastLoactionSet] LastLoactionSet : 0
I/DBG_FMMDM(29999): [50.20.150813][Line:360][xlawmoAdpGetLastLocationState] Device LastLocationMode state : 0
I/DBG_FMMDM(29999): [50.20.150813][Line:839][xdmBroadcastBatteryInfo] Battery Flag : 0
I/DBG_FMMDM(29999): [50.20.150813][Line:840][xdmBroadcastBatteryInfo] Battery szBatteryStatus : CHARGING
D/KeyguardUpdateMonitor( 2610): received broadcast android.intent.action.BATTERY_CHANGED
I/PERF    ( 2610): received broadcast android.intent.action.BATTERY_CHANGED
D/KeyguardUpdateMonitor( 2610): handleBatteryUpdate
I/DBG_FMMDM(29999): [50.20.150813][Line:931][onReceive] Batter Changed
I/DBG_FMMDM(29999): [50.20.150813][Line:1283][xlawmoAdpGetUltraBatteryLevel] cnt: 70
I/DBG_FMMDM(29999): [50.20.150813][Line:1293][xlawmoAdpGetBatteryStatus] xlawmoAdpGetBatteryStatus
I/DBG_FMMDM(29999): [50.20.150813][Line:1295][xlawmoAdpGetBatteryStatus] 
I/DBG_FMMDM(29999): [50.20.150813][Line:1321][xlawmoAdpGetBatteryStatus] szBatteryStatus = CHARGING
I/DBG_FMMDM(29999): [50.20.150813][Line:529][xdbLawmoGetExtLastLoactionSet] LastLoactionSet : 0
I/DBG_FMMDM(29999): [50.20.150813][Line:360][xlawmoAdpGetLastLocationState] Device LastLocationMode state : 0
I/DBG_FMMDM(29999): [50.20.150813][Line:839][xdmBroadcastBatteryInfo] Battery Flag : 0
I/DBG_FMMDM(29999): [50.20.150813][Line:840][xdmBroadcastBatteryInfo] Battery szBatteryStatus : CHARGING
D/com.facebook.appevents.AppEventsLogger(27714): Got unexpected exception: java.io.EOFException
D/KeyguardUpdateMonitor( 2610): received broadcast android.intent.action.BATTERY_CHANGED
I/PERF    ( 2610): received broadcast android.intent.action.BATTERY_CHANGED
D/KeyguardUpdateMonitor( 2610): handleBatteryUpdate
I/DBG_FMMDM(29999): [50.20.150813][Line:931][onReceive] Batter Changed
I/DBG_FMMDM(29999): [50.20.150813][Line:1283][xlawmoAdpGetUltraBatteryLevel] cnt: 70
I/DBG_FMMDM(29999): [50.20.150813][Line:1293][xlawmoAdpGetBatteryStatus] xlawmoAdpGetBatteryStatus
I/DBG_FMMDM(29999): [50.20.150813][Line:1295][xlawmoAdpGetBatteryStatus] 
I/DBG_FMMDM(29999): [50.20.150813][Line:1321][xlawmoAdpGetBatteryStatus] szBatteryStatus = CHARGING
I/DBG_FMMDM(29999): [50.20.150813][Line:529][xdbLawmoGetExtLastLoactionSet] LastLoactionSet : 0
I/DBG_FMMDM(29999): [50.20.150813][Line:360][xlawmoAdpGetLastLocationState] Device LastLocationMode state : 0
I/DBG_FMMDM(29999): [50.20.150813][Line:839][xdmBroadcastBatteryInfo] Battery Flag : 0
I/DBG_FMMDM(29999): [50.20.150813][Line:840][xdmBroadcastBatteryInfo] Battery szBatteryStatus : CHARGING
D/InputReader( 2365): Input event(2): value=1 when=43364215435000
D/InputReader( 2365): !@notifyKey(172), action=0
D/InputManager-JNI( 2365): !@interceptKeyBeforeQueueing(172), action=0, interactive=true
D/InputManager-JNI( 2365): !@handleInterceptActions(172), action=0, wmActions=1
