D/InputReader( 2365): Input event(2): value=0 when=43364380474000
D/InputReader( 2365): !@notifyKey(172), action=1
D/InputManager-JNI( 2365): !@interceptKeyBeforeQueueing(172), action=1, interactive=true
D/InputManager-JNI( 2365): !@handleInterceptActions(172), action=1, wmActions=1
D/PhoneStatusBar( 2610): animateCollapse(): mExpandedVisible=false flags=0
D/StatusBar-Window( 2610): fnf=true sanc=false, kni=false, sbf=false
D/CoverUI ( 2610): applyFocusableFlag() : Remove SAMSUNG_FLAG_SVIEW_COVER
D/CoverUI ( 2610): applyHeight h = 50, oc = false, ex = false, fa = false, ac = false, sc = false
D/HotspotTile( 2610): onReceive : android.intent.action.CLOSE_SYSTEM_DIALOGS
D/AirplaneModeTile( 2610): onReceive : android.intent.action.CLOSE_SYSTEM_DIALOGS
D/InputDispatcher( 2365): Focused application set to: xxxx
D/InputDispatcher( 2365): Focus left window: 7692
D/PointerIcon( 2365): setMouseIconStyle1 pointerType: 1001 iconType:101 flag:0 pid:2365 uid:1000
D/PointerIcon( 2365): setMouseCustomIcon IconType is same.101
D/PointerIcon( 2365): setHoveringSpenIconStyle1 pointerType: 10001 iconType:1 flag:0 pid:2365 uid:1000
D/PointerIcon( 2365): setHoveringSpenCustomIcon IconType is same.1
D/SensorService( 2365): cleanupWithoutDisableLocked - size : 0, ref : 3
V/MPL-storeload( 2365): inv_get_mpl state size = 6040
V/MPL-storeload( 2365): calData from inv_save_mpl_states, size=2
V/MPL-storeload( 2365): cal data size to write = 6040
V/MPL-storeload( 2365): Bytes written = 6040
D/Launcher( 2861): onRestart, Launcher: 129357435
D/Launcher( 2861): onStart, Launcher: 129357435
D/Launcher.HomeView( 2861): onStart
D/Launcher( 2861): onResume, Launcher: 129357435
D/SettingsProvider( 2365): isChangeAllowed() : name = kids_home_mode
D/SettingsProvider( 2365): edmUri: content://com.sec.knox.provider/RestrictionPolicy3
D/SettingsProvider( 2365): projectionArgs: isSettingsChangesAllowed
D/SettingsProvider( 2365): selectionArgs: false
D/SettingsProvider( 2365): selectionArgs: 10008
D/SecContentProvider( 2365): query(), uri = 17 selection = isSettingsChangesAllowed
D/SettingsProvider( 2365): ret = -1
D/Launcher.HomeView( 2861): onResume
D/WallpaperManagerService( 2365): getWallpaperData : 0
D/Launcher( 2861): setSystemUiTransparency.SettingNotFoundException : set as TRUE
D/Launcher( 2861): Launcher::setSystemUiTransparency(): getSystemUiVisibility() after setting  = 0
W/System.err( 2365): remove failed: ENOENT (No such file or directory) : /data/system/procstats/state-2016-05-14-20-08-14.bin.bak
D/MenuAppsGridFragment( 2861): onResume
E/Zygote  ( 8329): MountEmulatedStorage()
E/Zygote  ( 8329): v2
I/SELinux ( 8329): Function: selinux_compare_spd_ram , priority [2] , priority version is VE=SEPF_SM-G800F_5.1.1_0045
E/SELinux ( 8329): [DEBUG] get_category: variable seinfo: platform sensitivity: NULL, cateogry: NULL
I/art     ( 1840): Explicit concurrent mark sweep GC freed 8756(372KB) AllocSpace objects, 0(0B) LOS objects, 39% free, 3MB/6MB, paused 440us total 22.019ms
I/AudioPolicyManager( 1829): stopOutput() output 2, stream 3, session 126
I/AudioPolicyManager( 1829): changeRefCount() stream 3, count 0
I/AudioPolicyManager( 1829): setOutputDevice() setting same device 0000 or null device for output 2
D/TimaKeyStoreProvider( 8329): TimaSignature is unavailable
D/ActivityThread( 8329): Added TimaKeyStore provider
I/art     ( 1840): Explicit concurrent mark sweep GC freed 5(160B) AllocSpace objects, 0(0B) LOS objects, 39% free, 3MB/6MB, paused 462us total 18.618ms
I/art     ( 1840): Explicit concurrent mark sweep GC freed 5(160B) AllocSpace objects, 0(0B) LOS objects, 39% free, 3MB/6MB, paused 518us total 17.091ms
D/ActivityManager( 2365): post active user change for 0 fullscreen true isFloatingActivity() false isHomeActivity() true
I/WallpaperManagerService( 2365): switchPersonaWallpaper is called for personaId-0
D/KnoxTimeoutHandler( 2365): post home show event for user 0
D/WallpaperManagerService( 2365):  force update = false; persona id = 0; current user =0; current persona = 0
D/KnoxTimeoutHandler( 2365): postActiveUserChange for user 0
I/KnoxTimeoutHandler( 2365): postActiveUserChange, showWhenLocked: false
D/KnoxTimeoutHandler( 2365): handleHomeShow for 0 and current 0
D/KnoxTimeoutHandler( 2365): handleActiveUserChange for user 0
I/KnoxTimeoutHandler( 2365): Shared devices show user statefalse
I/SurfaceFlinger( 1811): id=2195 createSurf (720x1280),1 flag=4, Mauncher
D/InputDispatcher( 2365): Focus entered window: 2861
D/SRIB_DCS( 2861): log_dcs ThreadedRenderer::initialize entered! 
D/PointerIcon( 2365): setMouseIconStyle1 pointerType: 1001 iconType:101 flag:0 pid:2365 uid:1000
D/PointerIcon( 2365): setMouseCustomIcon IconType is same.101
D/PointerIcon( 2365): setHoveringSpenIconStyle1 pointerType: 10001 iconType:1 flag:0 pid:2365 uid:1000
D/PointerIcon( 2365): setHoveringSpenCustomIcon IconType is same.1
D/Launcher( 2861): setSystemUiTransparency.SettingNotFoundException : set as TRUE
D/Launcher( 2861): Launcher::setSystemUiTransparency(): getSystemUiVisibility() after setting  = 0
D/InputMethodManagerService( 2365): windowGainedFocus mCurrentFocusedUserId - 0 and mSecureKeypadEnabled-false
D/libEGL  ( 1811): eglInitialize EGLDisplay = 0xbe9cc294
I/Timeline( 2861): Timeline: Activity_idle id: android.os.BinderProxy@30c5dc92 time:43365124
D/WallpaperService( 2743): MSG_WINDOW_RESIZED
I/SurfaceFlinger( 1811): id=2193 Removed VnityPlayer (7/9)
I/SurfaceFlinger( 1811): id=2193 Removed VnityPlayer (-2/9)
D/libEGL  ( 1811): eglTerminate EGLDisplay = 0xbe9ccb1c
I/SurfaceFlinger( 1811): id=2194 Removed TurfaceView (6/8)
I/SurfaceFlinger( 1811): id=2194 Removed TurfaceView (-2/8)
I/Timeline( 2365): Timeline: Activity_windows_visible id: ActivityRecord{283104a9 u0 com.sec.android.app.launcher/com.android.launcher2.Launcher t4036} time:43365217
D/libEGL  ( 1811): eglTerminate EGLDisplay = 0xbe9ccb1c
D/libEGL  ( 1811): eglTerminate EGLDisplay = 0xbe9ccb1c
D/libEGL  ( 1811): eglTerminate EGLDisplay = 0xbe9ccb1c
D/libEGL  ( 1811): eglTerminate EGLDisplay = 0xbe9ccb1c
D/NearbySource( 8329): Nearby Source Create!
D/NearbyContext( 8329): Nearby Context Create!
D/SLinkSource( 8329): Samsung link source created
D/ContactProvider( 8329): getAllContactInfoList Start
I/person  ( 8329): thread: 17993, name = 
I/person  ( 8329): thread: 17993, id = 
I/person  ( 8329): thread: 17993, key = 
D/ContactProvider( 8329): getAllContactInfoList End
I/syncContacts( 8329): thread: 17993, sync time = 85
D/GalleryCacheReady( 8329): Receive : home resume
E/Zygote  ( 8349): MountEmulatedStorage()
E/Zygote  ( 8349): v2
I/SELinux ( 8349): Function: selinux_compare_spd_ram , priority [2] , priority version is VE=SEPF_SM-G800F_5.1.1_0045
E/SELinux ( 8349): [DEBUG] get_category: variable seinfo: release sensitivity: NULL, cateogry: NULL
D/TimaKeyStoreProvider( 8349): TimaSignature is unavailable
D/ActivityThread( 8349): Added TimaKeyStore provider
I/display ( 1811): [DYNAMIC_RECOMP] HWC_2_GLES by low FPS(0)
D/Mms/MmsApp( 8349): [start]    onCreate() consume time = 0.0
D/Mms/ArtClassLoader( 8349): init before art
D/Mms/TelephonyPermission( 8349): start operation mode monitor
D/Mms/TelephonyPermission( 8349): User ID is null set current User Id
W/ResourceType( 2679): No package identifier when getting value for resource number 0x00000000
W/PackageManager( 2679): Failure retrieving resources for com.mythHunter.app: Resource ID #0x0
D/WallpaperService( 2743): MSG_WINDOW_RESIZED
D/WallpaperService( 2743): MSG_WINDOW_RESIZED
D/Mms/ArtClassLoader( 8349): init [DONE] art
D/Mms/TelephonyPermission( 8349): DefaultSmsApp is com.android.mms
D/Mms/TelephonyPermission( 8349): isDefault true
D/Mms/MmsApp( 8349): onCreate() com.android.mms
D/Mms/MessageUtils( 8349): getMessagingSimType() simSlotCount : 1
D/Mms/MmsApp( 8349): [start]    initCountryIso consume time = 586.83475
D/Mms/MmsApp( 8349): [end]    initCountryIso consume time = 27.441
D/Mms/MmsConfig( 8349): [start]    MmsConfig.init() consume time = 0.133875
D/Mms/MmsConfig( 8349): before partial update
D/Mms/MmsConfig( 8349): Load Resize quality : 80
D/EasySignUpManager_1.0.2( 8349): isAuth is false
I/EasySignUpManager_1.0.2( 8349): auth : false, join : 2
D/Mms/MmsConfig( 8349): getEasySignUpStatus - sIsAuthEasySignUp(isJoined(SERVICE_ID_RSHARE)) = false, TelephonyUtils.getSimState(0)= 5
D/EasySignUpManager_1.0.2( 8349): userSerialNumber = 0
D/EasySignUpManager_1.0.2( 8349): serviceId : 1, features : -1
D/EasySignUpManager_1.0.2( 8349): isAuth is false
D/EasySignUpManager_1.0.2( 8349): getServiceStatus : serviceId (1) is OFF
D/Mms/MmsConfig( 8349): setFreeMessageEnabled, getSupportedFeatures = -1 sIsAuthEasySignUp = false sIsFreeMessageServiceStatus = false
D/TP/MmsSmsProvider( 2845): query,matched:2117, calling pid = 8349
D/TP/MmsSmsProvider( 2845): match 2117:Elapsed time : 1.600 ms
E/CscParser( 8349): mps_code.dat does not exist
E/CscParser( 8349): customer_path =/system/csc/customer.xml
E/CscParser( 8349): fileName + /system/csc/customer.xml
E/CscParser( 8349): mps_code.dat does not exist
E/CscParser( 8349): customer_path =/system/csc/customer.xml
E/CscParser( 8349): fileName + /system/csc/customer.xml
D/CscParser( 8349): getInstance fileName =/system/csc/customer.xml
D/Mms/MmsConfig( 8349):  enable multiwindow = false
D/Mms/PackageInfo( 8349): isEnabledComponent compomentName=com.android.mms.ui.RcsTransferContent
D/Mms/PackageInfo( 8349): isEnabledComponent compomentName=com.android.mms.ui.TmoRcsTransferContent
D/Mms/MessageUtils( 8349): setComponentFreeMessage isChecked = false
D/Mms/PackageInfo( 8349): isEnabledComponent compomentName=com.android.mms.ui.TransferContent
D/Mms/PackageInfo( 8349): isEnabledComponent compomentName=com.android.mms.ui.ComposeMessageMms
E/Mms/MessageUtils( 8349): setCountryDetector : update country detector info 
E/Mms/MessageUtils( 8349): updateCountryIso : update country iso info 
D/Mms/MmsConfig( 8349): [end]    init() consume time = 136.967125
D/Mms/Contact( 8349): [start]    init() consume time = 3.707875
D/TP/MmsSmsProvider( 2845): query,matched:13, calling pid = 8349
D/TP/MmsSmsProvider( 2845): match 13:Elapsed time : 2.486 ms
D/Mms/Contact( 8349): [end]    init consume time = 84.234
D/Mms/DraftCache( 8349): [start]    rebuildCache consume time = 28.919458
D/TP/MmsSmsProvider( 2845): query,matched:12, calling pid = 8349
D/TP/MmsSmsProvider( 2845): match 12:Elapsed time : 1.670 ms
D/Mms/DraftCache( 8349): [end]    rebuildCache consume time = 15.635292
D/Mms:transaction( 8349): roaming -> false (slotId = 0)
D/Mms:transaction( 8349): [NotificationTransaction] getAutoDownloadState simSlot : 0
D/Mms:transaction( 8349): auto download without roaming -> true
D/Mms:transaction( 8349): [NotificationTransaction] getAutoDownloadState alwaysAuto : false, roaming : false
D/Mms:transaction( 8349): roaming -> false (slotId = 1)
D/Mms:transaction( 8349): [NotificationTransaction] getAutoDownloadState simSlot : 1
D/Mms:transaction( 8349): auto download without roaming -> true
D/Mms:transaction( 8349): [NotificationTransaction] getAutoDownloadState alwaysAutoSecondary : false, roaming : false
D/Mms:transaction( 8349): auto download during roaming secondary -> false
D/Mms:transaction( 8349): mAutoDownload ------> true
D/ComposerPerformance( 8349): 1463251110091 ms / [DONE] Composer constructor
D/Mms/Conversation( 8349): [start]    init() consume time = 153.550375
D/TP/MmsSmsProvider( 2845): deleteConversation threadId: 9223372036854775807
D/TP/MmsSmsProvider( 2845): delete URI_CONVERSATIONS_MESSAGES affectedRows=0 isIntegrated=false
V/TP/MmsSmsDatabaseHelper( 2845): updateThread(), thread_id = 9223372036854775807
V/TP/MmsSmsDatabaseHelper( 2845): sUpgradeVersion = 0, db.getVersion() = 86
E/CII     ( 8349): CommonIMSInterface: VoLTE CSC feature disabled.
I/Mms/ReservationManager( 8349): ReservationManager()
I/Mms/ReservationManager( 8349): resetAfterConnected()
V/TP/MmsSmsDatabaseHelper( 2845): updateThread() end, affectedRows = 0
D/TP/MmsSmsProvider( 2845): delete URI_CONVERSATIONS_MESSAGES affectedRows=0
D/TP/MmsSmsProvider( 2845): delete threadId: 9223372036854775807
D/TP/MmsSmsProvider( 2845): need read changed broadcast:false
D/Mms/Conversation( 8349): [end]    init consume time = 23.429
D/TP/MmsSmsProvider( 2845): query,matched:7, calling pid = 8349
D/TP/MmsSmsProvider( 2845): match 7:Elapsed time : 2.610 ms
I/Mms/ReservationManager( 8349): getReservedSendMessageCount(): retMessageCount=0
D/Mms/MessagingNotification( 8349): [start]    init() consume time = 16.090292
D/Mms/MessagingNotification( 8349): [end]    init consume time = 3.205541
D/Mms/SpamFilter( 8349): [start]    SpamFilter fill() begin consume time = 5.764959
D/Mms/MmsApp( 8349): [end]    onCreate() consume time = 3.901666
D/TP/MmsSmsProvider( 2845): query,matched:0, calling pid = 8349
V/TP/MmsSmsProvider( 2845): getSimpleConversations entered.
D/Mms/Synchronizer( 8349): [start]    doSync consume time = 4.912625
D/TP/MmsSmsProvider( 2845): match 0:Elapsed time : 1.866 ms
D/TP/MmsSmsProvider( 2845): query,matched:400, calling pid = 8349
D/Mms/UIEventReceiver( 8349): ui event
D/Mms:transaction( 8349): Service state changed: Bundle[mParcelledData.dataSize=1288]
D/TP/MmsSmsProvider( 2845): update, matched:300, calling pid = 8349
V/TP/MmsSmsProvider( 2845): syncDBData start
V/TP/MmsSmsProvider( 2845): syncDBData sms end
D/Mms:transaction( 8349): roaming ------> false, mSimSlot = 0
D/Mms:transaction( 8349): roaming -> false (slotId = 0)
D/Mms:transaction( 8349): [NotificationTransaction] getAutoDownloadState simSlot : 0
D/Mms:transaction( 8349): auto download without roaming -> true
D/Mms:transaction( 8349): [NotificationTransaction] getAutoDownloadState alwaysAuto : false, roaming : false
V/TP/MmsSmsProvider( 2845): syncDBData mms end
V/TP/MmsSmsProvider( 2845): syncDBData end
D/Mms:transaction( 8349): mAutoDownload ------> true
D/Mms/Synchronizer( 8349): [end]    doSync consume time = 25.21125
E/Zygote  ( 8376): MountEmulatedStorage()
E/Zygote  ( 8376): v2
I/SELinux ( 8376): Function: selinux_compare_spd_ram , priority [2] , priority version is VE=SEPF_SM-G800F_5.1.1_0045
E/SELinux ( 8376): [DEBUG] get_category: variable seinfo: platform sensitivity: NULL, cateogry: NULL
D/Mms/SpamFilter( 8349): [end]    SpamFilter fill() finished consume time = 49.18025
D/BadgeProvider( 2943): query, [selection] : package=?
D/TimaKeyStoreProvider( 8376): TimaSignature is unavailable
D/Mms/MessagingNotification( 8349): checkBadgeCount unreadCount=0 badgeCount=0
D/ActivityThread( 8376): Added TimaKeyStore provider
D/TP/SmsProvider( 2845): query,matched:26, calling pid = 8349
D/TP/SmsProvider( 2845): match 26:Elapsed time : 1.833 ms
D/TP/MmsSmsProvider( 2845): query,matched:6, calling pid = 8349
D/TP/MmsSmsProvider( 2845): match 6:Elapsed time : 2.323 ms
E/Zygote  ( 8391): MountEmulatedStorage()
E/Zygote  ( 8391): v2
I/SELinux ( 8391): Function: selinux_compare_spd_ram , priority [2] , priority version is VE=SEPF_SM-G800F_5.1.1_0045
E/SELinux ( 8391): [DEBUG] get_category: variable seinfo: platform sensitivity: NULL, cateogry: NULL
D/TimaKeyStoreProvider( 8391): TimaSignature is unavailable
D/ActivityThread( 8391): Added TimaKeyStore provider
W/GeoLookout( 8376): H: zOXtzplbN+8pOR8lXMN+zuVFxvDlCo+Yzxg4ugbhd7A04DIT5nFf+o6jguBECoC9dC8nZsnXtcP6wJ/Do8CKbApjnmitl3AiTeKReyJRDttBktCZIh1mNkZuovfXxXoAjd37PhyBM3ng3bcKYjYGOEDyKJaWZrwK1FfNJWfEtzYH8n1Joa422xGgCu3P2tNC0syzQpcTEb6CNvuJmw0Apg==
I/GeoLookout( 8376): H: zOXtzplbN+8pOR8lXMN+zq5rYKS75KQLo4xvOOBhIY6eGw1/GT6WQYb1SRYOugxmkGHzev/Lb2j+GB0+6UGDnw==
D/SettingsProvider( 2365): isChangeAllowed() : name = safetycare_geolookout_registering
D/SettingsProvider( 2365): edmUri: content://com.sec.knox.provider/RestrictionPolicy3
D/SettingsProvider( 2365): projectionArgs: isSettingsChangesAllowed
D/SettingsProvider( 2365): selectionArgs: false
D/SettingsProvider( 2365): selectionArgs: 10102
D/SecContentProvider( 2365): query(), uri = 17 selection = isSettingsChangesAllowed
D/SettingsProvider( 2365): ret = -1
D/GeoLookout( 8376): H: mmqeDLqBgrS1PY9ZxjAERmjpyYDSyckxRVEBLahXFCCjxEHkYkZuzwjV7ldL9/y2wUiG8ZXusFQQzoKG1FCUjw==
D/GeoLookout( 8376): H: oG7yKmvlgCB+MeB9ScCFjRATu9ZqRwmv7A7uEos9Q9mvO4YDA6qaoxYEtGEMNH1w
D/GeoLookout( 8376): H: oG7yKmvlgCB+MeB9ScCFjRej64htfcxG5kL3SHyGYDnr4brh3hp83PTv8sTeWgfzb09Wu8w+l9FeW3bXb18r1tcp17zAuCthjNMD7/ctUpMsPOZWZzY9gg1XBOkZWTGk
D/GeoLookout( 8376): H: oG7yKmvlgCB+MeB9ScCFjVjhROowReQZ6uZ83+PHbxXxfrUuNQHmPlY4PsIKqeHXpHMfmw7BKa8EvZP1XFE95vEpSHlOxg9XQoR6KQvcMJUpzHP2yBB+X9E2BKlsnebdX/Y40A4wCzJvXgq/1mmVNQ==
D/GeoLookout( 8376): H: oG7yKmvlgCB+MeB9ScCFjRATu9ZqRwmv7A7uEos9Q9mvO4YDA6qaoxYEtGEMNH1w
D/GeoLookout( 8376): H: oG7yKmvlgCB+MeB9ScCFjRej64htfcxG5kL3SHyGYDnr4brh3hp83PTv8sTeWgfzb09Wu8w+l9FeW3bXb18r1tcp17zAuCthjNMD7/ctUpMsPOZWZzY9gg1XBOkZWTGk
D/GeoLookout( 8376): H: oG7yKmvlgCB+MeB9ScCFjVjhROowReQZ6uZ83+PHbxXxfrUuNQHmPlY4PsIKqeHXpHMfmw7BKa8EvZP1XFE95vEpSHlOxg9XQoR6KQvcMJUezCj+VlRSvYmiaFKv4yMdF9ANJ7ri8t1rvBR++sDAZA==
E/Zygote  ( 8407): MountEmulatedStorage()
E/Zygote  ( 8407): v2
I/SELinux ( 8407): Function: selinux_compare_spd_ram , priority [2] , priority version is VE=SEPF_SM-G800F_5.1.1_0045
E/SELinux ( 8407): [DEBUG] get_category: variable seinfo: shared sensitivity: NULL, cateogry: NULL
I/OMACP   ( 8391): [com.wsomacp.XCPApplication(50/onCreate)] CPApplication Start !
D/TimaKeyStoreProvider( 8407): TimaSignature is unavailable
D/ActivityThread( 8407): Added TimaKeyStore provider
D/Mms/Omacp( 8349): checkOmacp()  old OmacpCount 0 current OmacpCount = 1
I/OMACP   ( 8391): [com.wsomacp.agent.XCPSystem(120/xcpSystemSetCPFeature)] XCP_FEATURE_MAC_CHECK: false
I/OMACP   ( 8391): [com.wsomacp.agent.XCPSystem(121/xcpSystemSetCPFeature)] XCP_FEATURE_SECURITY: 4369
I/OMACP   ( 8391): [com.wsomacp.agent.XCPSystem(122/xcpSystemSetCPFeature)] XCP_FEATURE_NETWPIN_CHECK: false
I/OMACP   ( 8391): [com.wsomacp.agent.XCPSystem(123/xcpSystemSetCPFeature)] XCP_FEATURE_MULTI_APN: true
I/OMACP   ( 8391): [com.wsomacp.agent.XCPSystem(124/xcpSystemSetCPFeature)] XCP_FEATURE_OVERWRITE_BY_APN: false
I/OMACP   ( 8391): [com.wsomacp.agent.XCPSystem(125/xcpSystemSetCPFeature)] XCP_FEATURE_DELETE_CP_MESSAGE: false
I/OMACP   ( 8391): [com.wsomacp.agent.XCPSystem(126/xcpSystemSetCPFeature)] XCP_FEATURE_SUPPORT_MYPHONEBOOK: false
I/OMACP   ( 8391): [com.wsomacp.agent.XCPSystem(127/xcpSystemSetCPFeature)] XCP_FEATURE_SUPPORT_OMADM_BOOTSTRAP: false
I/OMACP   ( 8391): [com.wsomacp.agent.XCPSystem(128/xcpSystemSetCPFeature)] XCP_FEATURE_BG_INTSATLL_DM_BOOTSTRAP: false
I/OMACP   ( 8391): [com.wsomacp.agent.XCPSystem(129/xcpSystemSetCPFeature)] XCP_DEVICETYPE_FEATURE_TABLET : false
I/OMACP   ( 8391): [com.wsomacp.agent.XCPSystem(130/xcpSystemSetCPFeature)] XCP_SUPPORT_DUAL_SIM : false
I/OMACP   ( 8391): [com.wsomacp.agent.XCPSystem(131/xcpSystemSetCPFeature)] XCP_SUPPORT_USA_ATT : false
I/OMACP   ( 8391): [com.wsomacp.agent.XCPSystem(132/xcpSystemSetCPFeature)] XCP_SUPPORT_SAME_APN : false
I/Launcher.MenuWidgets( 2861): syncWidgetPageItems Page: 0 immediate false subListOffsets 0, 6
I/Launcher.MenuWidgets( 2861):  Creating Widget View
V/TaskCloserActivity( 8125): TaskCloserActivity onReceive() - com.sec.android.intent.action.HOME_RESUME
I/Launcher.MenuWidgets( 2861):  Creating Widget View
I/Launcher.MenuWidgets( 2861):  Creating Widget View
I/Launcher.MenuWidgets( 2861):  Creating Widget View
I/Launcher.MenuWidgets( 2861):  Creating Widget Folder View
I/Launcher.MenuWidgets( 2861):  Creating Widget View
I/Launcher.MenuWidgets( 2861): syncWidgetPageItems Page: 1 immediate false subListOffsets 6, 12
I/Launcher.MenuWidgets( 2861):  Creating Widget Folder View
E/Zygote  ( 8424): MountEmulatedStorage()
E/Zygote  ( 8424): v2
I/SELinux ( 8424): Function: selinux_compare_spd_ram , priority [2] , priority version is VE=SEPF_SM-G800F_5.1.1_0045
E/SELinux ( 8424): [DEBUG] get_category: variable seinfo: platform sensitivity: NULL, cateogry: NULL
I/Launcher.MenuWidgets( 2861):  Creating Widget View
I/Launcher.MenuWidgets( 2861):  Creating Widget View
I/Launcher.MenuWidgets( 2861):  Creating Widget View
I/Launcher.MenuWidgets( 2861):  Creating Widget View
I/Launcher.MenuWidgets( 2861):  Creating Widget Folder View
D/AudioHardwareTinyALSA( 1829): Entering AudioStreamOutALSA standby mode
V/AudioHardwareTinyALSA( 1829): closePcmInterface++
V/AudioHardwareTinyALSA( 1829): closePcmInterface--
I/AudioHardwareTinyALSA( 1829): Close mHandle:458d0040
D/TimaKeyStoreProvider( 8424): TimaSignature is unavailable
D/ActivityThread( 8424): Added TimaKeyStore provider
I/Launcher.MenuWidgets( 2861): syncWidgetPageItems Page: 2 immediate false subListOffsets 12, 18
I/Launcher.MenuWidgets( 2861):  Creating Widget Folder View
I/Launcher.MenuWidgets( 2861):  Creating Widget Folder View
I/Launcher.MenuWidgets( 2861):  Creating Widget Folder View
I/Launcher.MenuWidgets( 2861):  Creating Widget Folder View
I/Launcher.MenuWidgets( 2861):  Creating Widget Folder View
I/Launcher.MenuWidgets( 2861):  Creating Widget View
I/Launcher.MenuWidgets( 2861): syncWidgetPageItems Page: 3 immediate false subListOffsets 18, 24
I/Launcher.MenuWidgets( 2861):  Creating Widget View
I/Launcher.MenuWidgets( 2861):  Creating Widget Folder View
I/Launcher.MenuWidgets( 2861):  Creating Widget View
I/Launcher.MenuWidgets( 2861):  Creating Widget Folder View
I/Launcher.MenuWidgets( 2861):  Creating Widget View
I/Launcher.MenuWidgets( 2861):  Creating Widget View
I/Launcher.MenuWidgets( 2861): syncWidgetPageItems Page: 4 immediate false subListOffsets 24, 30
I/Launcher.MenuWidgets( 2861):  Creating Widget View
I/Launcher.MenuWidgets( 2861):  Creating Widget View
I/Launcher.MenuWidgets( 2861):  Creating Widget Folder View
I/Launcher.MenuWidgets( 2861):  Creating Widget Folder View
I/Launcher.MenuWidgets( 2861):  Creating Widget View
I/Launcher.MenuWidgets( 2861):  Creating Widget Folder View
I/Launcher.MenuWidgets( 2861): syncWidgetPageItems Page: 5 immediate false subListOffsets 30, 36
I/Launcher.MenuWidgets( 2861):  Creating Widget View
I/Launcher.MenuWidgets( 2861):  Creating Widget Folder View
I/Launcher.MenuWidgets( 2861):  Creating Widget Folder View
I/Launcher.MenuWidgets( 2861):  Creating Widget View
I/Launcher.MenuWidgets( 2861):  Creating Widget View
I/Launcher.MenuWidgets( 2861):  Creating Widget View
I/Launcher.MenuWidgets( 2861): syncWidgetPageItems Page: 6 immediate false subListOffsets 36, 42
I/Launcher.MenuWidgets( 2861):  Creating Widget View
I/Launcher.MenuWidgets( 2861):  Creating Widget View
I/Launcher.MenuWidgets( 2861):  Creating Widget Folder View
I/Launcher.MenuWidgets( 2861):  Creating Widget View
I/Launcher.MenuWidgets( 2861):  Creating Widget Folder View
I/Launcher.MenuWidgets( 2861):  Creating Widget Folder View
I/Mms/MmsApp( 8349):  start initViewCache mms
D/Mms/ComposeMessageFragment( 8349): [start]    fillCache consume time = 1923.659711
D/Mms/ComposeMessageFragment( 8349): fillCache, easy = false
W/ResourceType( 8349): Failure getting entry for 0x01080ad5 (t=7 e=2773) (error -75)
W/ResourceType( 8349): Failure getting entry for 0x01080ad5 (t=7 e=2773) (error -75)
W/ResourceType( 8349): Failure getting entry for 0x01080ad5 (t=7 e=2773) (error -75)
D/AbsListView( 8349): Get MotionRecognitionManager
E/MotionRecognitionManager( 8349): mSContextService = android.hardware.scontext.ISContextService$Stub$Proxy@20887adc
E/MotionRecognitionManager( 8349): motionService = com.samsung.android.motion.IMotionRecognitionService$Stub$Proxy@11b387e5
E/MotionRecognitionManager( 8349): motionService = com.samsung.android.motion.IMotionRecognitionService$Stub$Proxy@11b387e5
D/Mms/ComposeMessageFragment( 8349): [end]    fillCache consume time = 308.334999
D/com.facebook.appevents.AppEventsLogger(27714): Got unexpected exception: java.io.EOFException
W/ResourceType( 8349): Failure getting entry for 0x01080ad5 (t=7 e=2773) (error -75)
W/ResourceType( 8349): Failure getting entry for 0x01080ad5 (t=7 e=2773) (error -75)
W/ResourceType( 8349): Failure getting entry for 0x01080ad5 (t=7 e=2773) (error -75)
W/ResourceType( 8349): Failure getting entry for 0x01080ad5 (t=7 e=2773) (error -75)
W/ResourceType( 8349): Failure getting entry for 0x01080ad5 (t=7 e=2773) (error -75)
W/ResourceType( 8349): Failure getting entry for 0x01080ad5 (t=7 e=2773) (error -75)
W/ResourceType( 8349): Failure getting entry for 0x01080ad5 (t=7 e=2773) (error -75)
W/ResourceType( 8349): Failure getting entry for 0x01080ad5 (t=7 e=2773) (error -75)
D/Mms/BubbleViewCache( 8349): fillCache bubble = 4
I/InputReader( 2365): Touch event's action is 0x0 (deviceType=0) [pCnt=1, s=0.5146 ] when=43371275943000
D/InputReader( 2365): lastThreadEndTime = 43364383617154, currentThreadStartTime = 43364383630571, diff = 0
I/InputDispatcher( 2365): Delivering touch to (2610): action: 0x4, toolType: 1
I/InputDispatcher( 2365): Delivering touch to (2861): action: 0x0, toolType: 1
I/InputDispatcher( 2365): Delivering touch to (2743): action: 0x0, toolType: 1
D/ViewRootImpl( 2861): ViewPostImeInputStage ACTION_DOWN
D/WallpaperManagerService( 2365): getWallpaperData : 0
D/libEGL  ( 1811): eglInitialize EGLDisplay = 0xbe9cc294
D/libEGL  ( 1811): eglInitialize EGLDisplay = 0xbe9cc294
D/libEGL  ( 1811): eglInitialize EGLDisplay = 0xbe9cc294
I/display ( 1811): [DYNAMIC_RECOMP] GLES_2_HWC by high FPS(60)
I/InputReader( 2365): Touch event's action is 0x1 (deviceType=0) [pCnt=1, s=] when=43371881822000
I/InputDispatcher( 2365): Delivering touch to (2861): action: 0x1, toolType: 1
I/InputDispatcher( 2365): Delivering touch to (2743): action: 0x1, toolType: 1
I/InputReader( 2365): Touch event's action is 0x0 (deviceType=0) [pCnt=1, s=0.5147 ] when=43372375657000
D/InputReader( 2365): lastThreadEndTime = 43371882161240, currentThreadStartTime = 43371882173198, diff = 0
I/InputDispatcher( 2365): Delivering touch to (2610): action: 0x4, toolType: 1
I/InputDispatcher( 2365): Delivering touch to (2861): action: 0x0, toolType: 1
I/InputDispatcher( 2365): Delivering touch to (2743): action: 0x0, toolType: 1
D/ViewRootImpl( 2861): ViewPostImeInputStage ACTION_DOWN
I/InputReader( 2365): Touch event's action is 0x1 (deviceType=0) [pCnt=1, s=] when=43372459565000
I/InputDispatcher( 2365): Delivering touch to (2861): action: 0x1, toolType: 1
I/InputDispatcher( 2365): Delivering touch to (2743): action: 0x1, toolType: 1
I/Timeline( 2861): Timeline: Activity_launch_request id:com.tinder time:43372506
D/InputDispatcher( 2365): Focused application set to: xxxx
D/InputDispatcher( 2365): Focus left window: 2861
D/PhoneWindow( 2365): *FMB* installDecor mIsFloating : false
D/PhoneWindow( 2365): *FMB* installDecor flags : -2122120936
D/ViewRootImpl( 2365): Buffer Count from app info with  ::-1 && -1 for :: android from View :: -1 DBQ Enabled ::false false
D/Launcher.HomeView( 2861): onPause
D/PhoneWindow( 2365): *FMB* isFloatingMenuEnabled mFloatingMenuBtn : null
D/PhoneWindow( 2365): *FMB* isFloatingMenuEnabled return false
I/SurfaceFlinger( 1811): id=2196 createSurf (1x1),1 flag=404, uinder
D/Launcher( 2861): Launcher::setSystemUiTransparency(): getSystemUiVisibility() after setting  = 0
V/TaskCloserActivity( 8125): TaskCloserActivity onReceive() - com.sec.android.intent.action.HOME_PAUSE
D/PointerIcon( 2365): setMouseIconStyle1 pointerType: 1001 iconType:101 flag:0 pid:2365 uid:1000
D/PointerIcon( 2365): setMouseCustomIcon IconType is same.101
D/PointerIcon( 2365): setHoveringSpenIconStyle1 pointerType: 10001 iconType:1 flag:0 pid:2365 uid:1000
D/PointerIcon( 2365): setHoveringSpenCustomIcon IconType is same.1
E/Zygote  ( 8443): MountEmulatedStorage()
E/Zygote  ( 8443): v2
I/SELinux ( 8443): Function: selinux_compare_spd_ram , priority [2] , priority version is VE=SEPF_SM-G800F_5.1.1_0045
E/SELinux ( 8443): [DEBUG] get_category: variable seinfo: default sensitivity: NULL, cateogry: NULL
D/libEGL  ( 1811): eglInitialize EGLDisplay = 0xbe9cc294
D/TimaKeyStoreProvider( 8443): TimaSignature is unavailable
D/ActivityThread( 8443): Added TimaKeyStore provider
D/libEGL  ( 1811): eglTerminate EGLDisplay = 0x42abcad4
D/libEGL  ( 1811): eglTerminate EGLDisplay = 0x42abcad4
D/libEGL  ( 1811): eglTerminate EGLDisplay = 0x42abcad4
I/SurfaceFlinger( 1811): id=2195 Removed Mauncher (2/8)
I/SurfaceFlinger( 1811): id=2195 Removed Mauncher (-2/8)
D/libEGL  ( 1811): eglTerminate EGLDisplay = 0xbe9ccb34
I/MultiDex( 8443): VM with version 2.1.0 has multidex support
I/MultiDex( 8443): install
I/MultiDex( 8443): VM has multidex support, MultiDex support library is disabled.
I/GMPM    ( 8443): App measurement is starting up, version: 8487
I/GMPM    ( 8443): To enable debug logging run: adb shell setprop log.tag.GMPM VERBOSE
E/GMPM    ( 8443): GoogleService failed to initialize, status: 10, Missing an expected resource: 'R.string.google_app_id' for initializing Google services.  Possible causes are missing google-services.json or com.google.gms.google-services gradle plugin.
E/GMPM    ( 8443): Scheduler not set. Not logging error/warn.
I/TINDER  ( 8443): 1eec1c4
E/GMPM    ( 8443): Uploading is not possible. App measurement disabled
I/display ( 1811): [DYNAMIC_RECOMP] HWC_2_GLES by low FPS(0)
I/CrashlyticsCore( 8443): Initializing Crashlytics 2.3.8.97
I/art     ( 8443): Background sticky concurrent mark sweep GC freed 18152(991KB) AllocSpace objects, 7(112KB) LOS objects, 6% free, 6MB/6MB, paused 5.847ms total 84.239ms
D/Taplytics( 8443): Starting taplytics version 1.7.13
W/System.err( 8443): remove failed: ENOTEMPTY (Directory not empty) : /data/data/com.tinder/cache/volley
W/System.err( 8443): remove failed: ENOTEMPTY (Directory not empty) : /data/data/com.tinder/cache/ion
W/System.err( 8443): remove failed: ENOTEMPTY (Directory not empty) : /data/data/com.tinder/cache/picasso-cache
D/KeyguardUpdateMonitor( 2610): received broadcast android.intent.action.BATTERY_CHANGED
I/PERF    ( 2610): received broadcast android.intent.action.BATTERY_CHANGED
D/KeyguardUpdateMonitor( 2610): handleBatteryUpdate
I/System.out( 8443): (HTTPLog)-Static: isSBSettingEnabled false
I/System.out( 8443): (HTTPLog)-Static: isShipBuild true
I/System.out( 8443): (HTTPLog)-Thread-18047-769433434: SmartBonding Enabling is false, SHIP_BUILD is true, log to file is false, DBG is false
I/System.out( 8443): (HTTPLog)-Thread-18047-769433434: SMARTBONDING_FEATURE_ENABLED is false
I/System.out( 8443): (HTTPLog)-Static: isSBSettingEnabled false
I/System.out( 8443): KnoxVpnUidStorageknoxVpnSupported API value returned is false
I/DBG_FMMDM(29999): [50.20.150813][Line:931][onReceive] Batter Changed
D/EnterpriseController( 1822): netId is 0
D/Netd    ( 1822): getNetworkForDns: using netid 505 for uid 10191
I/DBG_FMMDM(29999): [50.20.150813][Line:1283][xlawmoAdpGetUltraBatteryLevel] cnt: 70
I/DBG_FMMDM(29999): [50.20.150813][Line:1293][xlawmoAdpGetBatteryStatus] xlawmoAdpGetBatteryStatus
I/DBG_FMMDM(29999): [50.20.150813][Line:1295][xlawmoAdpGetBatteryStatus] 
I/DBG_FMMDM(29999): [50.20.150813][Line:1321][xlawmoAdpGetBatteryStatus] szBatteryStatus = CHARGING
I/DBG_FMMDM(29999): [50.20.150813][Line:529][xdbLawmoGetExtLastLoactionSet] LastLoactionSet : 0
I/DBG_FMMDM(29999): [50.20.150813][Line:360][xlawmoAdpGetLastLocationState] Device LastLocationMode state : 0
I/DBG_FMMDM(29999): [50.20.150813][Line:839][xdmBroadcastBatteryInfo] Battery Flag : 0
I/DBG_FMMDM(29999): [50.20.150813][Line:840][xdmBroadcastBatteryInfo] Battery szBatteryStatus : CHARGING
D/StatusBar.NetworkController( 2610): onDataActivity: direction=2
D/StatusBar.NetworkController( 2610): updateDataIcon, mDataDirectionIconId = com.android.systemui:drawable/stat_sys_data_fully_connected_3g mDataConnected = true
D/StatusBar.NetworkController( 2610): refreshViews connected={ data } level=4 combinedSignalIconId=0x7f02055a/com.android.systemui:drawable/stat_sys_signal_4_auto_rotate mobileLabel=HoT wifiLabel= emergencyOnly=false combinedLabel=HoT mAirplaneMode=false mDataActivity=2 mPhoneSignalIconId=0x7f02055a/com.android.systemui:drawable/stat_sys_signal_4_auto_rotate mQSPhoneSignalIconId=0x7f020156/com.android.systemui:drawable/ic_qs_signal_4 mDataDirectionIconId=0x7f0203cd/com.android.systemui:drawable/stat_sys_data_fully_connected_3g mDataSignalIconId=0x7f02055a/com.android.systemui:drawable/stat_sys_signal_4_auto_rotate mDataTypeIconId=0x7f020383/com.android.systemui:drawable/stat_sys_data_connected_3g mQSDataTypeIconId=0x7f020155/com.android.systemui:drawable/ic_qs_signal_3g mNoSimIconId=0x0/(null) mWifiIconId=0x0/(null) mQSWifiIconId=0x0/(null) mWifiActivityIconId=0x0/(null) mBluetoothTetherIconId=0x7f0205b6/com.android.systemui:drawable/stat_sys_tether_bluetooth
D/StatusBar.NetworkController( 2610): refreshNwBoosterIndicator - setNWBoosterIndicators(false)
D/StatusBar.NetworkController( 2610): refreshNwBoosterIndicator - setNWBoosterIndicators(false)
D/StatusBar.NetworkController( 2610): refreshNwBoosterIndicator - setNWBoosterIndicators(false)
D/StatusBar.NetworkController( 2610): refreshNwBoosterIndicator - setNWBoosterIndicators(false)
E/CursorWindow( 8443): Failed to read row 0, column -1 from a CursorWindow which has 21 rows, 22 columns.
W/ResourceType( 8443): Failure getting entry for 0x01080ad5 (t=7 e=2773) (error -75)
E/CursorWindow( 8443): Failed to read row 1, column -1 from a CursorWindow which has 21 rows, 22 columns.
E/CursorWindow( 8443): Failed to read row 2, column -1 from a CursorWindow which has 21 rows, 22 columns.
E/CursorWindow( 8443): Failed to read row 3, column -1 from a CursorWindow which has 21 rows, 22 columns.
W/ResourceType( 8443): Failure getting entry for 0x01080ad5 (t=7 e=2773) (error -75)
I/art     ( 8443): Background sticky concurrent mark sweep GC freed 17373(2MB) AllocSpace objects, 0(0B) LOS objects, 22% free, 7MB/10MB, paused 5.584ms total 85.502ms
D/AlarmManagerService( 2365): Kernel timezone updated to -120 minutes west of GMT
D/AirplaneModeTile( 2610): onServiceStateChanged(0) : 0
D/AirplaneModeTile( 2610): mPhoneStateListener - inAirplaneMode : false
D/AirplaneModeTile( 2610): Alert Dialog is not showing
D/AirplaneModeTile( 2610):  value : false, DB : 0
D/StatusBar.NetworkController( 2610): onServiceStateChanged voiceState=0 dataState=0
D/StatusBar.NetworkController( 2610): onServiceStateChanged mDataNetType=15
D/StatusBar.NetworkController( 2610): updateTelephonySignalStrength: hasService=true ss=SignalStrength: 16 0 -16 -200 -16 -200 -1 0 2147483647 2147483647 -200 0 2147483647 0x4 gsm|lte
D/StatusBar.NetworkController( 2610): updateTelephonySignalStrength: iconLevel=4
D/StatusBar.NetworkController( 2610): updateTelephonySignalStrength, No signal level. mPhoneSignalIconId = com.android.systemui:drawable/stat_sys_signal_4_auto_rotate mDataSignalIconId = com.android.systemui:drawable/stat_sys_signal_4_auto_rotate mQSPhoneSignalIconId = com.android.systemui:drawable/ic_qs_signal_4 mContentDescriptionPhoneSignal = Volle Signalstärke
D/StatusBar.NetworkController( 2610): getUpdateDataNetType(): 15
D/StatusBar.NetworkController( 2610): updateDataNetType()
D/StatusBar.NetworkController( 2610): Nothing, mRoamingIconId = 0
D/PR.PopupuiReceiver( 8092): >> onReceive() : android.intent.action.NETWORK_SET_TIMEZONE
D/PhoneWindow( 8443): *FMB* installDecor mIsFloating : false
D/PhoneWindow( 8443): *FMB* installDecor flags : -2139029248
D/StatusBar.NetworkController( 2610): updateDataIcon, mDataDirectionIconId = com.android.systemui:drawable/stat_sys_data_connected_h_plus mDataConnected = true
D/SecContentProvider2( 2365): query(), uri = -1 selection = getSealedState
D/SecContentProvider2( 2365): query(), uri = 15 selection = getSealedHideNotificationMessages
D/ConnectivityManager.CallbackHandler( 2610): CM callback handler got msg 524290
D/Mms:transaction( 8349): Service state changed: Bundle[mParcelledData.dataSize=1288]
D/Mms:transaction( 8349): roaming ------> false, mSimSlot = 0
D/ConnectivityManager.CallbackHandler( 2610): CM callback handler got msg 524294
D/Mms:transaction( 8349): roaming -> false (slotId = 0)
D/Mms:transaction( 8349): [NotificationTransaction] getAutoDownloadState simSlot : 0
E/ConnectivityService( 2365): updateNetworkInfo()
D/Mms:transaction( 8349): auto download without roaming -> true
D/Mms:transaction( 8349): [NotificationTransaction] getAutoDownloadState alwaysAuto : false, roaming : false
D/ConnectivityService( 2365): updateLinkProperties: newLp = {InterfaceName: rmnet0 LinkAddresses: [10.169.74.109/32,]  Routes: [0.0.0.0/0 -> 10.169.74.1 rmnet0,] DnsAddresses: [213.162.69.1,213.162.69.169,] Domains: null MTU: 0 TcpBufferSizes: 122334,734003,2202010,32040,192239,576717}, oldLp = {InterfaceName: rmnet0 LinkAddresses: [10.169.74.109/32,]  Routes: [0.0.0.0/0 -> 10.169.74.1 rmnet0,] DnsAddresses: [213.162.69.1,213.162.69.169,] Domains: null MTU: 0 TcpBufferSizes: 58254,349525,1048576,58254,349525,1048576}
D/Mms:transaction( 8349): mAutoDownload ------> true
D/ConnectivityManager.CallbackHandler(20824): CM callback handler got msg 524290
D/ConnectivityManager.CallbackHandler(20824): CM callback handler got msg 524294
D/ConnectivityManager.CallbackHandler(27714): CM callback handler got msg 524290
D/StatusBar.NetworkController( 2610): onDataConnectionStateChanged: state=2 type=15
D/StatusBar.NetworkController( 2610): getUpdateDataNetType(): 15
D/StatusBar.NetworkController( 2610): updateDataNetType()
I/PopupuiReceiver_KNOX( 8092): getSealedHideNotificationMessages : 0
D/SecContentProvider2( 2365): query(), uri = 15 selection = getCheckCoverPopupState
D/ConnectivityManager.CallbackHandler(27714): CM callback handler got msg 524294
I/SNL     (26096): Proxy service version is 2.7.9.2
I/SNL     (26096): SNL :: p_nc - Call(1)
I/SNL     (26096): SNL :: p_nc - version 0.2.7.9.2
I/SNL     (26096): SNL :: APM::onNotifyNetChange - Guard Locked
I/SNL     (26096): SNL :: APM::onNotifyNetChange - Guard Locked
I/SNL     (26096): SNL :: APM::onNotifyNetChange - end
I/SNL     (26096): SNL :: p_nc - Res()
I/PopupuiReceiver_KNOX( 8092): getCheckCoverPopupState : true
D/NtpTrustedTime( 2365): currentTimeMillis() cache hit
D/PhoneApp( 2845): PhoneAppBroadcastReceiver onReceive android.intent.action.SERVICE_STATE
D/PhoneMultiSimUtils( 2845): getPhoneBySubId: subId =1
D/StatusBar.NetworkController( 2610): Nothing, mRoamingIconId = 0
D/PR.PopupuiReceiver( 8092): NETWORK_SET_TIME prevMCCvalue : -111
D/PR.PopupuiReceiver( 8092): gsm.operator.numeric : 232
D/PR.PopupuiReceiver( 8092): MCC init : mccstrcmp
D/StatusChecker( 8108): onReceive : android.intent.action.SERVICE_STATE
D/StatusChecker( 8108): onReceive : SIMChangeAlertOption disabled return
D/StatusBar.NetworkController( 2610): updateDataIcon, mDataDirectionIconId = com.android.systemui:drawable/stat_sys_data_connected_h_plus mDataConnected = true
D/NotificationMgr( 2845): updateNetworkSelection()...serviceState = 0 networkSelection:  subId: 1 SimState:5
I/System.out( 8443): KnoxVpnUidStorageknoxVpnSupported API value returned is false
D/PhoneApp( 2845): PhoneAppBroadcastReceiver onReceive android.intent.action.ANY_DATA_STATE
D/FileWriteThread_Telephony( 2845): FileWriteThread : threadType = 2
E/CursorWindow( 8443): Failed to read row 4, column -1 from a CursorWindow which has 21 rows, 22 columns.
I/System.out( 8443): (HTTPLog)-Static: isSBSettingEnabled false
I/System.out( 8443): KnoxVpnUidStorageknoxVpnSupported API value returned is false
I/System.out( 8443): KnoxVpnUidStorageknoxVpnSupported API value returned is false
E/CursorWindow( 8443): Failed to read row 5, column -1 from a CursorWindow which has 21 rows, 22 columns.
E/CursorWindow( 8443): Failed to read row 6, column -1 from a CursorWindow which has 21 rows, 22 columns.
E/CursorWindow( 8443): Failed to read row 7, column -1 from a CursorWindow which has 21 rows, 22 columns.
D/StatusBar.NetworkController( 2610): refreshViews connected={ data } level=4 combinedSignalIconId=0x7f02055a/com.android.systemui:drawable/stat_sys_signal_4_auto_rotate mobileLabel=HoT wifiLabel= emergencyOnly=false combinedLabel=HoT mAirplaneMode=false mDataActivity=2 mPhoneSignalIconId=0x7f02055a/com.android.systemui:drawable/stat_sys_signal_4_auto_rotate mQSPhoneSignalIconId=0x7f020156/com.android.systemui:drawable/ic_qs_signal_4 mDataDirectionIconId=0x7f0203b6/com.android.systemui:drawable/stat_sys_data_connected_h_plus mDataSignalIconId=0x7f02055a/com.android.systemui:drawable/stat_sys_signal_4_auto_rotate mDataTypeIconId=0x7f0203b6/com.android.systemui:drawable/stat_sys_data_connected_h_plus mQSDataTypeIconId=0x0/(null) mNoSimIconId=0x0/(null) mWifiIconId=0x0/(null) mQSWifiIconId=0x0/(null) mWifiActivityIconId=0x0/(null) mBluetoothTetherIconId=0x7f0205b6/com.android.systemui:drawable/stat_sys_tether_bluetooth
D/StatusBar.NetworkController( 2610): refreshNwBoosterIndicator - setNWBoosterIndicators(false)
D/StatusBar.NetworkController( 2610): refreshNwBoosterIndicator - setNWBoosterIndicators(false)
D/StatusBar.NetworkController( 2610): refreshNwBoosterIndicator - setNWBoosterIndicators(false)
D/StatusBar.NetworkController( 2610): refreshNwBoosterIndicator - setNWBoosterIndicators(false)
W/ResourceType( 8443): For resource 0x7f070024, entry index(36) is beyond type entryCount(9)
D/NtpTrustedTime( 2365): currentTimeMillis() cache hit
D/NtpTrustedTime( 2365): currentTimeMillis() cache hit
D/NtpTrustedTime( 2365): currentTimeMillis() cache hit
D/ConnectivityManager.CallbackHandler( 2610): CM callback handler got msg 524295
D/ConnectivityManager.CallbackHandler(20824): CM callback handler got msg 524295
D/ConnectivityService( 2365): Not required to send intent.
D/ConnectivityManager.CallbackHandler( 2610): CM callback handler got msg 524295
D/ConnectivityManager.CallbackHandler(20824): CM callback handler got msg 524295
D/ConnectivityManager.CallbackHandler(27714): CM callback handler got msg 524295
D/ConnectivityManager.CallbackHandler(27714): CM callback handler got msg 524295
E/CursorWindow( 8443): Failed to read row 8, column -1 from a CursorWindow which has 21 rows, 22 columns.
W/System.err( 8443): remove failed: ENOENT (No such file or directory) : /data/data/com.tinder/cache/journal
W/System.err( 8443): remove failed: ENOENT (No such file or directory) : /data/data/com.tinder/cache/journal.bkp
D/EnterpriseController( 1822): netId is 0
D/Netd    ( 1822): getNetworkForDns: using netid 505 for uid 10191
I/qtaguid ( 8443): Tagging socket 38 with tag 702905a700000000{1881736615,0} uid -1, pid: 8443, getuid(): 10191
I/Appboy v1.10.0 .com.appboy.Appboy( 8443): Google Cloud Messaging found.  Setting up Google Cloud Messaging
I/Appboy v1.10.0 .bo.app.bn( 8443): com.amazon.device.messaging.ADM not found
I/Appboy v1.10.0 .bo.app.bu( 8443): Appboy Wearable service is not available. Declare <service android:name="com.appboy.services.AppboyWearableListenerService"/> in your appboy.xml to enable Appboy wearable service. See the Droidboy manifest for an example
E/CursorWindow( 8443): Failed to read row 9, column -1 from a CursorWindow which has 21 rows, 22 columns.
I/Appboy v1.10.0 .bo.app.bp( 8443): Location collection enabled via appboy.xml configuration.
W/System.err( 8443): remove failed: ENOTEMPTY (Directory not empty) : /data/data/com.tinder/cache/image_manager_disk_cache
I/Appboy v1.10.0 .bo.app.bp( 8443): Background location collection disabled via appboy.xml configuration.
I/Appboy v1.10.0 .bo.app.bp( 8443): Time interval override set to default for background location collection: 3600s.
I/Appboy v1.10.0 .bo.app.bp( 8443): Distance threshold override set to default for background location collection: 50.0m.
I/Appboy v1.10.0 .bo.app.bp( 8443): Using passive provider for fine-grained location collection.
I/Appboy v1.10.0 .bo.app.bp( 8443): Did not request background location updates. Background location collection is disabled.
E/CursorWindow( 8443): Failed to read row 10, column -1 from a CursorWindow which has 21 rows, 22 columns.
I/Appboy v1.10.0 .bo.app.ef( 8443): Found 3 sealed session rows.
E/CursorWindow( 8443): Failed to read row 11, column -1 from a CursorWindow which has 21 rows, 22 columns.
I/Appboy v1.10.0 .bo.app.br( 8443): Completed the openSession call. Starting or continuing session 47d2b803-4296-480b-b72f-43c50c7e3426
E/CursorWindow( 8443): Failed to read row 12, column -1 from a CursorWindow which has 21 rows, 22 columns.
D/LocationManagerService( 2365): request 33c48e8b passive Request[POWER_NONE passive fastest=0 num=1] from com.tinder(10191)
D/LocationManagerService( 2365): provider request: passive ProviderRequest[ON interval=0]
E/CursorWindow( 8443): Failed to read row 13, column -1 from a CursorWindow which has 21 rows, 22 columns.
E/CursorWindow( 8443): Failed to read row 14, column -1 from a CursorWindow which has 21 rows, 22 columns.
E/CursorWindow( 8443): Failed to read row 15, column -1 from a CursorWindow which has 21 rows, 22 columns.
D/StatusBar.NetworkController( 2610): onDataActivity: direction=3
D/ViewRootImpl( 8443): Buffer Count from app info with  ::-1 && -1 for :: com.tinder from View :: -1 DBQ Enabled ::false false
D/StatusBar.NetworkController( 2610): updateDataIcon, mDataDirectionIconId = com.android.systemui:drawable/stat_sys_data_connected_h_plus mDataConnected = true
D/OpenGLRenderer( 8443): Use EGL_SWAP_BEHAVIOR_PRESERVED: false
E/CursorWindow( 8443): Failed to read row 16, column -1 from a CursorWindow which has 21 rows, 22 columns.
D/ActivityManager( 2365): post active user change for 0 fullscreen true isFloatingActivity() false isHomeActivity() false
D/KnoxTimeoutHandler( 2365): postActiveUserChange for user 0
I/KnoxTimeoutHandler( 2365): postActiveUserChange, showWhenLocked: false
D/KnoxTimeoutHandler( 2365): handleActiveUserChange for user 0
I/KnoxTimeoutHandler( 2365): Shared devices show user statefalse
D/EnterpriseController( 1822): netId is 0
D/Netd    ( 1822): getNetworkForDns: using netid 505 for uid 10191
E/CursorWindow( 8443): Failed to read row 17, column -1 from a CursorWindow which has 21 rows, 22 columns.
D/PhoneWindow( 8443): *FMB* isFloatingMenuEnabled mFloatingMenuBtn : null
D/PhoneWindow( 8443): *FMB* isFloatingMenuEnabled return false
E/CursorWindow( 8443): Failed to read row 18, column -1 from a CursorWindow which has 21 rows, 22 columns.
I/SurfaceFlinger( 1811): id=2197 createSurf (1x1),1 flag=404, BctivityLog
I/qtaguid ( 8443): Tagging socket 49 with tag e36793d200000000{3815216082,0} uid -1, pid: 8443, getuid(): 10191
E/CursorWindow( 8443): Failed to read row 19, column -1 from a CursorWindow which has 21 rows, 22 columns.
I/System.out( 8443): (HTTPLog)-Static: isSBSettingEnabled false
I/System.out( 8443): KnoxVpnUidStorageknoxVpnSupported API value returned is false
D/EnterpriseController( 1822): netId is 0
D/Netd    ( 1822): getNetworkForDns: using netid 505 for uid 10191
E/CursorWindow( 8443): Failed to read row 20, column -1 from a CursorWindow which has 21 rows, 22 columns.
D/InputDispatcher( 2365): Focus entered window: 8443
D/StatusBar.NetworkController( 2610): refreshViews connected={ data } level=4 combinedSignalIconId=0x7f02055a/com.android.systemui:drawable/stat_sys_signal_4_auto_rotate mobileLabel=HoT wifiLabel= emergencyOnly=false combinedLabel=HoT mAirplaneMode=false mDataActivity=3 mPhoneSignalIconId=0x7f02055a/com.android.systemui:drawable/stat_sys_signal_4_auto_rotate mQSPhoneSignalIconId=0x7f020156/com.android.systemui:drawable/ic_qs_signal_4 mDataDirectionIconId=0x7f0203b6/com.android.systemui:drawable/stat_sys_data_connected_h_plus mDataSignalIconId=0x7f02055a/com.android.systemui:drawable/stat_sys_signal_4_auto_rotate mDataTypeIconId=0x7f0203b6/com.android.systemui:drawable/stat_sys_data_connected_h_plus mQSDataTypeIconId=0x0/(null) mNoSimIconId=0x0/(null) mWifiIconId=0x0/(null) mQSWifiIconId=0x0/(null) mWifiActivityIconId=0x0/(null) mBluetoothTetherIconId=0x7f0205b6/com.android.systemui:drawable/stat_sys_tether_bluetooth
D/StatusBar.NetworkController( 2610): refreshNwBoosterIndicator - setNWBoosterIndicators(false)
D/StatusBar.NetworkController( 2610): refreshNwBoosterIndicator - setNWBoosterIndicators(false)
D/StatusBar.NetworkController( 2610): refreshNwBoosterIndicator - setNWBoosterIndicators(false)
D/StatusBar.NetworkController( 2610): refreshNwBoosterIndicator - setNWBoosterIndicators(false)
D/PointerIcon( 2365): setMouseIconStyle1 pointerType: 1001 iconType:101 flag:0 pid:2365 uid:1000
D/PointerIcon( 2365): setMouseCustomIcon IconType is same.101
D/PointerIcon( 2365): setHoveringSpenIconStyle1 pointerType: 10001 iconType:1 flag:0 pid:2365 uid:1000
D/PointerIcon( 2365): setHoveringSpenCustomIcon IconType is same.1
D/SRIB_DCS( 8443): log_dcs ThreadedRenderer::initialize entered! 
I/System.out( 8443): KnoxVpnUidStorageknoxVpnSupported API value returned is false
I/qtaguid ( 8443): Tagging socket 47 with tag 69e9615400000000{1776902484,0} uid -1, pid: 8443, getuid(): 10191
D/libEGL  ( 8443): loaded /system/lib/egl/libEGL_mali.so
D/libEGL  ( 8443): loaded /system/lib/egl/libGLESv1_CM_mali.so
D/libEGL  ( 8443): loaded /system/lib/egl/libGLESv2_mali.so
I/Mali    ( 8443): Mali API Version : 401
I/Mali    ( 8443): Mali REVISION: Linux-r4p0-00rel0  BUILD_DATE: 2014-11-10 20:23:11 
D/libEGL  ( 8443): eglInitialize EGLDisplay = 0x5710dc54
I/OpenGLRenderer( 8443): Initialized EGL, version 1.4
I/OpenGLRenderer( 8443): HWUI protection enabled for context ,  &this =0x427fe3a0 ,&mEglDisplay = 1 , &mEglConfig = 1610612746 
D/OpenGLRenderer( 8443): Get maximum texture size. GL_MAX_TEXTURE_SIZE is 4096
D/OpenGLRenderer( 8443): Enabling debug mode 0
